---
source: tests/model.rs
expression: model
---
name: BLEND    BRUCE MURTAGHS BLENDING PROBLEM (MINIMIZE).
row_types:
  "4": Eq
  "72": Leq
  "33": Eq
  "7": Eq
  "25": Eq
  "21": Eq
  "36": Eq
  "14": Eq
  "48": Leq
  "19": Eq
  "9": Eq
  "57": Leq
  "56": Leq
  "71": Leq
  "26": Eq
  "64": Leq
  "50": Leq
  "44": Leq
  "60": Leq
  "40": Eq
  "59": Leq
  "66": Leq
  "24": Eq
  "58": Leq
  "42": Eq
  "18": Eq
  "1": Eq
  "27": Eq
  "31": Eq
  "54": Leq
  "12": Eq
  "23": Eq
  "11": Eq
  "13": Eq
  "28": Eq
  "53": Leq
  "65": Leq
  "70": Leq
  "30": Eq
  "63": Leq
  "46": Leq
  "8": Eq
  "73": Leq
  "74": Leq
  "45": Leq
  "38": Eq
  C: Nr
  "10": Eq
  "17": Eq
  "35": Eq
  "62": Leq
  "16": Eq
  "39": Eq
  "20": Eq
  "61": Leq
  "67": Leq
  "22": Eq
  "29": Eq
  "32": Eq
  "5": Eq
  "6": Eq
  "37": Eq
  "41": Eq
  "43": Eq
  "49": Leq
  "68": Leq
  "2": Eq
  "3": Eq
  "52": Leq
  "69": Leq
  "47": Leq
  "51": Leq
  "55": Leq
  "15": Eq
  "34": Eq
values:
  ? - "41"
    - "14"
  : -0.156
  ? - "19"
    - "48"
  : 1
  ? - "57"
    - "50"
  : -9.14
  ? - "40"
    - "20"
  : -0.0654
  ? - "13"
    - "27"
  : 1
  ? - "24"
    - "21"
  : -0.078
  ? - "33"
    - "40"
  : -1
  ? - "55"
    - "41"
  : -0.333
  ? - "3"
    - "2"
  : -0.117
  ? - "32"
    - "34"
  : -1
  ? - "35"
    - "67"
  : -1
  ? - "41"
    - "8"
  : 0.094
  ? - "54"
    - "41"
  : 0.205
  ? - "27"
    - "32"
  : 1
  ? - "69"
    - "14"
  : 1
  ? - "32"
    - "35"
  : -1
  ? - "26"
    - "19"
  : -0.0328
  ? - "32"
    - "37"
  : 1
  ? - "36"
    - "49"
  : -1
  ? - "41"
    - "71"
  : -0.325
  ? - "29"
    - "68"
  : 1
  ? - C
    - "1"
  : 3.2
  ? - "36"
    - "48"
  : -1
  ? - "11"
    - "5"
  : -0.028
  ? - "59"
    - "51"
  : 66
  ? - "28"
    - "19"
  : -0.2922
  ? - "9"
    - "4"
  : -0.0112
  ? - "40"
    - "1"
  : 0.003
  ? - "13"
    - "21"
  : -0.0564
  ? - "35"
    - "64"
  : -1
  ? - C
    - "19"
  : 0.0528
  ? - "12"
    - "59"
  : 1
  ? - "14"
    - "12"
  : 1
  ? - "24"
    - "24"
  : 0.5714
  ? - "2"
    - "1"
  : -0.537
  ? - "39"
    - "71"
  : 1
  ? - "65"
    - "21"
  : 1
  ? - "53"
    - "41"
  : 3.5
  ? - "32"
    - "32"
  : -1
  ? - "59"
    - "53"
  : -9.5
  ? - "15"
    - "9"
  : -1
  ? - "65"
    - "63"
  : 1
  ? - "32"
    - "28"
  : -1
  ? - "62"
    - "70"
  : -10.1
  ? - "40"
    - "3"
  : 0.01303
  ? - "30"
    - "23"
  : -1
  ? - "25"
    - "23"
  : 0.5714
  ? - "49"
    - "29"
  : -1
  ? - "41"
    - "7"
  : 0.0506
  ? - "63"
    - "59"
  : -0.8
  ? - "45"
    - "28"
  : -8.7
  ? - "63"
    - "58"
  : -14
  ? - "61"
    - "47"
  : -1
  ? - "10"
    - "7"
  : -0.3285
  ? - "58"
    - "51"
  : -3
  ? - "41"
    - "13"
  : -0.2112
  ? - "56"
    - "52"
  : -0.426
  ? - "42"
    - "6"
  : 0.209
  ? - "36"
    - "50"
  : -1
  ? - C
    - "2"
  : 2.87
  ? - "15"
    - "13"
  : 1
  ? - "64"
    - "58"
  : 14
  ? - C
    - "80"
  : 0.4
  ? - "41"
    - "73"
  : -4.316
  ? - "12"
    - "8"
  : 1
  ? - "9"
    - "54"
  : -1
  ? - "2"
    - "3"
  : 1
  ? - "47"
    - "35"
  : 66
  ? - "50"
    - "42"
  : -9.26
  ? - "10"
    - "79"
  : -0.5
  ? - "40"
    - "19"
  : -0.0654
  ? - "42"
    - "24"
  : 2.067
  ? - "61"
    - "53"
  : 0.5
  ? - "60"
    - "46"
  : 1
  ? - "41"
    - "2"
  : 0.1053
  ? - "62"
    - "68"
  : 8.05
  ? - "31"
    - "34"
  : 1
  ? - "9"
    - "7"
  : -0.2836
  ? - "25"
    - "22"
  : -0.0655
  ? - "43"
    - "4"
  : 0.721
  ? - "28"
    - "21"
  : -0.305
  ? - "45"
    - "34"
  : -10.1
  ? - "55"
    - "38"
  : -1
  ? - "24"
    - "26"
  : 1
  ? - "42"
    - "4"
  : 0.185
  ? - "47"
    - "29"
  : 12
  ? - "43"
    - "21"
  : 0.6807
  ? - "48"
    - "35"
  : 1
  ? - "11"
    - "28"
  : 1
  ? - "58"
    - "47"
  : -3
  ? - "65"
    - "22"
  : 1
  ? - "62"
    - "64"
  : 10.1
  ? - "11"
    - "3"
  : -0.199
  ? - "53"
    - "38"
  : 14
  ? - "43"
    - "15"
  : 14.61
  ? - "25"
    - "25"
  : 1
  ? - "29"
    - "20"
  : -0.0096
  ? - "46"
    - "36"
  : 1
  ? - "50"
    - "38"
  : -7.98
  ? - "48"
    - "30"
  : 0.233
  ? - "57"
    - "53"
  : 9.05
  ? - "5"
    - "67"
  : 1
  ? - C
    - "23"
  : 0.128
  ? - "10"
    - "5"
  : -0.27
  ? - "41"
    - "5"
  : 0.0506
  ? - "67"
    - "1"
  : 1
  ? - "10"
    - "26"
  : -1
  ? - "49"
    - "32"
  : -0.509
  ? - "74"
    - "45"
  : 0.35
  ? - "42"
    - "23"
  : 2.241
  ? - "54"
    - "38"
  : 1
  ? - "16"
    - "12"
  : -1
  ? - "50"
    - "43"
  : -9.77
  ? - "52"
    - "38"
  : -3
  ? - "40"
    - "13"
  : 0.0081
  ? - "59"
    - "48"
  : 3.5
  ? - "17"
    - "7"
  : 1
  ? - "45"
    - "30"
  : -9.57
  ? - C
    - "52"
  : 0.0924
  ? - "46"
    - "30"
  : -3
  ? - "45"
    - "32"
  : -9.22
  ? - "3"
    - "62"
  : 1
  ? - "44"
    - "30"
  : -9.43
  ? - "58"
    - "49"
  : -3
  ? - "28"
    - "69"
  : 1
  ? - "24"
    - "76"
  : 1
  ? - "60"
    - "47"
  : 1
  ? - "42"
    - "13"
  : 0.387
  ? - C
    - "13"
  : 0.07
  ? - "46"
    - "32"
  : -3
  ? - "55"
    - "40"
  : -0.358
  ? - "44"
    - "29"
  : -8.84
  ? - "11"
    - "7"
  : -0.0241
  ? - "56"
    - "48"
  : -9.47
  ? - "73"
    - "53"
  : -0.36
  ? - "35"
    - "70"
  : 1
  ? - "38"
    - "59"
  : -1
  ? - "5"
    - "15"
  : 1
  ? - "53"
    - "45"
  : -9.5
  ? - "60"
    - "49"
  : 0.205
  ? - "70"
    - "18"
  : 1
  ? - "65"
    - "3"
  : 1
  ? - "46"
    - "29"
  : -3
  ? - "21"
    - "16"
  : -0.3321
  ? - "43"
    - "14"
  : 0.792
  ? - "10"
    - "20"
  : -0.0185
  ? - "22"
    - "10"
  : 1
  ? - "23"
    - "15"
  : -0.362
  ? - "10"
    - "35"
  : 1
  ? - "33"
    - "42"
  : -1
  ? - "34"
    - "61"
  : -1
  ? - "66"
    - "66"
  : 1
  ? - "9"
    - "6"
  : -0.271
  ? - "11"
    - "4"
  : -0.1502
  ? - "24"
    - "19"
  : -0.0806
  ? - "47"
    - "28"
  : 14
  ? - "45"
    - "37"
  : 10.03
  ? - "66"
    - "16"
  : 1
  ? - "43"
    - "7"
  : 0.495
  ? - "41"
    - "74"
  : -3.814
  ? - "43"
    - "22"
  : 0.6807
  ? - "40"
    - "6"
  : 0.01303
  ? - "61"
    - "50"
  : -0.509
  ? - "41"
    - "1"
  : 0.0587
  ? - "43"
    - "83"
  : -1
  ? - "52"
    - "42"
  : -3
  ? - "9"
    - "25"
  : -1
  ? - "39"
    - "15"
  : 2.3
  ? - C
    - "16"
  : 0.155
  ? - "65"
    - "19"
  : 1
  ? - "10"
    - "21"
  : -0.0184
  ? - "15"
    - "11"
  : -1
  ? - "55"
    - "43"
  : -1
  ? - "51"
    - "39"
  : -9.33
  ? - "10"
    - "43"
  : 1
  ? - "24"
    - "20"
  : -0.0806
  ? - C
    - "44"
  : 0.0924
  ? - "59"
    - "49"
  : 3.5
  ? - "50"
    - "45"
  : 9.65
  ? - "54"
    - "45"
  : -0.5
  ? - "59"
    - "50"
  : 6
  ? - "45"
    - "33"
  : -9.85
  ? - "42"
    - "2"
  : 0.185
  ? - "11"
    - "6"
  : -0.0255
  ? - "48"
    - "37"
  : -0.5
  ? - "57"
    - "52"
  : -0.204
  ? - "50"
    - "44"
  : -0.435
  ? - "62"
    - "67"
  : 6.9
  ? - "56"
    - "49"
  : -9.07
  ? - "44"
    - "33"
  : -9.4
  ? - "6"
    - "2"
  : -0.2217
  ? - "13"
    - "22"
  : -0.0564
  ? - "73"
    - "37"
  : 0.64
  ? - "57"
    - "51"
  : -9.79
  ? - "51"
    - "38"
  : -8.58
  ? - "50"
    - "2"
  : -0.00862
  ? - "48"
    - "32"
  : 0.381
  ? - "16"
    - "14"
  : 1
  ? - "18"
    - "14"
  : -0.0404
  ? - "23"
    - "18"
  : -0.293
  ? - "65"
    - "4"
  : 1
  ? - "33"
    - "45"
  : 1
  ? - "39"
    - "2"
  : 0.0042
  ? - "21"
    - "5"
  : 1
  ? - "38"
    - "58"
  : -1
  ? - "55"
    - "45"
  : 0.5
  ? - "46"
    - "31"
  : -3
  ? - "64"
    - "59"
  : 0.8
  ? - "39"
    - "13"
  : -0.8239
  ? - "4"
    - "21"
  : 1
  ? - "43"
    - "18"
  : 14.61
  ? - "6"
    - "16"
  : 1
  ? - "55"
    - "42"
  : -0.509
  ? - "33"
    - "41"
  : -1
  ? - "51"
    - "41"
  : -9.2
  ? - "27"
    - "21"
  : -0.475
  ? - C
    - "14"
  : 0.0378
  ? - C
    - "24"
  : 0.118
  ? - "39"
    - "18"
  : 2.3
  ? - "10"
    - "22"
  : -0.0184
  ? - "32"
    - "31"
  : -1
  ? - "4"
    - "1"
  : -0.1155
  ? - "42"
    - "18"
  : 0.826
  ? - "47"
    - "33"
  : 2.5
  ? - C
    - "20"
  : 0.0528
  ? - "32"
    - "29"
  : -1
  ? - "39"
    - "8"
  : 0.0327
  ? - "49"
    - "31"
  : -0.333
  ? - "41"
    - "15"
  : -0.2049
  ? - "7"
    - "64"
  : 1
  ? - "51"
    - "2"
  : -0.00862
  ? - "22"
    - "15"
  : -0.5875
  ? - "42"
    - "20"
  : 0.632
  ? - C
    - "63"
  : -3.6
  ? - "60"
    - "53"
  : -0.5
  ? - C
    - "53"
  : -4.51
  ? - "37"
    - "56"
  : -1
  ? - C
    - "21"
  : 0.0528
  ? - "43"
    - "6"
  : 0.495
  ? - "23"
    - "16"
  : -0.362
  ? - "52"
    - "43"
  : -3
  ? - "9"
    - "55"
  : 1
  ? - "6"
    - "66"
  : 1
  ? - "42"
    - "15"
  : 0.826
  ? - "5"
    - "2"
  : -0.1233
  ? - "72"
    - "24"
  : 1
  ? - "43"
    - "16"
  : 14.61
  ? - "46"
    - "35"
  : -3
  ? - "68"
    - "2"
  : 1
  ? - "23"
    - "47"
  : 1
  ? - "71"
    - "20"
  : 1
  ? - "20"
    - "14"
  : -0.8564
  ? - "13"
    - "4"
  : -0.0099
  ? - "19"
    - "13"
  : -0.8145
  ? - "22"
    - "17"
  : -0.6627
  ? - "62"
    - "65"
  : 12.63
  ? - C
    - "83"
  : 0.01
  ? - "65"
    - "67"
  : 1
  ? - "66"
    - "20"
  : 1
  ? - "51"
    - "45"
  : 9.65
  ? - "41"
    - "77"
  : 1.42
  ? - "44"
    - "37"
  : 10.03
  ? - "62"
    - "69"
  : 4.4
  ? - "26"
    - "54"
  : 1
  ? - "56"
    - "47"
  : -8.88
  ? - "27"
    - "20"
  : -0.4934
  ? - "34"
    - "62"
  : -1
  ? - "41"
    - "21"
  : -0.2703
  ? - "1"
    - "4"
  : 1
  ? - "49"
    - "33"
  : -0.77
  ? - "49"
    - "37"
  : 0.5
  ? - "48"
    - "28"
  : 1
  ? - "30"
    - "33"
  : 1
  ? - "49"
    - "28"
  : -1
  ? - "33"
    - "43"
  : -1
  ? - "44"
    - "32"
  : -9.23
  ? - "49"
    - "34"
  : -0.58
  ? - "5"
    - "1"
  : -0.0365
  ? - "4"
    - "2"
  : -0.0649
  ? - "11"
    - "46"
  : 1
  ? - "4"
    - "61"
  : 1
  ? - "55"
    - "39"
  : -1
  ? - "6"
    - "1"
  : -0.143
  ? - "51"
    - "44"
  : -0.208
  ? - "42"
    - "16"
  : 0.826
  ? - "45"
    - "35"
  : -9.9
  ? - "34"
    - "63"
  : 1
  ? - "41"
    - "72"
  : -4.153
  ? - "10"
    - "56"
  : 1
  ? - "43"
    - "17"
  : 14.61
  ? - "60"
    - "51"
  : 1
  ? - "74"
    - "37"
  : 0.35
  ? - "52"
    - "41"
  : -3
  ? - C
    - "17"
  : 0.155
  ? - "65"
    - "15"
  : 1
  ? - "44"
    - "28"
  : -7.95
  ? - "21"
    - "15"
  : -0.3321
  ? - "25"
    - "20"
  : -0.0658
  ? - "36"
    - "51"
  : -1
  ? - "10"
    - "4"
  : -0.0378
  ? - "58"
    - "48"
  : -3
  ? - "32"
    - "33"
  : -1
  ? - "54"
    - "42"
  : 0.318
  ? - "71"
    - "22"
  : 1
  ? - "28"
    - "18"
  : 1
  ? - C
    - "15"
  : 0.155
  ? - "23"
    - "29"
  : 1
  ? - "33"
    - "38"
  : -1
  ? - "54"
    - "39"
  : 1
  ? - "57"
    - "49"
  : -9.21
  ? - "20"
    - "49"
  : 1
  ? - "42"
    - "1"
  : 0.15
  ? - "41"
    - "76"
  : -4.44
  ? - "42"
    - "17"
  : 0.826
  ? - "23"
    - "39"
  : 1
  ? - "70"
    - "15"
  : 1
  ? - "57"
    - "47"
  : -9.34
  ? - "4"
    - "17"
  : 1
  ? - "57"
    - "48"
  : -9.46
  ? - "58"
    - "50"
  : -3
  ? - "50"
    - "40"
  : -9.46
  ? - "41"
    - "81"
  : 1
  ? - "24"
    - "22"
  : -0.078
  ? - "38"
    - "60"
  : 1
  ? - "47"
    - "30"
  : 3.5
  ? - "41"
    - "18"
  : -0.1531
  ? - "50"
    - "41"
  : -9.06
  ? - "10"
    - "3"
  : -0.0563
  ? - "11"
    - "58"
  : 1
  ? - "51"
    - "42"
  : -9.13
  ? - "43"
    - "20"
  : 0.6807
  ? - "36"
    - "47"
  : -1
  ? - "17"
    - "13"
  : -0.0588
  ? - "42"
    - "82"
  : -1
  ? - "18"
    - "6"
  : 1
  ? - "42"
    - "8"
  : 0.045
  ? - "27"
    - "19"
  : -0.4934
  ? - "40"
    - "2"
  : 0.003
  ? - "53"
    - "43"
  : 66
  ? - "19"
    - "40"
  : 1
  ? - "35"
    - "68"
  : -1
  ? - "56"
    - "2"
  : -0.0101
  ? - "64"
    - "60"
  : -3
  ? - "48"
    - "31"
  : 0.205
  ? - C
    - "8"
  : 0.0044
  ? - "44"
    - "36"
  : -0.493
  ? - "12"
    - "4"
  : -0.7953
  ? - "39"
    - "16"
  : 2.3
  ? - "43"
    - "24"
  : 2.552
  ? - "9"
    - "74"
  : 1
  ? - "43"
    - "5"
  : 0.495
  ? - "43"
    - "19"
  : 0.6807
  ? - C
    - "18"
  : 0.155
  ? - "45"
    - "31"
  : -9.32
  ? - "40"
    - "7"
  : 0.01303
  ? - "12"
    - "3"
  : -0.6873
  ? - "41"
    - "19"
  : -0.2535
  ? - "54"
    - "43"
  : 1
  ? - "3"
    - "22"
  : 1
  ? - "27"
    - "50"
  : 1
  ? - "41"
    - "4"
  : 0.0448
  ? - C
    - "22"
  : 0.0528
  ? - "32"
    - "30"
  : -1
  ? - "13"
    - "72"
  : 1
  ? - "9"
    - "5"
  : -0.175
  ? - "40"
    - "78"
  : 1
  ? - "41"
    - "23"
  : 0.2796
  ? - "43"
    - "2"
  : 0.384
  ? - "56"
    - "46"
  : -7.99
  ? - "10"
    - "6"
  : -0.3285
  ? - "9"
    - "3"
  : -0.0277
  ? - "49"
    - "35"
  : -1
  ? - "47"
    - "37"
  : -9.5
  ? - "35"
    - "69"
  : -1
  ? - C
    - "37"
  : -5.36
  ? - C
    - "36"
  : 0.0924
  ? - "22"
    - "18"
  : -0.6627
  ? - "41"
    - "20"
  : -0.2535
  ? - "10"
    - "24"
  : -0.0114
  ? - "44"
    - "31"
  : -9.03
  ? - C
    - "82"
  : 0.0132
  ? - "26"
    - "21"
  : -0.0303
  ? - "40"
    - "14"
  : 0.0063
  ? - "63"
    - "60"
  : 2
  ? - "28"
    - "22"
  : -0.305
  ? - "40"
    - "23"
  : 0.1869
  ? - C
    - "70"
  : -2
  ? - "42"
    - "7"
  : 0.209
  ? - C
    - "79"
  : 3
  ? - "43"
    - "1"
  : 0.302
  ? - "25"
    - "19"
  : -0.0658
  ? - "41"
    - "17"
  : -0.1531
  ? - "73"
    - "45"
  : -0.36
  ? - "65"
    - "17"
  : 1
  ? - "54"
    - "40"
  : 0.233
  ? - "40"
    - "24"
  : 0.1724
  ? - "41"
    - "6"
  : 0.0506
  ? - "44"
    - "34"
  : -9.74
  ? - "40"
    - "21"
  : -0.0654
  ? - "40"
    - "5"
  : 0.01303
  ? - "14"
    - "11"
  : 1
  ? - "40"
    - "22"
  : -0.0654
  ? - "19"
    - "30"
  : 1
  ? - "70"
    - "16"
  : 1
  ? - "44"
    - "35"
  : -9.74
  ? - "48"
    - "33"
  : 0.39
  ? - "59"
    - "46"
  : 14
  ? - "33"
    - "39"
  : -1
  ? - "60"
    - "48"
  : 0.233
  ? - "42"
    - "22"
  : 0.632
  ? - "10"
    - "27"
  : -1
  ? - "56"
    - "50"
  : -9.27
  ? - "37"
    - "55"
  : -1
  ? - "37"
    - "57"
  : 1
  ? - "42"
    - "3"
  : 0.209
  ? - "47"
    - "32"
  : 6
  ? - C
    - "45"
  : -5.08
  ? - "59"
    - "47"
  : 12
  ? - "57"
    - "2"
  : -0.0101
  ? - "13"
    - "6"
  : -0.2656
  ? - "16"
    - "10"
  : -1
  ? - "42"
    - "5"
  : 0.209
  ? - "36"
    - "46"
  : -1
  ? - "57"
    - "46"
  : -8.59
  ? - "58"
    - "52"
  : 1
  ? - "8"
    - "65"
  : 1
  ? - "70"
    - "17"
  : 1
  ? - "13"
    - "5"
  : -0.455
  ? - "28"
    - "20"
  : -0.2922
  ? - "13"
    - "19"
  : -0.0568
  ? - "7"
    - "1"
  : -0.037
  ? - "53"
    - "40"
  : 3.5
  ? - "21"
    - "17"
  : -0.2414
  ? - "60"
    - "50"
  : 0.318
  ? - "62"
    - "66"
  : 8.05
  ? - "41"
    - "22"
  : -0.2703
  ? - "10"
    - "73"
  : 1
  ? - "23"
    - "13"
  : -0.0091
  ? - C
    - "60"
  : -4.2
  ? - "14"
    - "8"
  : -1
  ? - "25"
    - "21"
  : -0.0655
  ? - "31"
    - "24"
  : -1
  ? - "21"
    - "18"
  : -0.2414
  ? - "13"
    - "24"
  : 0.6571
  ? - "3"
    - "1"
  : -0.131
  ? - "13"
    - "7"
  : -0.2502
  ? - "1"
    - "2"
  : -0.2931
  ? - "41"
    - "3"
  : 0.0506
  ? - "26"
    - "20"
  : -0.0328
  ? - "41"
    - "16"
  : -0.2049
  ? - "6"
    - "20"
  : 1
  ? - "61"
    - "46"
  : -1
  ? - "35"
    - "66"
  : -1
  ? - "20"
    - "41"
  : 1
  ? - "61"
    - "48"
  : -0.358
  ? - "43"
    - "3"
  : 0.495
  ? - "45"
    - "36"
  : -0.165
  ? - "48"
    - "29"
  : 1
  ? - "61"
    - "49"
  : -0.333
  ? - "48"
    - "34"
  : 0.233
  ? - "52"
    - "40"
  : -3
  ? - C
    - "77"
  : 0.04
  ? - "50"
    - "39"
  : -8.87
  ? - "27"
    - "42"
  : 1
  ? - "71"
    - "19"
  : 1
  ? - "11"
    - "38"
  : 1
  ? - "58"
    - "46"
  : -3
  ? - "46"
    - "33"
  : -3
  ? - "13"
    - "23"
  : 0.76
  ? - "5"
    - "19"
  : 1
  ? - "53"
    - "39"
  : 12
  ? - "39"
    - "14"
  : -0.7689
  ? - "52"
    - "44"
  : 1
  ? - "35"
    - "65"
  : -1
  ? - "26"
    - "22"
  : -0.0303
  ? - "46"
    - "28"
  : -3
  ? - "51"
    - "43"
  : -9.78
  ? - "74"
    - "53"
  : -0.65
  ? - "41"
    - "24"
  : 0.2579
  ? - "56"
    - "51"
  : -9.78
  ? - "43"
    - "23"
  : 2.766
  ? - "61"
    - "51"
  : -1
  ? - "23"
    - "17"
  : -0.293
  ? - "39"
    - "17"
  : 2.3
  ? - "45"
    - "29"
  : -9.45
  ? - "47"
    - "31"
  : 3.5
  ? - "23"
    - "14"
  : -0.0069
  ? - "53"
    - "42"
  : 6
  ? - "8"
    - "2"
  : -0.18
  ? - "69"
    - "13"
  : 1.3
  ? - "10"
    - "19"
  : -0.0185
  ? - "36"
    - "53"
  : 1
  ? - "40"
    - "4"
  : 0.01303
  ? - C
    - "57"
  : -2.75
  ? - "42"
    - "14"
  : 0.297
  ? - "43"
    - "13"
  : 1.03
  ? - "42"
    - "21"
  : 0.632
  ? - "20"
    - "31"
  : 1
  ? - "56"
    - "53"
  : 9.05
  ? - "49"
    - "30"
  : -0.358
  ? - "47"
    - "34"
  : 3.3
  ? - "51"
    - "40"
  : -9.45
  ? - "13"
    - "79"
  : -0.5
  ? - "22"
    - "9"
  : 1
  ? - "27"
    - "22"
  : -0.475
  ? - "41"
    - "80"
  : -1
  ? - "13"
    - "3"
  : -0.017
  ? - "29"
    - "19"
  : -0.0096
  ? - "46"
    - "34"
  : -3
  ? - "52"
    - "39"
  : -3
  ? - "72"
    - "23"
  : 1
  ? - "25"
    - "75"
  : 1
  ? - "71"
    - "21"
  : 1
  ? - "40"
    - "77"
  : -1
  ? - "42"
    - "19"
  : 0.632
  ? - "43"
    - "8"
  : 0.793
  ? - "10"
    - "51"
  : 1
  ? - "13"
    - "20"
  : -0.0568
  ? - "22"
    - "16"
  : -0.5875
  ? - "9"
    - "24"
  : -0.0571
  ? - "41"
    - "75"
  : -3.808
rhs:
  "":
    "67": 26.32
    "65": 23.26
    "66": 5.25
    "68": 21.05
    "69": 13.45
    "71": 10
    "70": 2.58
    "72": 10
bounds: {}
ranges: {}

