---
source: tests/model.rs
expression: model
---
name: SC205
row_types:
  ROW00076: Leq
  ROW00001: Leq
  ROW00143: Leq
  ROW00053: Leq
  ROW00182: Eq
  ROW00190: Leq
  ROW00195: Eq
  ROW00150: Eq
  ROW00009: Leq
  ROW00134: Leq
  ROW00131: Leq
  ROW00183: Eq
  ROW00020: Leq
  ROW00171: Eq
  ROW00176: Leq
  ROW00109: Leq
  ROW00152: Leq
  ROW00051: Eq
  ROW00086: Leq
  ROW00037: Eq
  ROW00121: Leq
  ROW00146: Leq
  ROW00045: Leq
  ROW00181: Eq
  ROW00026: Eq
  ROW00010: Leq
  ROW00104: Eq
  ROW00166: Leq
  ROW00068: Leq
  ROW00102: Eq
  ROW00096: Leq
  ROW00180: Eq
  ROW00054: Leq
  ROW00046: Leq
  ROW00099: Leq
  ROW00017: Eq
  ROW00041: Leq
  ROW00052: Leq
  ROW00060: Eq
  ROW00087: Leq
  ROW00012: Leq
  ROW00078: Leq
  ROW00094: Eq
  ROW00136: Eq
  ROW00185: Leq
  ROW00199: Leq
  ROW00200: Leq
  ROW00035: Leq
  ROW00112: Leq
  ROW00013: Leq
  ROW00084: Eq
  ROW00114: Eq
  ROW00024: Leq
  ROW00116: Eq
  ROW00073: Eq
  ROW00170: Eq
  ROW00027: Eq
  ROW00050: Eq
  ROW00162: Eq
  ROW00089: Leq
  ROW00186: Leq
  ROW00153: Leq
  ROW00048: Eq
  ROW00125: Eq
  ROW00003: Leq
  ROW00049: Eq
  ROW00079: Leq
  ROW00129: Eq
  ROW00155: Leq
  ROW00147: Eq
  ROW00197: Leq
  ROW00064: Leq
  ROW00097: Leq
  ROW00090: Leq
  ROW00065: Leq
  ROW00100: Leq
  ROW00124: Leq
  ROW00128: Eq
  ROW00144: Leq
  ROW00191: Eq
  ROW00083: Eq
  ROW00193: Eq
  ROW00066: Leq
  ROW00204: Leq
  ROW00034: Leq
  ROW00105: Eq
  ROW00031: Leq
  ROW00057: Leq
  ROW00133: Leq
  ROW00030: Leq
  ROW00106: Eq
  ROW00196: Leq
  ROW00033: Leq
  ROW00164: Leq
  ROW00111: Leq
  ROW00167: Leq
  ROW00110: Leq
  ROW00022: Leq
  ROW00130: Leq
  ROW00165: Leq
  ROW00005: Eq
  ROW00080: Eq
  ROW00120: Leq
  ROW00025: Eq
  ROW00168: Leq
  ROW00201: Leq
  ROW00108: Leq
  ROW00151: Eq
  ROW00113: Leq
  ROW00145: Leq
  ROW00082: Eq
  ROW00158: Eq
  ROW00154: Leq
  ROW00059: Eq
  ROW00063: Leq
  ROW00043: Leq
  ROW00085: Leq
  ROW00008: Leq
  ROW00169: Eq
  ROW00175: Leq
  ROW00156: Leq
  ROW00061: Eq
  ROW00018: Eq
  ROW00074: Leq
  ROW00139: Eq
  ROW00101: Leq
  ROW00118: Eq
  ROW00004: Eq
  ROW00119: Leq
  ROW00071: Eq
  ROW00163: Leq
  ROW00115: Eq
  ROW00088: Leq
  ROW00062: Eq
  ROW00202: Eq
  ROW00007: Eq
  ROW00029: Eq
  ROW00122: Leq
  ROW00077: Leq
  ROW00172: Eq
  ROW00160: Eq
  ROW00174: Leq
  ROW00141: Leq
  ROW00126: Eq
  ROW00142: Leq
  ROW00157: Leq
  ROW00198: Leq
  ROW00015: Eq
  ROW00038: Eq
  ROW00014: Eq
  ROW00184: Eq
  ROW00002: Leq
  ROW00069: Eq
  ROW00132: Leq
  ROW00021: Leq
  ROW00203: Leq
  ROW00103: Eq
  ROW00179: Leq
  ROW00019: Leq
  ROW00072: Eq
  ROW00039: Eq
  ROW00095: Eq
  ROW00107: Eq
  ROW00070: Eq
  ROW00135: Leq
  ROW00044: Leq
  ROW00138: Eq
  ROW00173: Eq
  ROW00117: Eq
  ROW00140: Eq
  ROW00123: Leq
  ROW00205: Leq
  ROW00016: Eq
  ROW00178: Leq
  ROW00006: Eq
  ROW00161: Eq
  ROW00056: Leq
  ROW00081: Eq
  ROW00023: Leq
  ROW00177: Leq
  ROW00067: Leq
  ROW00093: Eq
  ROW00058: Eq
  ROW00194: Eq
  ROW00127: Eq
  MAXIM: Nr
  ROW00091: Eq
  ROW00148: Eq
  ROW00192: Eq
  ROW00092: Eq
  ROW00137: Eq
  ROW00075: Leq
  ROW00011: Leq
  ROW00042: Leq
  ROW00159: Eq
  ROW00032: Leq
  ROW00189: Leq
  ROW00047: Eq
  ROW00187: Leq
  ROW00036: Eq
  ROW00055: Leq
  ROW00040: Eq
  ROW00188: Leq
  ROW00149: Eq
  ROW00028: Eq
  ROW00098: Leq
values:
  ? - ROW00016
    - COL00017
  : 1
  ? - ROW00125
    - COL00126
  : -1
  ? - ROW00166
    - COL00168
  : 1
  ? - ROW00004
    - COL00004
  : 1
  ? - ROW00093
    - COL00094
  : 1
  ? - ROW00116
    - COL00117
  : 1
  ? - ROW00130
    - COL00131
  : 1
  ? - ROW00166
    - COL00169
  : 1.5
  ? - ROW00053
    - COL00054
  : 1
  ? - ROW00162
    - COL00163
  : 1
  ? - ROW00115
    - COL00115
  : 1
  ? - ROW00008
    - COL00006
  : -1
  ? - ROW00198
    - COL00199
  : 1
  ? - ROW00203
    - COL00202
  : 0.15
  ? - ROW00093
    - COL00083
  : -1
  ? - ROW00089
    - COL00090
  : 2
  ? - ROW00071
    - COL00061
  : -1
  ? - ROW00064
    - COL00065
  : 1
  ? - ROW00201
    - COL00199
  : -1
  ? - ROW00184
    - COL00180
  : -1
  ? - ROW00081
    - COL00081
  : 1
  ? - ROW00016
    - COL00012
  : -1
  ? - ROW00023
    - COL00021
  : -1
  ? - ROW00071
    - COL00067
  : -1
  ? - ROW00153
    - COL00151
  : -1
  ? - ROW00192
    - COL00182
  : 1
  ? - ROW00134
    - COL00132
  : -1
  ? - ROW00195
    - COL00191
  : -1
  ? - ROW00012
    - COL00010
  : -1
  ? - ROW00049
    - COL00050
  : 1
  ? - ROW00121
    - COL00119
  : -1
  ? - ROW00022
    - COL00025
  : 1.5
  ? - ROW00010
    - COL00008
  : -1
  ? - ROW00189
    - COL00190
  : 2
  ? - ROW00078
    - COL00079
  : 2
  ? - ROW00055
    - COL00057
  : 1
  ? - ROW00145
    - COL00147
  : 1.5
  ? - ROW00078
    - COL00078
  : 1
  ? - ROW00150
    - COL00140
  : -1
  ? - ROW00138
    - COL00139
  : 1
  ? - ROW00070
    - COL00060
  : 1
  ? - ROW00052
    - COL00053
  : 1
  ? - ROW00138
    - COL00128
  : -1
  ? - ROW00002
    - COL00002
  : 2
  ? - ROW00005
    - COL00006
  : 1
  ? - MAXIM
    - COL00004
  : -1
  ? - ROW00048
    - COL00038
  : 1
  ? - ROW00182
    - COL00172
  : -1
  ? - ROW00158
    - COL00148
  : 1.1
  ? - ROW00202
    - COL00203
  : -1
  ? - ROW00025
    - COL00026
  : -1
  ? - ROW00061
    - COL00051
  : -1
  ? - ROW00015
    - COL00015
  : 1
  ? - ROW00155
    - COL00153
  : -1
  ? - ROW00124
    - COL00122
  : -1
  ? - ROW00169
    - COL00159
  : 1.1
  ? - ROW00050
    - COL00051
  : 1
  ? - ROW00164
    - COL00162
  : -1
  ? - ROW00077
    - COL00079
  : 1
  ? - ROW00102
    - COL00103
  : 1
  ? - ROW00113
    - COL00111
  : -1
  ? - ROW00066
    - COL00068
  : 1
  ? - ROW00100
    - COL00101
  : 2
  ? - ROW00044
    - COL00046
  : 1
  ? - ROW00046
    - COL00044
  : -1
  ? - ROW00079
    - COL00071
  : 1
  ? - ROW00077
    - COL00075
  : -1
  ? - ROW00094
    - COL00084
  : -1
  ? - ROW00200
    - COL00201
  : 2
  ? - ROW00029
    - COL00019
  : -1
  ? - ROW00100
    - COL00102
  : 1.5
  ? - ROW00199
    - COL00202
  : 1.5
  ? - ROW00200
    - COL00198
  : -1
  ? - ROW00096
    - COL00097
  : 1
  ? - ROW00135
    - COL00127
  : 1
  ? - ROW00145
    - COL00143
  : -1
  ? - ROW00081
    - COL00071
  : 1
  ? - ROW00156
    - COL00158
  : 1.5
  ? - ROW00132
    - COL00133
  : 1
  ? - ROW00166
    - COL00164
  : -1
  ? - ROW00114
    - COL00115
  : -1
  ? - ROW00027
    - COL00023
  : -1
  ? - ROW00034
    - COL00035
  : 2
  ? - ROW00100
    - COL00098
  : -1
  ? - ROW00101
    - COL00093
  : 1
  ? - ROW00073
    - COL00074
  : 1
  ? - ROW00194
    - COL00190
  : -1
  ? - ROW00090
    - COL00088
  : -1
  ? - ROW00056
    - COL00056
  : 1
  ? - ROW00106
    - COL00095
  : -1
  ? - ROW00072
    - COL00073
  : 1
  ? - ROW00176
    - COL00177
  : 1
  ? - ROW00011
    - COL00012
  : 2
  ? - ROW00080
    - COL00081
  : -1
  ? - ROW00082
    - COL00072
  : -1
  ? - ROW00170
    - COL00170
  : 1
  ? - ROW00095
    - COL00091
  : -1
  ? - ROW00034
    - COL00032
  : -1
  ? - ROW00135
    - COL00133
  : -1
  ? - ROW00165
    - COL00163
  : -1
  ? - ROW00015
    - COL00005
  : 1
  ? - ROW00041
    - COL00039
  : -1
  ? - ROW00058
    - COL00059
  : -1
  ? - ROW00117
    - COL00107
  : -1
  ? - ROW00144
    - COL00145
  : 2
  ? - ROW00021
    - COL00019
  : -1
  ? - ROW00157
    - COL00155
  : -1
  ? - ROW00157
    - COL00149
  : 1
  ? - ROW00186
    - COL00184
  : -1
  ? - ROW00117
    - COL00118
  : 1
  ? - ROW00148
    - COL00138
  : 1
  ? - ROW00033
    - COL00036
  : 1.5
  ? - ROW00002
    - COL00003
  : 1.5
  ? - ROW00106
    - COL00107
  : 1
  ? - ROW00203
    - COL00200
  : -0.8
  ? - ROW00038
    - COL00028
  : -1
  ? - ROW00055
    - COL00056
  : 2
  ? - ROW00007
    - COL00003
  : -1
  ? - ROW00077
    - COL00078
  : 2
  ? - ROW00123
    - COL00121
  : -1
  ? - ROW00131
    - COL00129
  : -1
  ? - ROW00141
    - COL00139
  : -1
  ? - ROW00026
    - COL00026
  : 1
  ? - ROW00035
    - COL00033
  : -1
  ? - ROW00011
    - COL00014
  : 1.5
  ? - ROW00098
    - COL00099
  : 1
  ? - ROW00138
    - COL00134
  : -1
  ? - ROW00150
    - COL00151
  : 1
  ? - ROW00032
    - COL00030
  : -1
  ? - ROW00143
    - COL00141
  : -1
  ? - ROW00007
    - COL00008
  : 1
  ? - ROW00164
    - COL00165
  : 1
  ? - ROW00191
    - COL00181
  : 1.1
  ? - ROW00199
    - COL00201
  : 1
  ? - ROW00038
    - COL00034
  : -1
  ? - ROW00177
    - COL00179
  : 1
  ? - ROW00103
    - COL00104
  : -1
  ? - ROW00191
    - COL00192
  : -1
  ? - ROW00160
    - COL00150
  : -1
  ? - ROW00065
    - COL00066
  : 1
  ? - ROW00156
    - COL00156
  : 1
  ? - ROW00184
    - COL00185
  : 1
  ? - ROW00089
    - COL00089
  : 1
  ? - ROW00196
    - COL00197
  : 1
  ? - ROW00121
    - COL00122
  : 1
  ? - ROW00126
    - COL00126
  : 1
  ? - ROW00126
    - COL00127
  : -1
  ? - ROW00120
    - COL00121
  : 1
  ? - ROW00066
    - COL00067
  : 2
  ? - ROW00205
    - COL00203
  : 1
  ? - ROW00062
    - COL00063
  : 1
  ? - ROW00123
    - COL00124
  : 2
  ? - ROW00057
    - COL00055
  : -1
  ? - ROW00042
    - COL00040
  : -1
  ? - ROW00058
    - COL00048
  : 1.1
  ? - ROW00070
    - COL00070
  : 1
  ? - ROW00045
    - COL00043
  : -1
  ? - ROW00085
    - COL00086
  : 1
  ? - ROW00169
    - COL00170
  : -1
  ? - ROW00072
    - COL00062
  : -1
  ? - ROW00107
    - COL00096
  : -1
  ? - ROW00112
    - COL00112
  : 1
  ? - ROW00149
    - COL00139
  : -1
  ? - ROW00171
    - COL00172
  : 1
  ? - ROW00196
    - COL00194
  : -1
  ? - ROW00171
    - COL00167
  : -1
  ? - ROW00096
    - COL00094
  : -1
  ? - ROW00173
    - COL00174
  : 1
  ? - ROW00037
    - COL00027
  : 1
  ? - ROW00103
    - COL00092
  : 1.1
  ? - ROW00109
    - COL00107
  : -1
  ? - ROW00129
    - COL00130
  : 1
  ? - ROW00093
    - COL00089
  : -1
  ? - ROW00026
    - COL00016
  : 1
  ? - ROW00092
    - COL00093
  : -1
  ? - ROW00144
    - COL00146
  : 1
  ? - ROW00130
    - COL00128
  : -1
  ? - ROW00062
    - COL00052
  : -1
  ? - ROW00158
    - COL00159
  : -1
  ? - ROW00118
    - COL00108
  : -1
  ? - ROW00078
    - COL00076
  : -1
  ? - ROW00023
    - COL00023
  : 1
  ? - ROW00088
    - COL00090
  : 1
  ? - ROW00128
    - COL00118
  : -1
  ? - ROW00080
    - COL00070
  : 1.1
  ? - ROW00009
    - COL00007
  : -1
  ? - ROW00147
    - COL00137
  : 1.1
  ? - ROW00056
    - COL00058
  : 1.5
  ? - ROW00168
    - COL00160
  : 1
  ? - ROW00113
    - COL00105
  : 1
  ? - ROW00061
    - COL00057
  : -1
  ? - ROW00018
    - COL00014
  : -1
  ? - ROW00192
    - COL00193
  : -1
  ? - ROW00029
    - COL00025
  : -1
  ? - ROW00124
    - COL00116
  : 1
  ? - ROW00017
    - COL00007
  : -1
  ? - ROW00115
    - COL00116
  : -1
  ? - ROW00049
    - COL00039
  : -1
  ? - ROW00118
    - COL00114
  : -1
  ? - ROW00045
    - COL00047
  : 1.5
  ? - ROW00134
    - COL00136
  : 1.5
  ? - ROW00066
    - COL00069
  : 1.5
  ? - ROW00127
    - COL00123
  : -1
  ? - ROW00107
    - COL00108
  : 1
  ? - ROW00005
    - COL00001
  : -1
  ? - ROW00151
    - COL00147
  : -1
  ? - ROW00187
    - COL00188
  : 1
  ? - ROW00099
    - COL00100
  : 2
  ? - ROW00199
    - COL00200
  : 2
  ? - ROW00155
    - COL00156
  : 2
  ? - ROW00088
    - COL00086
  : -1
  ? - ROW00123
    - COL00125
  : 1.5
  ? - ROW00065
    - COL00063
  : -1
  ? - ROW00006
    - COL00007
  : 1
  ? - ROW00021
    - COL00022
  : 1
  ? - ROW00039
    - COL00040
  : 1
  ? - ROW00084
    - COL00074
  : -1
  ? - ROW00141
    - COL00142
  : 1
  ? - ROW00016
    - COL00006
  : -1
  ? - ROW00055
    - COL00053
  : -1
  ? - ROW00083
    - COL00073
  : -1
  ? - ROW00151
    - COL00152
  : 1
  ? - ROW00170
    - COL00171
  : -1
  ? - ROW00193
    - COL00189
  : -1
  ? - ROW00133
    - COL00131
  : -1
  ? - ROW00197
    - COL00198
  : 1
  ? - ROW00123
    - COL00123
  : 1
  ? - ROW00150
    - COL00146
  : -1
  ? - ROW00187
    - COL00185
  : -1
  ? - ROW00095
    - COL00096
  : 1
  ? - ROW00087
    - COL00085
  : -1
  ? - ROW00083
    - COL00079
  : -1
  ? - ROW00167
    - COL00165
  : -1
  ? - ROW00195
    - COL00196
  : 1
  ? - ROW00013
    - COL00011
  : -1
  ? - ROW00024
    - COL00016
  : 1
  ? - ROW00012
    - COL00013
  : 2
  ? - ROW00045
    - COL00045
  : 1
  ? - ROW00018
    - COL00008
  : -1
  ? - ROW00018
    - COL00019
  : 1
  ? - ROW00044
    - COL00047
  : 1.5
  ? - ROW00040
    - COL00036
  : -1
  ? - ROW00049
    - COL00045
  : -1
  ? - ROW00197
    - COL00195
  : -1
  ? - ROW00167
    - COL00167
  : 1
  ? - ROW00144
    - COL00142
  : -1
  ? - ROW00203
    - COL00201
  : 0.1
  ? - ROW00045
    - COL00046
  : 2
  ? - ROW00057
    - COL00049
  : 1
  ? - ROW00052
    - COL00050
  : -1
  ? - ROW00010
    - COL00011
  : 1
  ? - ROW00013
    - COL00005
  : 1
  ? - ROW00015
    - COL00016
  : -1
  ? - ROW00094
    - COL00090
  : -1
  ? - ROW00167
    - COL00169
  : 1.5
  ? - ROW00044
    - COL00045
  : 2
  ? - ROW00099
    - COL00102
  : 1.5
  ? - ROW00156
    - COL00154
  : -1
  ? - ROW00051
    - COL00052
  : 1
  ? - ROW00149
    - COL00145
  : -1
  ? - ROW00181
    - COL00182
  : -1
  ? - ROW00125
    - COL00115
  : 1.1
  ? - ROW00038
    - COL00039
  : 1
  ? - ROW00077
    - COL00080
  : 1.5
  ? - ROW00205
    - COL00202
  : -1
  ? - ROW00105
    - COL00106
  : 1
  ? - ROW00148
    - COL00149
  : -1
  ? - ROW00024
    - COL00022
  : -1
  ? - ROW00161
    - COL00151
  : -1
  ? - ROW00028
    - COL00018
  : -1
  ? - ROW00105
    - COL00100
  : -1
  ? - ROW00132
    - COL00130
  : -1
  ? - ROW00109
    - COL00110
  : 1
  ? - ROW00145
    - COL00146
  : 2
  ? - ROW00042
    - COL00043
  : 1
  ? - ROW00094
    - COL00095
  : 1
  ? - ROW00033
    - COL00035
  : 1
  ? - ROW00012
    - COL00012
  : 1
  ? - ROW00050
    - COL00040
  : -1
  ? - ROW00133
    - COL00134
  : 2
  ? - ROW00146
    - COL00144
  : -1
  ? - ROW00190
    - COL00188
  : -1
  ? - ROW00181
    - COL00171
  : 1
  ? - ROW00036
    - COL00037
  : -1
  ? - ROW00048
    - COL00049
  : -1
  ? - ROW00136
    - COL00137
  : -1
  ? - ROW00185
    - COL00186
  : 1
  ? - ROW00111
    - COL00112
  : 2
  ? - ROW00134
    - COL00135
  : 2
  ? - ROW00172
    - COL00168
  : -1
  ? - ROW00059
    - COL00059
  : 1
  ? - ROW00153
    - COL00154
  : 1
  ? - ROW00090
    - COL00082
  : 1
  ? - ROW00105
    - COL00094
  : -1
  ? - ROW00172
    - COL00173
  : 1
  ? - ROW00155
    - COL00157
  : 1
  ? - ROW00087
    - COL00088
  : 1
  ? - ROW00110
    - COL00108
  : -1
  ? - ROW00033
    - COL00034
  : 2
  ? - ROW00053
    - COL00051
  : -1
  ? - ROW00097
    - COL00095
  : -1
  ? - ROW00017
    - COL00018
  : 1
  ? - ROW00128
    - COL00124
  : -1
  ? - ROW00140
    - COL00130
  : -1
  ? - ROW00092
    - COL00092
  : 1
  ? - ROW00008
    - COL00009
  : 1
  ? - ROW00029
    - COL00030
  : 1
  ? - ROW00098
    - COL00096
  : -1
  ? - ROW00091
    - COL00081
  : 1.1
  ? - ROW00159
    - COL00160
  : -1
  ? - ROW00033
    - COL00031
  : -1
  ? - ROW00159
    - COL00149
  : 1
  ? - ROW00180
    - COL00181
  : -1
  ? - ROW00056
    - COL00057
  : 2
  ? - ROW00152
    - COL00150
  : -1
  ? - ROW00064
    - COL00062
  : -1
  ? - ROW00069
    - COL00070
  : -1
  ? - ROW00074
    - COL00072
  : -1
  ? - ROW00104
    - COL00104
  : 1
  ? - ROW00048
    - COL00048
  : 1
  ? - ROW00108
    - COL00109
  : 1
  ? - ROW00027
    - COL00028
  : 1
  ? - ROW00136
    - COL00126
  : 1.1
  ? - ROW00178
    - COL00178
  : 1
  ? - ROW00122
    - COL00123
  : 2
  ? - ROW00067
    - COL00067
  : 1
  ? - ROW00071
    - COL00072
  : 1
  ? - ROW00188
    - COL00191
  : 1.5
  ? - ROW00144
    - COL00147
  : 1.5
  ? - ROW00181
    - COL00181
  : 1
  ? - ROW00088
    - COL00091
  : 1.5
  ? - ROW00022
    - COL00020
  : -1
  ? - ROW00017
    - COL00013
  : -1
  ? - ROW00116
    - COL00106
  : -1
  ? - ROW00079
    - COL00077
  : -1
  ? - ROW00134
    - COL00134
  : 1
  ? - ROW00099
    - COL00097
  : -1
  ? - ROW00043
    - COL00044
  : 1
  ? - ROW00116
    - COL00112
  : -1
  ? - ROW00142
    - COL00140
  : -1
  ? - ROW00059
    - COL00049
  : 1
  ? - ROW00073
    - COL00063
  : -1
  ? - ROW00188
    - COL00190
  : 1
  ? - ROW00175
    - COL00173
  : -1
  ? - ROW00054
    - COL00052
  : -1
  ? - ROW00176
    - COL00174
  : -1
  ? - ROW00085
    - COL00083
  : -1
  ? - ROW00082
    - COL00083
  : 1
  ? - ROW00163
    - COL00164
  : 1
  ? - ROW00122
    - COL00124
  : 1
  ? - ROW00108
    - COL00106
  : -1
  ? - ROW00188
    - COL00189
  : 2
  ? - ROW00067
    - COL00068
  : 2
  ? - ROW00137
    - COL00138
  : -1
  ? - ROW00059
    - COL00060
  : -1
  ? - ROW00172
    - COL00162
  : -1
  ? - ROW00119
    - COL00120
  : 1
  ? - ROW00069
    - COL00059
  : 1.1
  ? - ROW00117
    - COL00113
  : -1
  ? - ROW00040
    - COL00030
  : -1
  ? - ROW00104
    - COL00093
  : 1
  ? - ROW00180
    - COL00170
  : 1.1
  ? - ROW00022
    - COL00024
  : 1
  ? - ROW00154
    - COL00152
  : -1
  ? - ROW00131
    - COL00132
  : 1
  ? - ROW00101
    - COL00099
  : -1
  ? - ROW00183
    - COL00179
  : -1
  ? - ROW00066
    - COL00064
  : -1
  ? - ROW00060
    - COL00056
  : -1
  ? - ROW00147
    - COL00148
  : -1
  ? - ROW00081
    - COL00082
  : -1
  ? - ROW00173
    - COL00163
  : -1
  ? - ROW00162
    - COL00158
  : -1
  ? - ROW00034
    - COL00034
  : 1
  ? - ROW00185
    - COL00183
  : -1
  ? - ROW00084
    - COL00080
  : -1
  ? - ROW00142
    - COL00143
  : 1
  ? - ROW00193
    - COL00194
  : 1
  ? - ROW00188
    - COL00186
  : -1
  ? - ROW00037
    - COL00037
  : 1
  ? - ROW00035
    - COL00027
  : 1
  ? - ROW00163
    - COL00161
  : -1
  ? - ROW00068
    - COL00060
  : 1
  ? - ROW00137
    - COL00127
  : 1
  ? - ROW00161
    - COL00157
  : -1
  ? - ROW00051
    - COL00047
  : -1
  ? - ROW00062
    - COL00058
  : -1
  ? - ROW00072
    - COL00068
  : -1
  ? - ROW00012
    - COL00014
  : 1.5
  ? - ROW00129
    - COL00119
  : -1
  ? - ROW00078
    - COL00080
  : 1.5
  ? - ROW00127
    - COL00128
  : 1
  ? - ROW00114
    - COL00104
  : 1.1
  ? - ROW00088
    - COL00089
  : 2
  ? - ROW00076
    - COL00077
  : 1
  ? - ROW00154
    - COL00155
  : 1
  ? - ROW00179
    - COL00171
  : 1
  ? - ROW00174
    - COL00175
  : 1
  ? - ROW00056
    - COL00054
  : -1
  ? - ROW00112
    - COL00114
  : 1.5
  ? - ROW00092
    - COL00082
  : 1
  ? - ROW00086
    - COL00084
  : -1
  ? - ROW00190
    - COL00182
  : 1
  ? - ROW00127
    - COL00117
  : -1
  ? - ROW00041
    - COL00042
  : 1
  ? - ROW00082
    - COL00078
  : -1
  ? - ROW00194
    - COL00195
  : 1
  ? - ROW00189
    - COL00191
  : 1.5
  ? - ROW00204
    - COL00201
  : -0.8
  ? - ROW00086
    - COL00087
  : 1
  ? - ROW00156
    - COL00157
  : 2
  ? - ROW00026
    - COL00027
  : -1
  ? - ROW00031
    - COL00032
  : 1
  ? - ROW00055
    - COL00058
  : 1.5
  ? - ROW00046
    - COL00038
  : 1
  ? - ROW00075
    - COL00076
  : 1
  ? - ROW00032
    - COL00033
  : 1
  ? - ROW00140
    - COL00136
  : -1
  ? - ROW00162
    - COL00152
  : -1
  ? - ROW00019
    - COL00020
  : 1
  ? - ROW00031
    - COL00029
  : -1
  ? - ROW00002
    - COL00001
  : 1
  ? - ROW00089
    - COL00091
  : 1.5
  ? - ROW00168
    - COL00166
  : -1
  ? - ROW00173
    - COL00169
  : -1
  ? - ROW00047
    - COL00048
  : -1
  ? - ROW00200
    - COL00200
  : 1
  ? - ROW00200
    - COL00202
  : 1.5
  ? - ROW00067
    - COL00065
  : -1
  ? - ROW00122
    - COL00125
  : 1.5
  ? - ROW00151
    - COL00141
  : -1
  ? - ROW00192
    - COL00192
  : 1
  ? - ROW00022
    - COL00023
  : 2
  ? - ROW00097
    - COL00098
  : 1
  ? - ROW00075
    - COL00073
  : -1
  ? - ROW00019
    - COL00017
  : -1
  ? - ROW00120
    - COL00118
  : -1
  ? - ROW00001
    - COL00001
  : 2
  ? - ROW00133
    - COL00135
  : 1
  ? - ROW00145
    - COL00145
  : 1
  ? - ROW00137
    - COL00137
  : 1
  ? - ROW00025
    - COL00015
  : 1.1
  ? - ROW00014
    - COL00015
  : -1
  ? - ROW00177
    - COL00180
  : 1.5
  ? - ROW00061
    - COL00062
  : 1
  ? - ROW00177
    - COL00178
  : 2
  ? - ROW00195
    - COL00185
  : -1
  ? - ROW00140
    - COL00141
  : 1
  ? - ROW00146
    - COL00138
  : 1
  ? - ROW00030
    - COL00028
  : -1
  ? - ROW00014
    - COL00004
  : 1.1
  ? - ROW00047
    - COL00037
  : 1.1
  ? - ROW00119
    - COL00117
  : -1
  ? - ROW00189
    - COL00189
  : 1
  ? - ROW00011
    - COL00009
  : -1
  ? - ROW00183
    - COL00184
  : 1
  ? - ROW00039
    - COL00035
  : -1
  ? - ROW00179
    - COL00177
  : -1
  ? - ROW00170
    - COL00160
  : 1
  ? - ROW00139
    - COL00129
  : -1
  ? - ROW00027
    - COL00017
  : -1
  ? - ROW00083
    - COL00084
  : 1
  ? - ROW00143
    - COL00144
  : 1
  ? - ROW00201
    - COL00193
  : 1
  ? - ROW00152
    - COL00153
  : 1
  ? - ROW00028
    - COL00024
  : -1
  ? - ROW00111
    - COL00113
  : 1
  ? - ROW00139
    - COL00140
  : 1
  ? - ROW00177
    - COL00175
  : -1
  ? - ROW00183
    - COL00173
  : -1
  ? - ROW00039
    - COL00029
  : -1
  ? - ROW00166
    - COL00167
  : 2
  ? - ROW00063
    - COL00061
  : -1
  ? - ROW00063
    - COL00064
  : 1
  ? - ROW00128
    - COL00129
  : 1
  ? - ROW00099
    - COL00101
  : 1
  ? - ROW00074
    - COL00075
  : 1
  ? - ROW00139
    - COL00135
  : -1
  ? - ROW00084
    - COL00085
  : 1
  ? - ROW00178
    - COL00180
  : 1.5
  ? - ROW00204
    - COL00202
  : 0.15
  ? - ROW00126
    - COL00116
  : 1
  ? - ROW00060
    - COL00050
  : -1
  ? - ROW00054
    - COL00055
  : 1
  ? - ROW00202
    - COL00192
  : 1.1
  ? - ROW00050
    - COL00046
  : -1
  ? - ROW00068
    - COL00066
  : -1
  ? - ROW00034
    - COL00036
  : 1.5
  ? - ROW00020
    - COL00018
  : -1
  ? - ROW00161
    - COL00162
  : 1
  ? - ROW00178
    - COL00179
  : 2
  ? - ROW00189
    - COL00187
  : -1
  ? - ROW00112
    - COL00113
  : 2
  ? - ROW00112
    - COL00110
  : -1
  ? - ROW00070
    - COL00071
  : -1
  ? - ROW00111
    - COL00109
  : -1
  ? - ROW00133
    - COL00136
  : 1.5
  ? - ROW00182
    - COL00183
  : 1
  ? - ROW00171
    - COL00161
  : -1
  ? - ROW00020
    - COL00021
  : 1
  ? - ROW00100
    - COL00100
  : 1
  ? - ROW00011
    - COL00013
  : 1
  ? - ROW00174
    - COL00172
  : -1
  ? - ROW00037
    - COL00038
  : -1
  ? - ROW00030
    - COL00031
  : 1
  ? - ROW00194
    - COL00184
  : -1
  ? - ROW00043
    - COL00041
  : -1
  ? - ROW00199
    - COL00197
  : -1
  ? - ROW00006
    - COL00002
  : -1
  ? - ROW00167
    - COL00168
  : 2
  ? - ROW00044
    - COL00042
  : -1
  ? - ROW00184
    - COL00174
  : -1
  ? - ROW00051
    - COL00041
  : -1
  ? - ROW00001
    - COL00003
  : 1.5
  ? - ROW00028
    - COL00029
  : 1
  ? - ROW00165
    - COL00166
  : 1
  ? - ROW00004
    - COL00005
  : -1
  ? - ROW00076
    - COL00074
  : -1
  ? - ROW00060
    - COL00061
  : 1
  ? - ROW00023
    - COL00025
  : 1.5
  ? - ROW00036
    - COL00026
  : 1.1
  ? - ROW00106
    - COL00101
  : -1
  ? - ROW00122
    - COL00120
  : -1
  ? - ROW00186
    - COL00187
  : 1
  ? - ROW00104
    - COL00105
  : -1
  ? - ROW00204
    - COL00200
  : 0.1
  ? - ROW00129
    - COL00125
  : -1
  ? - ROW00198
    - COL00196
  : -1
  ? - ROW00149
    - COL00150
  : 1
  ? - ROW00115
    - COL00105
  : 1
  ? - ROW00073
    - COL00069
  : -1
  ? - ROW00160
    - COL00156
  : -1
  ? - ROW00095
    - COL00085
  : -1
  ? - ROW00040
    - COL00041
  : 1
  ? - ROW00160
    - COL00161
  : 1
  ? - ROW00159
    - COL00159
  : 1
  ? - ROW00175
    - COL00176
  : 1
  ? - ROW00009
    - COL00010
  : 1
  ? - ROW00067
    - COL00069
  : 1.5
  ? - ROW00091
    - COL00092
  : -1
  ? - ROW00110
    - COL00111
  : 1
  ? - ROW00118
    - COL00119
  : 1
  ? - ROW00178
    - COL00176
  : -1
  ? - ROW00155
    - COL00158
  : 1.5
  ? - ROW00111
    - COL00114
  : 1.5
  ? - ROW00182
    - COL00178
  : -1
  ? - ROW00001
    - COL00002
  : 1
  ? - ROW00023
    - COL00024
  : 2
  ? - ROW00148
    - COL00148
  : 1
  ? - ROW00193
    - COL00183
  : -1
  ? - ROW00107
    - COL00102
  : -1
  ? - ROW00089
    - COL00087
  : -1
rhs:
  RHS:
    ROW00001: 200
    ROW00089: 100
    ROW00145: 100
    ROW00155: 200
    ROW00044: 200
    ROW00134: 100
    ROW00123: 100
    ROW00178: 100
    ROW00156: 100
    ROW00100: 100
    ROW00056: 100
    ROW00045: 100
    ROW00023: 100
    ROW00144: 200
    ROW00067: 100
    ROW00166: 200
    ROW00177: 200
    ROW00066: 200
    ROW00088: 200
    ROW00034: 100
    ROW00122: 200
    ROW00099: 200
    ROW00199: 200
    ROW00077: 200
    ROW00133: 200
    ROW00011: 200
    ROW00200: 100
    ROW00012: 100
    ROW00033: 200
    ROW00078: 100
    ROW00111: 200
    ROW00167: 100
    ROW00189: 100
    ROW00022: 200
    ROW00055: 200
    ROW00112: 100
    ROW00188: 200
    ROW00002: 100
bounds: {}
ranges: {}

