---
source: tests/model.rs
expression: model
---
name: RECIPE
row_types:
  BCH2..BE: Eq
  N24.3PBE: Geq
  B3T...BE: Eq
  N14.3EBE: Geq
  BCH4..BE: Eq
  BHL...BE: Eq
  BN42..BE: Eq
  BP84..BE: Eq
  NOM.3RBE: Geq
  BCL...BE: Eq
  NRO.3PBE: Geq
  WRO.3PBE: Eq
  BLV1..BE: Eq
  "B&,2..BE": Eq
  BAL3..BE: Eq
  BCC3..BE: Eq
  BCL3..BE: Eq
  BHX...BE: Eq
  WMO.3EBE: Eq
  BHL3..BE: Eq
  NRO.3EBE: Geq
  BLV3..BE: Eq
  BHX4..BE: Eq
  BP83..BE: Eq
  BAL...BE: Eq
  BCH3..BE: Eq
  BCL2..BE: Eq
  XRV.3RBE: Leq
  N36.3PBE: Geq
  "B&,3..BE": Eq
  BHL4..BE: Eq
  BHH...BE: Eq
  N14.3PBE: Geq
  BHL1..BE: Eq
  "B&,1..BE": Eq
  BHH2..BE: Eq
  NRO.3RBE: Geq
  BHL2..BE: Eq
  X15.3RBE: Leq
  N13.3RBE: Geq
  BHH3..BE: Eq
  BN43..BE: Eq
  N36.3EBE: Geq
  N13.3EBE: Geq
  N14.3RBE: Geq
  N36.3RBE: Geq
  WMO.3RBE: Eq
  BHH1..BE: Eq
  X15.3PBE: Leq
  BN4...BE: Eq
  BAL2..BE: Eq
  BLV2..BE: Eq
  N24.3EBE: Geq
  B3R...BE: Eq
  BCC4..BE: Eq
  N24.3RBE: Geq
  X15.3EBE: Leq
  BCH1..BE: Eq
  BHX1..BE: Eq
  "B&,4..BE": Eq
  BCC2..BE: Eq
  BP81..BE: Eq
  WRO.3EBE: Eq
  B3R.VOBE: Eq
  BCL1..BE: Eq
  XRV.3EBE: Leq
  BHX2..BE: Eq
  B3P...BE: Eq
  BHX3..BE: Eq
  BAL4..BE: Eq
  BP8...BE: Eq
  B3E...BE: Eq
  FAT...J.: Nr
  BAL1..BE: Eq
  BN44..BE: Eq
  BN41..BE: Eq
  BLV...BE: Eq
  WMO.3PBE: Eq
  N13.3PBE: Geq
  NOM.3EBE: Geq
  BP82..BE: Eq
  BLV4..BE: Eq
  B3P.VOBE: Eq
  WRO.3RBE: Eq
  BCC1..BE: Eq
  BCC...BE: Eq
  BHH4..BE: Eq
  B3E.VOBE: Eq
  NOM.3PBE: Geq
  XRV.3PBE: Leq
  BCH...BE: Eq
  BCL4..BE: Eq
values:
  ? - N24.3RBE
    - BN4.3RBE
  : 100
  ? - XRV.3EBE
    - BP8.3EBE
  : 6
  ? - B3T...BE
    - D3T...BE
  : -1
  ? - BLV4..BE
    - JLV3TGBE
  : 1
  ? - FAT...J.
    - JCH2TGBE
  : -0.002
  ? - FAT...J.
    - JHH4TGBE
  : -0.1
  ? - BHL1..BE
    - JHL1TGBE
  : -1
  ? - BCL4..BE
    - JCL4MXBE
  : -1
  ? - B3P.VOBE
    - BLV.3PBE
  : 1
  ? - N14.3RBE
    - BAL.3RBE
  : 12
  ? - BHH...BE
    - BHH.3EBE
  : -1
  ? - N14.3EBE
    - QVO33EBE
  : -10
  ? - BHL4..BE
    - JHL4MXBE
  : -1
  ? - WRO.3EBE
    - BHL.3EBE
  : 86.96338
  ? - N13.3RBE
    - BCH.3RBE
  : -14.8
  ? - N13.3EBE
    - BHX.3EBE
  : -21.9
  ? - N13.3PBE
    - BCL.3PBE
  : 2
  ? - NRO.3PBE
    - WRO23PBE
  : 1
  ? - FAT...J.
    - JHH2TGBE
  : -0.002
  ? - WRO.3RBE
    - BCL.3RBE
  : 90.17511
  ? - BHL3..BE
    - JHL2MXBE
  : 1
  ? - BCH3..BE
    - JCH3MXBE
  : -1
  ? - BCL...BE
    - BCL.3EBE
  : -1
  ? - BN4...BE
    - BN4.3RBE
  : -1
  ? - BCL2..BE
    - JCL1TGBE
  : 1
  ? - FAT...J.
    - JCL1IOBE
  : -2
  ? - WRO.3EBE
    - BLV.3EBE
  : 78.21025
  ? - WRO.3PBE
    - BCC.3PBE
  : 99.22401
  ? - NOM.3PBE
    - WRO13PBE
  : 0.5
  ? - NRO.3RBE
    - WRO23RBE
  : 1
  ? - N24.3RBE
    - BCH.3RBE
  : 2.4
  ? - WRO.3RBE
    - BHL.3RBE
  : 86.96338
  ? - NOM.3PBE
    - WMO33PBE
  : 0.5
  ? - BCH1..BE
    - JCH1IOBE
  : 1
  ? - "B&,4..BE"
    - "J&,4TGBE"
  : -1
  ? - X15.3PBE
    - BCC.3PBE
  : 100
  ? - FAT...J.
    - JCH4TGBE
  : -0.1
  ? - NOM.3EBE
    - WRO43EBE
  : 0.5
  ? - N36.3EBE
    - BAL.3EBE
  : 99
  ? - BHX2..BE
    - JHX2MXBE
  : -1
  ? - NOM.3EBE
    - WRO13EBE
  : 0.5
  ? - N13.3PBE
    - QVO33PBE
  : -10
  ? - X15.3EBE
    - BCL.3EBE
  : 43
  ? - WMO.3PBE
    - BHH.3PBE
  : 78.56822
  ? - B3P.VOBE
    - BN4.3PBE
  : 1
  ? - B3R.VOBE
    - BHH.3RBE
  : 1
  ? - B3P.VOBE
    - QVO13PBE
  : -1
  ? - BCL2..BE
    - JCL2MXBE
  : -1
  ? - XRV.3EBE
    - BHL.3EBE
  : 12.5
  ? - NOM.3RBE
    - QVO13RBE
  : -88
  ? - N14.3PBE
    - QVO23PBE
  : -10
  ? - XRV.3PBE
    - BAL.3PBE
  : 8.2
  ? - N24.3PBE
    - BCC.3PBE
  : 100
  ? - N24.3RBE
    - BHX.3RBE
  : 4
  ? - N13.3EBE
    - BLV.3EBE
  : 61
  ? - WMO.3PBE
    - BHX.3PBE
  : 82.59274
  ? - WMO.3RBE
    - BCH.3RBE
  : 74.69736
  ? - BCL...BE
    - ECL...BE
  : 1
  ? - FAT...J.
    - JCC1TGBE
  : -0.002
  ? - FAT...J.
    - JHX4TGBE
  : -0.1
  ? - WMO.3EBE
    - BHL.3EBE
  : 82.92224
  ? - BP8...BE
    - BP8.3PBE
  : -1
  ? - B3R.VOBE
    - BHL.3RBE
  : 1
  ? - N36.3PBE
    - QVO23PBE
  : -90
  ? - FAT...J.
    - JHH1IOBE
  : -2
  ? - N14.3EBE
    - QVO23EBE
  : -10
  ? - "B&,2..BE"
    - "J&,2MXBE"
  : -1
  ? - N24.3PBE
    - BHX.3PBE
  : 4
  ? - BP8...BE
    - EP8...BE
  : 1
  ? - BHL3..BE
    - JHL3TGBE
  : -1
  ? - BCL...BE
    - BCL.3PBE
  : -1
  ? - WRO.3PBE
    - BAL.3PBE
  : 93.61705
  ? - BCC...BE
    - BCC.3EBE
  : -1
  ? - N14.3PBE
    - BN4.3PBE
  : 145
  ? - WRO.3RBE
    - BHH.3RBE
  : 85.9962
  ? - NOM.3EBE
    - WRO33EBE
  : 0.5
  ? - WMO.3EBE
    - BCC.3EBE
  : 80.06283
  ? - N24.3EBE
    - BHH.3EBE
  : 4
  ? - X15.3EBE
    - BCH.3EBE
  : -8.2
  ? - N36.3PBE
    - QVO43PBE
  : -90
  ? - WMO.3EBE
    - BHH.3EBE
  : 78.56822
  ? - WMO.3PBE
    - WMO43PBE
  : -1
  ? - WMO.3EBE
    - BCH.3EBE
  : 74.69736
  ? - BP83..BE
    - JP82MXBE
  : 1
  ? - N13.3RBE
    - BHH.3RBE
  : -21.9
  ? - BP83..BE
    - JP83TGBE
  : -1
  ? - NOM.3RBE
    - WMO23RBE
  : 0.5
  ? - BCH4..BE
    - JCH3MXBE
  : 1
  ? - FAT...J.
    - JCC4MXBE
  : 0.1
  ? - NRO.3EBE
    - WRO13EBE
  : 1
  ? - FAT...J.
    - JHX3MXBE
  : 0.001
  ? - N24.3PBE
    - BAL.3PBE
  : 80
  ? - BN44..BE
    - JN44TGBE
  : -1
  ? - N24.3PBE
    - QVO33PBE
  : -50
  ? - WRO.3RBE
    - BCH.3RBE
  : 83.80122
  ? - N14.3EBE
    - BCH.3EBE
  : -12
  ? - BHH3..BE
    - JHH3TGBE
  : -1
  ? - FAT...J.
    - JN43TGBE
  : -0.002
  ? - N36.3RBE
    - QVO23RBE
  : -90
  ? - N24.3PBE
    - BHH.3PBE
  : 4
  ? - X15.3PBE
    - QVO43PBE
  : -47
  ? - BCC3..BE
    - JCC3MXBE
  : -1
  ? - BCC2..BE
    - JCC2TGBE
  : -1
  ? - N36.3RBE
    - BHL.3RBE
  : 100
  ? - BCH2..BE
    - JCH1TGBE
  : 1
  ? - N36.3RBE
    - BP8.3RBE
  : 97
  ? - FAT...J.
    - JHH1MXBE
  : 0.002
  ? - NRO.3EBE
    - QVO43EBE
  : -93
  ? - FAT...J.
    - JHH3MXBE
  : 0.002
  ? - BCH4..BE
    - JCH3TGBE
  : 1
  ? - BHX3..BE
    - JHX2MXBE
  : 1
  ? - FAT...J.
    - JAL1TGBE
  : -0.002
  ? - B3R.VOBE
    - BCC.3RBE
  : 1
  ? - WRO.3EBE
    - BN4.3EBE
  : 94.25784
  ? - X15.3PBE
    - BAL.3PBE
  : 16
  ? - WMO.3RBE
    - BCL.3RBE
  : 79.19421
  ? - WMO.3RBE
    - BP8.3RBE
  : 90.59047
  ? - BHX4..BE
    - JHX4TGBE
  : -1
  ? - N14.3EBE
    - BCC.3EBE
  : 114
  ? - B3R...BE
    - QVO33RBE
  : 1
  ? - BHX3..BE
    - JHX3MXBE
  : -1
  ? - N14.3PBE
    - BP8.3PBE
  : 4
  ? - BLV1..BE
    - JLV1MXBE
  : -1
  ? - XRV.3EBE
    - BLV.3EBE
  : 12
  ? - BN42..BE
    - JN42TGBE
  : -1
  ? - BCL3..BE
    - JCL3MXBE
  : -1
  ? - BCL3..BE
    - JCL3TGBE
  : -1
  ? - XRV.3PBE
    - BN4.3PBE
  : 61.3
  ? - BHX4..BE
    - JHX4MXBE
  : -1
  ? - FAT...J.
    - JHX1TGBE
  : -0.001
  ? - WMO.3PBE
    - BAL.3PBE
  : 88.6782
  ? - BN43..BE
    - JN43TGBE
  : -1
  ? - FAT...J.
    - JAL2TGBE
  : -0.002
  ? - N13.3EBE
    - BHL.3EBE
  : 37
  ? - N14.3RBE
    - BCH.3RBE
  : -12
  ? - X15.3EBE
    - BHH.3EBE
  : -12.5
  ? - WMO.3PBE
    - WMO13PBE
  : -1
  ? - BHL4..BE
    - JHL3MXBE
  : 1
  ? - BLV...BE
    - BLV.3RBE
  : -1
  ? - NOM.3EBE
    - QVO33EBE
  : -89
  ? - BLV3..BE
    - JLV3MXBE
  : -1
  ? - NRO.3EBE
    - WRO33EBE
  : 1
  ? - BN41..BE
    - JN41IOBE
  : 1
  ? - N24.3PBE
    - BP8.3PBE
  : 28.5
  ? - BAL1..BE
    - JAL1IOBE
  : 1
  ? - NOM.3EBE
    - WMO13EBE
  : 0.5
  ? - BHL2..BE
    - JHL1MXBE
  : 1
  ? - BHL2..BE
    - JHL2TGBE
  : -1
  ? - BCC4..BE
    - JCC4TGBE
  : -1
  ? - NRO.3RBE
    - QVO33RBE
  : -91
  ? - N13.3PBE
    - BAL.3PBE
  : 9
  ? - "B&,3..BE"
    - "J&,2MXBE"
  : 1
  ? - FAT...J.
    - JAL2MXBE
  : 0.002
  ? - "B&,2..BE"
    - "J&,2TGBE"
  : -1
  ? - NOM.3PBE
    - QVO33PBE
  : -85
  ? - N14.3PBE
    - BCC.3PBE
  : 114
  ? - BN41..BE
    - JN41MXBE
  : -1
  ? - N14.3EBE
    - BHL.3EBE
  : 49
  ? - FAT...J.
    - JP82TGBE
  : -0.002
  ? - FAT...J.
    - JCC4TGBE
  : -0.1
  ? - X15.3RBE
    - QVO13RBE
  : -47
  ? - B3P...BE
    - QVO13PBE
  : 1
  ? - FAT...J.
    - JAL1IOBE
  : -2
  ? - X15.3EBE
    - BHX.3EBE
  : -12
  ? - XRV.3PBE
    - BCC.3PBE
  : 21.1
  ? - BCL...BE
    - BCL.3RBE
  : -1
  ? - N36.3PBE
    - QVO13PBE
  : -90
  ? - "B&,2..BE"
    - "J&,1TGBE"
  : 1
  ? - FAT...J.
    - JP81MXBE
  : 0.002
  ? - NRO.3PBE
    - QVO13PBE
  : -89
  ? - BCL4..BE
    - JCL3MXBE
  : 1
  ? - XRV.3PBE
    - BCL.3PBE
  : 8
  ? - WRO.3PBE
    - BHL.3PBE
  : 86.96338
  ? - X15.3RBE
    - BCC.3RBE
  : 100
  ? - N36.3PBE
    - BAL.3PBE
  : 99
  ? - FAT...J.
    - JN41MXBE
  : 0.002
  ? - N24.3RBE
    - BAL.3RBE
  : 80
  ? - NRO.3RBE
    - WRO13RBE
  : 1
  ? - XRV.3RBE
    - BHH.3RBE
  : 1
  ? - BLV2..BE
    - JLV2MXBE
  : -1
  ? - B3R.VOBE
    - QVO33RBE
  : -1
  ? - WRO.3PBE
    - WRO33PBE
  : -1
  ? - FAT...J.
    - JHH4MXBE
  : 0.1
  ? - NRO.3RBE
    - WRO43RBE
  : 1
  ? - XRV.3EBE
    - BAL.3EBE
  : 8.2
  ? - BLV2..BE
    - JLV1MXBE
  : 1
  ? - BN43..BE
    - JN42TGBE
  : 1
  ? - WMO.3RBE
    - WMO23RBE
  : -1
  ? - FAT...J.
    - JCH1TGBE
  : -0.002
  ? - FAT...J.
    - JHL3TGBE
  : -0.002
  ? - N14.3PBE
    - BCH.3PBE
  : -12
  ? - BHH4..BE
    - JHH4MXBE
  : -1
  ? - B3P.VOBE
    - BP8.3PBE
  : 1
  ? - X15.3PBE
    - QVO13PBE
  : -47
  ? - N24.3EBE
    - QVO43EBE
  : -50
  ? - WRO.3RBE
    - BP8.3RBE
  : 105.82863
  ? - BCC4..BE
    - JCC3MXBE
  : 1
  ? - XRV.3PBE
    - BLV.3PBE
  : 12
  ? - "B&,1..BE"
    - "J&,1IOBE"
  : 1
  ? - NOM.3RBE
    - WMO43RBE
  : 0.5
  ? - N13.3RBE
    - QVO23RBE
  : -10
  ? - BHH...BE
    - BHH.3PBE
  : -1
  ? - N36.3RBE
    - BCC.3RBE
  : 100
  ? - BAL3..BE
    - JAL2MXBE
  : 1
  ? - X15.3PBE
    - BHL.3PBE
  : 65
  ? - B3R.VOBE
    - BHX.3RBE
  : 1
  ? - N14.3EBE
    - BP8.3EBE
  : 4
  ? - N13.3PBE
    - BLV.3PBE
  : 61
  ? - "B&,2..BE"
    - "J&,1MXBE"
  : 1
  ? - WMO.3EBE
    - BN4.3EBE
  : 88.35746
  ? - X15.3RBE
    - BHH.3RBE
  : -12.5
  ? - N13.3EBE
    - BCH.3EBE
  : -14.8
  ? - WRO.3EBE
    - BCL.3EBE
  : 90.17511
  ? - BP82..BE
    - JP82MXBE
  : -1
  ? - XRV.3PBE
    - QVO13PBE
  : -8.7
  ? - FAT...J.
    - JAL3TGBE
  : -0.002
  ? - N36.3PBE
    - BCH.3PBE
  : 90
  ? - BN4...BE
    - EN4...BE
  : 1
  ? - FAT...J.
    - JCL2MXBE
  : 0.002
  ? - WRO.3EBE
    - BAL.3EBE
  : 93.61705
  ? - B3R...BE
    - QVO23RBE
  : 1
  ? - WRO.3RBE
    - BHX.3RBE
  : 93.1476
  ? - BP81..BE
    - JP81MXBE
  : -1
  ? - XRV.3PBE
    - BHL.3PBE
  : 12.5
  ? - FAT...J.
    - JHL1IOBE
  : -2
  ? - BP84..BE
    - JP83MXBE
  : 1
  ? - X15.3EBE
    - BN4.3EBE
  : 125
  ? - BP82..BE
    - JP81MXBE
  : 1
  ? - X15.3EBE
    - BHL.3EBE
  : 65
  ? - N13.3EBE
    - QVO33EBE
  : -10
  ? - FAT...J.
    - JN44TGBE
  : -0.1
  ? - BCL3..BE
    - JCL2TGBE
  : 1
  ? - X15.3PBE
    - BHX.3PBE
  : -12
  ? - X15.3RBE
    - BHX.3RBE
  : -12
  ? - B3R.VOBE
    - BAL.3RBE
  : 1
  ? - N24.3EBE
    - BAL.3EBE
  : 80
  ? - N24.3RBE
    - QVO13RBE
  : -50
  ? - XRV.3EBE
    - BHX.3EBE
  : 1
  ? - NOM.3PBE
    - WMO23PBE
  : 0.5
  ? - N14.3PBE
    - BHH.3PBE
  : -18
  ? - FAT...J.
    - JN43MXBE
  : 0.002
  ? - B3E.VOBE
    - QVO13EBE
  : -1
  ? - FAT...J.
    - JP82MXBE
  : 0.002
  ? - N24.3PBE
    - QVO43PBE
  : -50
  ? - BHX...BE
    - BHX.3RBE
  : -1
  ? - B3R.VOBE
    - QVO13RBE
  : -1
  ? - BAL4..BE
    - JAL4MXBE
  : -1
  ? - NOM.3RBE
    - WRO43RBE
  : 0.5
  ? - N13.3RBE
    - QVO13RBE
  : -10
  ? - FAT...J.
    - JHH2MXBE
  : 0.002
  ? - BAL2..BE
    - JAL1TGBE
  : 1
  ? - N13.3RBE
    - BP8.3RBE
  : 3.6
  ? - N14.3EBE
    - BHH.3EBE
  : -18
  ? - BAL1..BE
    - JAL1TGBE
  : -1
  ? - NRO.3EBE
    - QVO23EBE
  : -93
  ? - WMO.3EBE
    - BHX.3EBE
  : 82.59274
  ? - N36.3RBE
    - BN4.3RBE
  : 100
  ? - B3R.VOBE
    - BP8.3RBE
  : 1
  ? - BLV2..BE
    - JLV2TGBE
  : -1
  ? - NOM.3PBE
    - QVO23PBE
  : -85
  ? - WMO.3EBE
    - WMO13EBE
  : -1
  ? - BP82..BE
    - JP82TGBE
  : -1
  ? - BAL3..BE
    - JAL2TGBE
  : 1
  ? - FAT...J.
    - JHL2TGBE
  : -0.002
  ? - N13.3EBE
    - BHH.3EBE
  : -21.9
  ? - B3P...BE
    - QVO23PBE
  : 1
  ? - N36.3RBE
    - QVO33RBE
  : -90
  ? - N13.3EBE
    - BAL.3EBE
  : 9
  ? - BHX1..BE
    - JHX1MXBE
  : -1
  ? - NRO.3PBE
    - WRO33PBE
  : 1
  ? - WRO.3EBE
    - BP8.3EBE
  : 105.82863
  ? - BAL...BE
    - BAL.3EBE
  : -1
  ? - N14.3PBE
    - QVO13PBE
  : -10
  ? - WRO.3PBE
    - BCL.3PBE
  : 90.17511
  ? - BHL...BE
    - BHL.3PBE
  : -1
  ? - BAL1..BE
    - JAL1MXBE
  : -1
  ? - N36.3EBE
    - BCL.3EBE
  : 100
  ? - BCL1..BE
    - JCL1TGBE
  : -1
  ? - FAT...J.
    - JHX4MXBE
  : 0.1
  ? - N13.3PBE
    - QVO13PBE
  : -10
  ? - BN42..BE
    - JN41TGBE
  : 1
  ? - BHH2..BE
    - JHH2MXBE
  : -1
  ? - B3P...BE
    - QVO33PBE
  : 1
  ? - X15.3PBE
    - QVO33PBE
  : -47
  ? - BCH...BE
    - BCH.3PBE
  : -1
  ? - N24.3PBE
    - BHL.3PBE
  : 98
  ? - "B&,1..BE"
    - "J&,1TGBE"
  : -1
  ? - BHL2..BE
    - JHL2MXBE
  : -1
  ? - BHX1..BE
    - JHX1IOBE
  : 1
  ? - FAT...J.
    - JN42TGBE
  : -0.002
  ? - N13.3PBE
    - BHX.3PBE
  : -21.9
  ? - N13.3RBE
    - BCL.3RBE
  : 2
  ? - B3R.VOBE
    - BLV.3RBE
  : 1
  ? - X15.3RBE
    - BLV.3RBE
  : 79
  ? - BCC1..BE
    - JCC1MXBE
  : -1
  ? - WRO.3EBE
    - BHH.3EBE
  : 85.9962
  ? - N36.3EBE
    - QVO13EBE
  : -90
  ? - N36.3RBE
    - BCL.3RBE
  : 100
  ? - FAT...J.
    - JHX1IOBE
  : -2
  ? - WRO.3EBE
    - BHX.3EBE
  : 93.1476
  ? - XRV.3RBE
    - BLV.3RBE
  : 12
  ? - FAT...J.
    - JLV2MXBE
  : 0.002
  ? - BHX3..BE
    - JHX2TGBE
  : 1
  ? - WMO.3EBE
    - WMO23EBE
  : -1
  ? - BN43..BE
    - JN43MXBE
  : -1
  ? - BAL3..BE
    - JAL3TGBE
  : -1
  ? - NOM.3PBE
    - WRO33PBE
  : 0.5
  ? - X15.3RBE
    - BCL.3RBE
  : 43
  ? - FAT...J.
    - JN44MXBE
  : 0.1
  ? - B3P.VOBE
    - BAL.3PBE
  : 1
  ? - FAT...J.
    - JCC2MXBE
  : 0.002
  ? - N14.3PBE
    - BHX.3PBE
  : -18
  ? - BN44..BE
    - JN44MXBE
  : -1
  ? - X15.3RBE
    - BHL.3RBE
  : 65
  ? - BAL4..BE
    - JAL4TGBE
  : -1
  ? - BHX1..BE
    - JHX1TGBE
  : -1
  ? - WMO.3RBE
    - BLV.3RBE
  : 76.50646
  ? - FAT...J.
    - JLV2TGBE
  : -0.002
  ? - "B&,3..BE"
    - "J&,3MXBE"
  : -1
  ? - N14.3RBE
    - BHX.3RBE
  : -18
  ? - FAT...J.
    - JCL4TGBE
  : -0.1
  ? - N24.3PBE
    - BN4.3PBE
  : 100
  ? - BHH4..BE
    - JHH4TGBE
  : -1
  ? - XRV.3EBE
    - QVO43EBE
  : -8.7
  ? - XRV.3RBE
    - BCL.3RBE
  : 8
  ? - X15.3RBE
    - BCH.3RBE
  : -8.2
  ? - B3E.VOBE
    - BP8.3EBE
  : 1
  ? - N13.3EBE
    - BN4.3EBE
  : 145
  ? - X15.3EBE
    - BP8.3EBE
  : 6.2
  ? - N13.3PBE
    - BP8.3PBE
  : 3.6
  ? - FAT...J.
    - JHX2MXBE
  : 0.001
  ? - BHL3..BE
    - JHL2TGBE
  : 1
  ? - XRV.3PBE
    - BHH.3PBE
  : 1
  ? - N14.3PBE
    - BLV.3PBE
  : 68
  ? - BN42..BE
    - JN42MXBE
  : -1
  ? - B3E.VOBE
    - QVO23EBE
  : -1
  ? - B3R.VOBE
    - QVO23RBE
  : -1
  ? - NOM.3RBE
    - QVO23RBE
  : -88
  ? - BHL1..BE
    - JHL1IOBE
  : 1
  ? - BLV3..BE
    - JLV2MXBE
  : 1
  ? - "B&,3..BE"
    - "J&,3TGBE"
  : -1
  ? - BAL4..BE
    - JAL3TGBE
  : 1
  ? - BCL4..BE
    - JCL3TGBE
  : 1
  ? - XRV.3RBE
    - BP8.3RBE
  : 6
  ? - N36.3RBE
    - BHX.3RBE
  : 96.5
  ? - N36.3RBE
    - QVO13RBE
  : -90
  ? - N36.3PBE
    - QVO33PBE
  : -90
  ? - NRO.3RBE
    - QVO13RBE
  : -91
  ? - N14.3RBE
    - QVO33RBE
  : -10
  ? - X15.3EBE
    - QVO23EBE
  : -47
  ? - BN41..BE
    - JN41TGBE
  : -1
  ? - N13.3RBE
    - QVO43RBE
  : -10
  ? - WMO.3RBE
    - WMO33RBE
  : -1
  ? - NRO.3PBE
    - QVO23PBE
  : -89
  ? - BCL2..BE
    - JCL1MXBE
  : 1
  ? - FAT...J.
    - JP83MXBE
  : 0.002
  ? - WRO.3RBE
    - BLV.3RBE
  : 78.21025
  ? - B3E.VOBE
    - BN4.3EBE
  : 1
  ? - BHH...BE
    - BHH.3RBE
  : -1
  ? - N14.3RBE
    - BHH.3RBE
  : -18
  ? - X15.3EBE
    - BCC.3EBE
  : 100
  ? - FAT...J.
    - JP81IOBE
  : -2
  ? - NOM.3PBE
    - WRO23PBE
  : 0.5
  ? - BCH1..BE
    - JCH1TGBE
  : -1
  ? - N24.3PBE
    - BCH.3PBE
  : 2.4
  ? - N13.3EBE
    - BCC.3EBE
  : 116.8
  ? - BHH1..BE
    - JHH1MXBE
  : -1
  ? - N14.3EBE
    - BAL.3EBE
  : 12
  ? - BCL1..BE
    - JCL1IOBE
  : 1
  ? - FAT...J.
    - JHX3TGBE
  : -0.001
  ? - BCC1..BE
    - JCC1TGBE
  : -1
  ? - FAT...J.
    - JP81TGBE
  : -0.002
  ? - "B&,4..BE"
    - "J&,3TGBE"
  : 1
  ? - BN4...BE
    - BN4.3EBE
  : -1
  ? - BP81..BE
    - JP81IOBE
  : 1
  ? - BHX2..BE
    - JHX1TGBE
  : 1
  ? - B3P.VOBE
    - BCC.3PBE
  : 1
  ? - N24.3RBE
    - BCC.3RBE
  : 100
  ? - N36.3PBE
    - BP8.3PBE
  : 97
  ? - FAT...J.
    - JHH1TGBE
  : -0.002
  ? - N24.3PBE
    - QVO13PBE
  : -50
  ? - BAL2..BE
    - JAL2TGBE
  : -1
  ? - B3E.VOBE
    - BCC.3EBE
  : 1
  ? - WRO.3EBE
    - BCC.3EBE
  : 99.22401
  ? - N36.3RBE
    - BCH.3RBE
  : 90
  ? - FAT...J.
    - JN42MXBE
  : 0.002
  ? - BLV4..BE
    - JLV3MXBE
  : 1
  ? - N14.3EBE
    - QVO13EBE
  : -10
  ? - BN44..BE
    - JN43MXBE
  : 1
  ? - BCH3..BE
    - JCH3TGBE
  : -1
  ? - B3P...BE
    - QVO43PBE
  : 1
  ? - N24.3RBE
    - QVO43RBE
  : -50
  ? - NRO.3RBE
    - QVO43RBE
  : -91
  ? - BCH...BE
    - BCH.3RBE
  : -1
  ? - X15.3RBE
    - QVO33RBE
  : -47
  ? - N36.3EBE
    - BP8.3EBE
  : 97
  ? - BHL4..BE
    - JHL3TGBE
  : 1
  ? - N13.3RBE
    - QVO33RBE
  : -10
  ? - XRV.3RBE
    - BN4.3RBE
  : 61.3
  ? - BLV...BE
    - ELV...BE
  : 1
  ? - NOM.3RBE
    - WMO13RBE
  : 0.5
  ? - NOM.3EBE
    - QVO23EBE
  : -89
  ? - BAL...BE
    - BAL.3RBE
  : -1
  ? - FAT...J.
    - JAL4MXBE
  : 0.1
  ? - WMO.3PBE
    - BCL.3PBE
  : 79.19421
  ? - BCC2..BE
    - JCC2MXBE
  : -1
  ? - WMO.3PBE
    - WMO23PBE
  : -1
  ? - N13.3RBE
    - BLV.3RBE
  : 61
  ? - X15.3EBE
    - QVO13EBE
  : -47
  ? - WRO.3EBE
    - WRO33EBE
  : -1
  ? - N14.3EBE
    - BHX.3EBE
  : -18
  ? - FAT...J.
    - JAL3MXBE
  : 0.002
  ? - NOM.3EBE
    - QVO43EBE
  : -89
  ? - N36.3RBE
    - QVO43RBE
  : -90
  ? - NOM.3PBE
    - WRO43PBE
  : 0.5
  ? - X15.3PBE
    - QVO23PBE
  : -47
  ? - N13.3RBE
    - BCC.3RBE
  : 116.8
  ? - N14.3RBE
    - BN4.3RBE
  : 145
  ? - FAT...J.
    - JHL2MXBE
  : 0.002
  ? - BCH4..BE
    - JCH4TGBE
  : -1
  ? - FAT...J.
    - JCC3TGBE
  : -0.002
  ? - XRV.3RBE
    - BAL.3RBE
  : 8.2
  ? - NOM.3PBE
    - QVO13PBE
  : -85
  ? - BCC3..BE
    - JCC3TGBE
  : -1
  ? - BCH...BE
    - ECH...BE
  : 1
  ? - N36.3EBE
    - BCH.3EBE
  : 90
  ? - B3E.VOBE
    - QVO33EBE
  : -1
  ? - B3P.VOBE
    - BCH.3PBE
  : 1
  ? - BCC...BE
    - BCC.3RBE
  : -1
  ? - B3R.VOBE
    - BCL.3RBE
  : 1
  ? - XRV.3PBE
    - BCH.3PBE
  : 2
  ? - N24.3RBE
    - BHL.3RBE
  : 98
  ? - FAT...J.
    - JN41TGBE
  : -0.002
  ? - B3R...BE
    - QVO43RBE
  : 1
  ? - BAL...BE
    - EAL...BE
  : 1
  ? - N36.3EBE
    - QVO33EBE
  : -90
  ? - NOM.3PBE
    - WMO13PBE
  : 0.5
  ? - BCH3..BE
    - JCH2TGBE
  : 1
  ? - N36.3RBE
    - BHH.3RBE
  : 96.5
  ? - B3E...BE
    - D3E...BE
  : -1
  ? - BN44..BE
    - JN43TGBE
  : 1
  ? - WRO.3RBE
    - WRO33RBE
  : -1
  ? - N24.3RBE
    - QVO23RBE
  : -50
  ? - XRV.3PBE
    - BP8.3PBE
  : 6
  ? - N36.3EBE
    - BHL.3EBE
  : 100
  ? - N13.3PBE
    - BCC.3PBE
  : 116.8
  ? - N24.3EBE
    - QVO23EBE
  : -50
  ? - NRO.3EBE
    - WRO23EBE
  : 1
  ? - N14.3RBE
    - QVO23RBE
  : -10
  ? - N36.3PBE
    - BHL.3PBE
  : 100
  ? - BLV2..BE
    - JLV1TGBE
  : 1
  ? - X15.3PBE
    - BLV.3PBE
  : 79
  ? - BAL...BE
    - BAL.3PBE
  : -1
  ? - FAT...J.
    - JP83TGBE
  : -0.002
  ? - FAT...J.
    - JCH3TGBE
  : -0.002
  ? - XRV.3EBE
    - BCC.3EBE
  : 21.1
  ? - N36.3EBE
    - BCC.3EBE
  : 100
  ? - XRV.3EBE
    - BCH.3EBE
  : 2
  ? - N14.3PBE
    - BAL.3PBE
  : 12
  ? - NOM.3RBE
    - QVO33RBE
  : -88
  ? - N13.3EBE
    - QVO43EBE
  : -10
  ? - X15.3EBE
    - QVO33EBE
  : -47
  ? - BCL4..BE
    - JCL4TGBE
  : -1
  ? - NOM.3PBE
    - QVO43PBE
  : -85
  ? - WMO.3RBE
    - BHL.3RBE
  : 82.92224
  ? - N36.3PBE
    - BCC.3PBE
  : 100
  ? - BLV4..BE
    - JLV4TGBE
  : -1
  ? - N24.3PBE
    - BLV.3PBE
  : 95
  ? - N13.3RBE
    - BHX.3RBE
  : -21.9
  ? - BHH3..BE
    - JHH2MXBE
  : 1
  ? - N13.3EBE
    - QVO23EBE
  : -10
  ? - WRO.3PBE
    - WRO13PBE
  : -1
  ? - FAT...J.
    - JLV1IOBE
  : -2
  ? - B3P...BE
    - M3..3TBE
  : -0.38
  ? - BHX3..BE
    - JHX3TGBE
  : -1
  ? - NOM.3PBE
    - WMO43PBE
  : 0.5
  ? - WRO.3RBE
    - BAL.3RBE
  : 93.61705
  ? - N36.3EBE
    - BN4.3EBE
  : 100
  ? - BCC...BE
    - BCC.3PBE
  : -1
  ? - N24.3PBE
    - BCL.3PBE
  : 95
  ? - B3R.VOBE
    - BN4.3RBE
  : 1
  ? - FAT...J.
    - JLV1TGBE
  : -0.002
  ? - BCH2..BE
    - JCH2TGBE
  : -1
  ? - NRO.3PBE
    - QVO33PBE
  : -89
  ? - B3P.VOBE
    - BHX.3PBE
  : 1
  ? - NOM.3RBE
    - WRO33RBE
  : 0.5
  ? - N13.3PBE
    - QVO43PBE
  : -10
  ? - WRO.3EBE
    - WRO43EBE
  : -1
  ? - N36.3PBE
    - BCL.3PBE
  : 100
  ? - N24.3EBE
    - BLV.3EBE
  : 95
  ? - BCC...BE
    - ECC...BE
  : 1
  ? - FAT...J.
    - JHL4TGBE
  : -0.1
  ? - B3P...BE
    - D3P...BE
  : -1
  ? - WMO.3RBE
    - BHH.3RBE
  : 78.56822
  ? - FAT...J.
    - JCC1IOBE
  : -2
  ? - WMO.3RBE
    - BAL.3RBE
  : 88.6782
  ? - BP83..BE
    - JP83MXBE
  : -1
  ? - WMO.3PBE
    - BLV.3PBE
  : 76.50646
  ? - BHL...BE
    - BHL.3EBE
  : -1
  ? - "B&,1..BE"
    - "J&,1MXBE"
  : -1
  ? - NOM.3EBE
    - WMO23EBE
  : 0.5
  ? - WRO.3EBE
    - WRO23EBE
  : -1
  ? - N24.3EBE
    - BCL.3EBE
  : 95
  ? - N36.3RBE
    - BLV.3RBE
  : 100
  ? - NRO.3PBE
    - WRO43PBE
  : 1
  ? - FAT...J.
    - JLV1MXBE
  : 0.002
  ? - BAL2..BE
    - JAL2MXBE
  : -1
  ? - FAT...J.
    - JCH2MXBE
  : 0.002
  ? - BHL4..BE
    - JHL4TGBE
  : -1
  ? - BHX...BE
    - BHX.3EBE
  : -1
  ? - N24.3RBE
    - BP8.3RBE
  : 28.5
  ? - BP84..BE
    - JP84TGBE
  : -1
  ? - B3E...BE
    - QVO43EBE
  : 1
  ? - WRO.3PBE
    - WRO43PBE
  : -1
  ? - BHH2..BE
    - JHH2TGBE
  : -1
  ? - BLV3..BE
    - JLV2TGBE
  : 1
  ? - N13.3EBE
    - QVO13EBE
  : -10
  ? - FAT...J.
    - JP84MXBE
  : 0.1
  ? - FAT...J.
    - JCH1IOBE
  : -2
  ? - BHH4..BE
    - JHH3TGBE
  : 1
  ? - BCH1..BE
    - JCH1MXBE
  : -1
  ? - BHH1..BE
    - JHH1IOBE
  : 1
  ? - N13.3RBE
    - BN4.3RBE
  : 145
  ? - WRO.3RBE
    - BCC.3RBE
  : 99.22401
  ? - BHH2..BE
    - JHH1MXBE
  : 1
  ? - XRV.3PBE
    - QVO23PBE
  : -8.7
  ? - BCC4..BE
    - JCC3TGBE
  : 1
  ? - XRV.3EBE
    - QVO13EBE
  : -8.7
  ? - BCL2..BE
    - JCL2TGBE
  : -1
  ? - BHL1..BE
    - JHL1MXBE
  : -1
  ? - B3R...BE
    - QVO13RBE
  : 1
  ? - BHH...BE
    - EHH...BE
  : 1
  ? - B3E.VOBE
    - BLV.3EBE
  : 1
  ? - X15.3RBE
    - BP8.3RBE
  : 6.2
  ? - FAT...J.
    - JHH3TGBE
  : -0.002
  ? - N24.3RBE
    - QVO33RBE
  : -50
  ? - XRV.3RBE
    - BCH.3RBE
  : 2
  ? - WMO.3EBE
    - BCL.3EBE
  : 79.19421
  ? - BCH4..BE
    - JCH4MXBE
  : -1
  ? - BN42..BE
    - JN41MXBE
  : 1
  ? - BCC3..BE
    - JCC2MXBE
  : 1
  ? - FAT...J.
    - JLV4TGBE
  : -0.1
  ? - N14.3RBE
    - QVO43RBE
  : -10
  ? - NRO.3PBE
    - WRO13PBE
  : 1
  ? - BHL2..BE
    - JHL1TGBE
  : 1
  ? - B3P.VOBE
    - BHH.3PBE
  : 1
  ? - NOM.3EBE
    - WMO43EBE
  : 0.5
  ? - WRO.3RBE
    - WRO43RBE
  : -1
  ? - BCL1..BE
    - JCL1MXBE
  : -1
  ? - WRO.3PBE
    - BHH.3PBE
  : 85.9962
  ? - B3E.VOBE
    - BAL.3EBE
  : 1
  ? - X15.3EBE
    - BAL.3EBE
  : 16
  ? - FAT...J.
    - JCL1MXBE
  : 0.002
  ? - N13.3PBE
    - QVO23PBE
  : -10
  ? - NRO.3RBE
    - QVO23RBE
  : -91
  ? - BP84..BE
    - JP83TGBE
  : 1
  ? - N13.3RBE
    - BAL.3RBE
  : 9
  ? - BP83..BE
    - JP82TGBE
  : 1
  ? - "B&,4..BE"
    - "J&,3MXBE"
  : 1
  ? - N24.3EBE
    - BCH.3EBE
  : 2.4
  ? - N24.3EBE
    - BHL.3EBE
  : 98
  ? - BAL3..BE
    - JAL3MXBE
  : -1
  ? - BP8...BE
    - BP8.3RBE
  : -1
  ? - WMO.3RBE
    - BHX.3RBE
  : 82.59274
  ? - WMO.3RBE
    - WMO43RBE
  : -1
  ? - FAT...J.
    - JLV3TGBE
  : -0.002
  ? - WMO.3PBE
    - BCC.3PBE
  : 80.06283
  ? - N14.3RBE
    - BP8.3RBE
  : 4
  ? - BLV1..BE
    - JLV1TGBE
  : -1
  ? - N24.3RBE
    - BHH.3RBE
  : 4
  ? - N36.3RBE
    - BAL.3RBE
  : 99
  ? - B3P.VOBE
    - QVO23PBE
  : -1
  ? - NRO.3EBE
    - QVO33EBE
  : -93
  ? - N36.3EBE
    - BHX.3EBE
  : 96.5
  ? - FAT...J.
    - JHX1MXBE
  : 0.001
  ? - WMO.3EBE
    - BP8.3EBE
  : 90.59047
  ? - "B&,3..BE"
    - "J&,2TGBE"
  : 1
  ? - N14.3EBE
    - BCL.3EBE
  : 9
  ? - NOM.3RBE
    - WMO33RBE
  : 0.5
  ? - FAT...J.
    - JCC2TGBE
  : -0.002
  ? - X15.3RBE
    - QVO23RBE
  : -47
  ? - WMO.3PBE
    - BCH.3PBE
  : 74.69736
  ? - N13.3PBE
    - BCH.3PBE
  : -14.8
  ? - WMO.3RBE
    - WMO13RBE
  : -1
  ? - BHL...BE
    - BHL.3RBE
  : -1
  ? - N13.3PBE
    - BN4.3PBE
  : 145
  ? - WRO.3EBE
    - WRO13EBE
  : -1
  ? - XRV.3EBE
    - BN4.3EBE
  : 61.3
  ? - B3E.VOBE
    - BCL.3EBE
  : 1
  ? - BCH2..BE
    - JCH1MXBE
  : 1
  ? - B3R...BE
    - D3R...BE
  : -1
  ? - N14.3RBE
    - QVO13RBE
  : -10
  ? - N36.3EBE
    - QVO23EBE
  : -90
  ? - XRV.3RBE
    - QVO23RBE
  : -8.7
  ? - BAL4..BE
    - JAL3MXBE
  : 1
  ? - FAT...J.
    - JCH3MXBE
  : 0.002
  ? - WMO.3EBE
    - BLV.3EBE
  : 76.50646
  ? - FAT...J.
    - JP84TGBE
  : -0.1
  ? - NOM.3RBE
    - WRO13RBE
  : 0.5
  ? - B3E.VOBE
    - QVO43EBE
  : -1
  ? - NRO.3PBE
    - QVO43PBE
  : -89
  ? - BHL3..BE
    - JHL3MXBE
  : -1
  ? - X15.3RBE
    - BAL.3RBE
  : 16
  ? - WMO.3PBE
    - BP8.3PBE
  : 90.59047
  ? - BHX...BE
    - EHX...BE
  : 1
  ? - NOM.3RBE
    - WRO23RBE
  : 0.5
  ? - FAT...J.
    - JLV4MXBE
  : 0.1
  ? - B3P.VOBE
    - BHL.3PBE
  : 1
  ? - N14.3PBE
    - BHL.3PBE
  : 49
  ? - BCL3..BE
    - JCL2MXBE
  : 1
  ? - XRV.3RBE
    - QVO33RBE
  : -8.7
  ? - N14.3EBE
    - QVO43EBE
  : -10
  ? - N36.3PBE
    - BN4.3PBE
  : 100
  ? - WMO.3EBE
    - WMO43EBE
  : -1
  ? - X15.3RBE
    - BN4.3RBE
  : 125
  ? - BN43..BE
    - JN42MXBE
  : 1
  ? - N14.3PBE
    - QVO33PBE
  : -10
  ? - BHH2..BE
    - JHH1TGBE
  : 1
  ? - N24.3EBE
    - BCC.3EBE
  : 100
  ? - B3E.VOBE
    - BHH.3EBE
  : 1
  ? - XRV.3EBE
    - BCL.3EBE
  : 8
  ? - N36.3PBE
    - BLV.3PBE
  : 100
  ? - WMO.3EBE
    - BAL.3EBE
  : 88.6782
  ? - XRV.3RBE
    - BHX.3RBE
  : 1
  ? - WRO.3PBE
    - BHX.3PBE
  : 93.1476
  ? - XRV.3RBE
    - BCC.3RBE
  : 21.1
  ? - B3E...BE
    - QVO33EBE
  : 1
  ? - FAT...J.
    - JCH1MXBE
  : 0.002
  ? - X15.3PBE
    - BHH.3PBE
  : -12.5
  ? - XRV.3PBE
    - QVO33PBE
  : -8.7
  ? - N14.3RBE
    - BCL.3RBE
  : 9
  ? - XRV.3RBE
    - QVO13RBE
  : -8.7
  ? - X15.3EBE
    - QVO43EBE
  : -47
  ? - B3R.VOBE
    - QVO43RBE
  : -1
  ? - X15.3PBE
    - BN4.3PBE
  : 125
  ? - FAT...J.
    - JAL1MXBE
  : 0.002
  ? - XRV.3EBE
    - QVO23EBE
  : -8.7
  ? - FAT...J.
    - JCC3MXBE
  : 0.002
  ? - NRO.3RBE
    - WRO33RBE
  : 1
  ? - NOM.3EBE
    - QVO13EBE
  : -89
  ? - N36.3EBE
    - QVO43EBE
  : -90
  ? - WMO.3RBE
    - BCC.3RBE
  : 80.06283
  ? - BCH2..BE
    - JCH2MXBE
  : -1
  ? - N14.3EBE
    - BLV.3EBE
  : 68
  ? - N13.3EBE
    - BP8.3EBE
  : 3.6
  ? - N14.3RBE
    - BCC.3RBE
  : 114
  ? - N36.3EBE
    - BHH.3EBE
  : 96.5
  ? - BHX2..BE
    - JHX1MXBE
  : 1
  ? - FAT...J.
    - JLV3MXBE
  : 0.002
  ? - WMO.3EBE
    - WMO33EBE
  : -1
  ? - N14.3EBE
    - BN4.3EBE
  : 145
  ? - BHL...BE
    - EHL...BE
  : 1
  ? - N14.3PBE
    - QVO43PBE
  : -10
  ? - WRO.3PBE
    - BCH.3PBE
  : 83.80122
  ? - WRO.3EBE
    - BCH.3EBE
  : 83.80122
  ? - N24.3RBE
    - BCL.3RBE
  : 95
  ? - BCC4..BE
    - JCC4MXBE
  : -1
  ? - X15.3PBE
    - BP8.3PBE
  : 6.2
  ? - BCC3..BE
    - JCC2TGBE
  : 1
  ? - BHH3..BE
    - JHH2TGBE
  : 1
  ? - BCH...BE
    - BCH.3EBE
  : -1
  ? - B3E...BE
    - M3..3TBE
  : -0.12
  ? - BCC1..BE
    - JCC1IOBE
  : 1
  ? - N24.3EBE
    - BP8.3EBE
  : 28.5
  ? - WRO.3RBE
    - WRO23RBE
  : -1
  ? - BLV1..BE
    - JLV1IOBE
  : 1
  ? - B3E.VOBE
    - BHX.3EBE
  : 1
  ? - B3R.VOBE
    - BCH.3RBE
  : 1
  ? - FAT...J.
    - JCL2TGBE
  : -0.002
  ? - N24.3PBE
    - QVO23PBE
  : -50
  ? - BP81..BE
    - JP81TGBE
  : -1
  ? - N24.3EBE
    - QVO13EBE
  : -50
  ? - XRV.3EBE
    - QVO33EBE
  : -8.7
  ? - WMO.3PBE
    - WMO33PBE
  : -1
  ? - BLV4..BE
    - JLV4MXBE
  : -1
  ? - N24.3EBE
    - QVO33EBE
  : -50
  ? - B3P.VOBE
    - QVO43PBE
  : -1
  ? - FAT...J.
    - JHL1MXBE
  : 0.002
  ? - BP8...BE
    - BP8.3EBE
  : -1
  ? - BP82..BE
    - JP81TGBE
  : 1
  ? - B3P.VOBE
    - BCL.3PBE
  : 1
  ? - N36.3EBE
    - BLV.3EBE
  : 100
  ? - FAT...J.
    - JCL4MXBE
  : 0.1
  ? - N24.3EBE
    - BHX.3EBE
  : 4
  ? - WRO.3PBE
    - BLV.3PBE
  : 78.21025
  ? - X15.3EBE
    - BLV.3EBE
  : 79
  ? - FAT...J.
    - JCC1MXBE
  : 0.002
  ? - N36.3PBE
    - BHX.3PBE
  : 96.5
  ? - BAL2..BE
    - JAL1MXBE
  : 1
  ? - FAT...J.
    - JHX2TGBE
  : -0.001
  ? - N24.3EBE
    - BN4.3EBE
  : 100
  ? - N14.3PBE
    - BCL.3PBE
  : 9
  ? - BHX2..BE
    - JHX2TGBE
  : -1
  ? - NRO.3EBE
    - QVO13EBE
  : -93
  ? - X15.3PBE
    - BCH.3PBE
  : -8.2
  ? - N14.3RBE
    - BHL.3RBE
  : 49
  ? - B3E...BE
    - QVO23EBE
  : 1
  ? - BLV3..BE
    - JLV3TGBE
  : -1
  ? - XRV.3EBE
    - BHH.3EBE
  : 1
  ? - XRV.3PBE
    - BHX.3PBE
  : 1
  ? - WMO.3PBE
    - BN4.3PBE
  : 88.35746
  ? - BLV...BE
    - BLV.3PBE
  : -1
  ? - BHX4..BE
    - JHX3MXBE
  : 1
  ? - WMO.3RBE
    - BN4.3RBE
  : 88.35746
  ? - BHX4..BE
    - JHX3TGBE
  : 1
  ? - FAT...J.
    - JHL4MXBE
  : 0.1
  ? - BP84..BE
    - JP84MXBE
  : -1
  ? - XRV.3PBE
    - QVO43PBE
  : -8.7
  ? - WRO.3RBE
    - BN4.3RBE
  : 94.25784
  ? - N36.3PBE
    - BHH.3PBE
  : 96.5
  ? - NOM.3RBE
    - QVO43RBE
  : -88
  ? - X15.3PBE
    - BCL.3PBE
  : 43
  ? - BHH4..BE
    - JHH3MXBE
  : 1
  ? - NOM.3EBE
    - WMO33EBE
  : 0.5
  ? - "B&,4..BE"
    - "J&,4MXBE"
  : -1
  ? - WRO.3PBE
    - BN4.3PBE
  : 94.25784
  ? - FAT...J.
    - JAL4TGBE
  : -0.1
  ? - BHX...BE
    - BHX.3PBE
  : -1
  ? - XRV.3RBE
    - BHL.3RBE
  : 12.5
  ? - B3E.VOBE
    - BHL.3EBE
  : 1
  ? - B3T...BE
    - M3..3TBE
  : 1
  ? - N13.3EBE
    - BCL.3EBE
  : 2
  ? - BN4...BE
    - BN4.3PBE
  : -1
  ? - BCC2..BE
    - JCC1MXBE
  : 1
  ? - N13.3RBE
    - BHL.3RBE
  : 37
  ? - BCC2..BE
    - JCC1TGBE
  : 1
  ? - FAT...J.
    - JCL1TGBE
  : -0.002
  ? - B3P.VOBE
    - QVO33PBE
  : -1
  ? - FAT...J.
    - JCL3MXBE
  : 0.002
  ? - WRO.3PBE
    - WRO23PBE
  : -1
  ? - NOM.3EBE
    - WRO23EBE
  : 0.5
  ? - BHH1..BE
    - JHH1TGBE
  : -1
  ? - B3E.VOBE
    - BCH.3EBE
  : 1
  ? - B3E...BE
    - QVO13EBE
  : 1
  ? - BHH3..BE
    - JHH3MXBE
  : -1
  ? - BLV...BE
    - BLV.3EBE
  : -1
  ? - WRO.3RBE
    - WRO13RBE
  : -1
  ? - WRO.3PBE
    - BP8.3PBE
  : 105.82863
  ? - N14.3RBE
    - BLV.3RBE
  : 68
  ? - BCH3..BE
    - JCH2MXBE
  : 1
  ? - FAT...J.
    - JHL3MXBE
  : 0.002
  ? - N24.3RBE
    - BLV.3RBE
  : 95
  ? - FAT...J.
    - JCL3TGBE
  : -0.002
  ? - FAT...J.
    - JCH4MXBE
  : 0.1
  ? - X15.3RBE
    - QVO43RBE
  : -47
  ? - NRO.3EBE
    - WRO43EBE
  : 1
  ? - N13.3PBE
    - BHH.3PBE
  : -21.9
  ? - N13.3PBE
    - BHL.3PBE
  : 37
  ? - B3R...BE
    - M3..3TBE
  : -0.5
  ? - FAT...J.
    - JHL1TGBE
  : -0.002
  ? - WMO.3PBE
    - BHL.3PBE
  : 82.92224
  ? - XRV.3RBE
    - QVO43RBE
  : -8.7
rhs: {}
bounds:
  BOUND:
    ? - JAL4MXBE
      - Up
    : 20
    ? - JCH1MXBE
      - Up
    : 53
    ? - JP83TGBE
      - Up
    : 71
    ? - JLV2TGBE
      - Up
    : 8
    ? - JCH1IOBE
      - Up
    : 87
    ? - JHL1IOBE
      - Up
    : 20
    ? - JHX1MXBE
      - Fx
    : 0
    ? - "J&,2TGBE"
      - Up
    : 121
    ? - JHL2TGBE
      - Up
    : 15
    ? - JHH1MXBE
      - Up
    : 75
    ? - JLV4TGBE
      - Fx
    : 0
    ? - JHL4TGBE
      - Fx
    : 0
    ? - JAL2TGBE
      - Lo
    : 10
    ? - JCH1TGBE
      - Up
    : 77
    ? - JHX2TGBE
      - Fx
    : 0
    ? - JAL2TGBE
      - Up
    : 50
    ? - JCH4TGBE
      - Fx
    : 0
    ? - JLV4MXBE
      - Up
    : 20
    ? - JCC1TGBE
      - Lo
    : 5
    ? - JCC3MXBE
      - Up
    : 55
    ? - "J&,3TGBE"
      - Up
    : 110
    ? - JCC2MXBE
      - Up
    : 55
    ? - "J&,1TGBE"
      - Up
    : 121
    ? - JLV1TGBE
      - Lo
    : 2
    ? - JHH4TGBE
      - Fx
    : 0
    ? - JCH3TGBE
      - Lo
    : 10
    ? - JHX3TGBE
      - Fx
    : 0
    ? - JN44MXBE
      - Fx
    : 0
    ? - JHH2TGBE
      - Fx
    : 0
    ? - "J&,3MXBE"
      - Lo
    : 0
    ? - JN42MXBE
      - Up
    : 480
    ? - JCL3TGBE
      - Lo
    : 5
    ? - JP81IOBE
      - Up
    : 71
    ? - JLV2MXBE
      - Up
    : 67
    ? - JP84TGBE
      - Fx
    : 0
    ? - JP83MXBE
      - Up
    : 154
    ? - JAL1TGBE
      - Lo
    : 10
    ? - JCC2TGBE
      - Lo
    : 5
    ? - JLV3MXBE
      - Up
    : 67
    ? - JHL3TGBE
      - Up
    : 25
    ? - JHL1TGBE
      - Up
    : 18
    ? - JHH1TGBE
      - Fx
    : 0
    ? - JN43MXBE
      - Up
    : 4980
    ? - JCL1IOBE
      - Up
    : 29
    ? - JCC1MXBE
      - Up
    : 45
    ? - JCH2MXBE
      - Up
    : 93
    ? - JLV3TGBE
      - Up
    : 8
    ? - JP82TGBE
      - Up
    : 71
    ? - JCC3TGBE
      - Lo
    : 5
    ? - JAL2MXBE
      - Up
    : 130
    ? - JCH3MXBE
      - Up
    : 93
    ? - JHL2TGBE
      - Lo
    : 10
    ? - JCC4TGBE
      - Fx
    : 0
    ? - JCL2TGBE
      - Up
    : 15
    ? - JAL3MXBE
      - Up
    : 130
    ? - JHL1TGBE
      - Lo
    : 10
    ? - JP83TGBE
      - Lo
    : 10
    ? - JCL4MXBE
      - Up
    : 20
    ? - JHL3MXBE
      - Up
    : 105
    ? - JAL3TGBE
      - Up
    : 50
    ? - JHX2MXBE
      - Fx
    : 0
    ? - JCH3TGBE
      - Up
    : 37
    ? - JAL1IOBE
      - Up
    : 92
    ? - JAL3TGBE
      - Lo
    : 10
    ? - "J&,1MXBE"
      - Lo
    : 0
    ? - JN43TGBE
      - Up
    : 20
    ? - JCL4TGBE
      - Fx
    : 0
    ? - JP81MXBE
      - Up
    : 154
    ? - JP81TGBE
      - Up
    : 71
    ? - "J&,1IOBE"
      - Fx
    : 0
    ? - "J&,2MXBE"
      - Lo
    : 0
    ? - JCL2TGBE
      - Lo
    : 5
    ? - JLV2TGBE
      - Lo
    : 5
    ? - JCC1IOBE
      - Up
    : 39
    ? - JN41IOBE
      - Up
    : 20
    ? - JAL4TGBE
      - Fx
    : 0
    ? - JHH3MXBE
      - Up
    : 75
    ? - JHX3MXBE
      - Fx
    : 0
    ? - JN41TGBE
      - Up
    : 20
    ? - JCL1TGBE
      - Up
    : 20
    ? - JLV1IOBE
      - Up
    : 28
    ? - JCL1TGBE
      - Lo
    : 5
    ? - JHH3TGBE
      - Fx
    : 0
    ? - JP82TGBE
      - Lo
    : 10
    ? - JHL4MXBE
      - Up
    : 20
    ? - JCH1TGBE
      - Lo
    : 10
    ? - JP81TGBE
      - Lo
    : 10
    ? - JCL3TGBE
      - Up
    : 15
    ? - JHL1MXBE
      - Up
    : 112
    ? - JAL1MXBE
      - Up
    : 130
    ? - JCL2MXBE
      - Up
    : 60
    ? - JCC1TGBE
      - Up
    : 30
    ? - JP84MXBE
      - Up
    : 20
    ? - JN41MXBE
      - Up
    : 480
    ? - JCH2TGBE
      - Up
    : 37
    ? - JCC3TGBE
      - Up
    : 20
    ? - JHL3TGBE
      - Lo
    : 10
    ? - JCH2TGBE
      - Lo
    : 10
    ? - JHH1IOBE
      - Up
    : 0
    ? - "J&,4MXBE"
      - Lo
    : 0
    ? - JLV1MXBE
      - Up
    : 73
    ? - JN42TGBE
      - Up
    : 20
    ? - JN44TGBE
      - Fx
    : 0
    ? - JCL1MXBE
      - Up
    : 55
    ? - JHX1TGBE
      - Fx
    : 0
    ? - JLV1TGBE
      - Up
    : 5
    ? - JCH4MXBE
      - Up
    : 20
    ? - JLV3TGBE
      - Lo
    : 5
    ? - JHL2MXBE
      - Up
    : 115
    ? - JHX4MXBE
      - Fx
    : 0
    ? - JHH2MXBE
      - Up
    : 75
    ? - JP82MXBE
      - Up
    : 154
    ? - JCC2TGBE
      - Up
    : 20
    ? - JHX4TGBE
      - Fx
    : 0
    ? - "J&,4TGBE"
      - Fx
    : 0
    ? - JHH4MXBE
      - Fx
    : 0
    ? - JHX1IOBE
      - Up
    : 0
    ? - JCL3MXBE
      - Up
    : 60
    ? - JAL1TGBE
      - Up
    : 50
    ? - JCC4MXBE
      - Up
    : 20
ranges: {}

