---
source: tests/model.rs
expression: model
---
name: ADLITTLE
row_types:
  "....47": Leq
  "....08": Leq
  "....36": Eq
  "....03": Leq
  "....23": Leq
  "....49": Eq
  "....45": Leq
  "....29": Leq
  "....05": Leq
  "....02": Eq
  "....37": Leq
  "....52": Leq
  "....54": Eq
  "....07": Leq
  "....38": Leq
  "....19": Leq
  "....14": Leq
  "....55": Leq
  "....21": Leq
  "....24": Leq
  "....41": Leq
  "....48": Leq
  "....40": Eq
  "....12": Leq
  ".Z....": Nr
  "....20": Leq
  "....33": Eq
  "....39": Leq
  "....51": Geq
  "....34": Leq
  "....16": Leq
  "....43": Eq
  "....01": Leq
  "....06": Leq
  "....10": Eq
  "....11": Leq
  "....13": Leq
  "....42": Eq
  "....15": Leq
  "....26": Leq
  "....25": Eq
  "....18": Leq
  "....22": Leq
  "....09": Leq
  "....35": Leq
  "....53": Leq
  "....46": Leq
  "....28": Eq
  "....17": Leq
  "....30": Leq
  "....44": Eq
  "....31": Eq
  "....56": Leq
  "....27": Leq
  "....50": Eq
  "....32": Eq
  "....04": Leq
values:
  ? - "....04"
    - "...101"
  : 1
  ? - "....54"
    - "...163"
  : -6.7
  ? - "....28"
    - "...175"
  : -0.706
  ? - "....28"
    - "...150"
  : 0.4663
  ? - "....39"
    - "...169"
  : 1
  ? - "....35"
    - "...161"
  : -0.02
  ? - "....51"
    - "...174"
  : 35
  ? - "....55"
    - "...182"
  : 0.08
  ? - "....32"
    - "...140"
  : -0.16
  ? - ".Z...."
    - "...154"
  : 1.8
  ? - "....28"
    - "...148"
  : 0.4703
  ? - "....28"
    - "...158"
  : 0.365
  ? - "....15"
    - "...138"
  : 1
  ? - ".Z...."
    - "...161"
  : 30.4
  ? - "....34"
    - "...166"
  : 0.498
  ? - "....13"
    - "...129"
  : 1
  ? - "....50"
    - "...158"
  : 0.02538
  ? - "....33"
    - "...147"
  : 0.62
  ? - "....28"
    - "...173"
  : -0.25
  ? - ".Z...."
    - "...176"
  : 43
  ? - ".Z...."
    - "...169"
  : -1322
  ? - "....53"
    - "...106"
  : -0.063
  ? - "....42"
    - "...145"
  : -1.62
  ? - "....55"
    - "...103"
  : 0.08
  ? - "....54"
    - "...185"
  : -2.1
  ? - "....54"
    - "...159"
  : -1.42
  ? - "....40"
    - "...104"
  : 1
  ? - "....10"
    - "...157"
  : 45
  ? - ".Z...."
    - "...145"
  : 512
  ? - "....02"
    - "...143"
  : 1
  ? - "....19"
    - "...159"
  : 1
  ? - "....10"
    - "...143"
  : 37
  ? - "....52"
    - "...188"
  : 1
  ? - "....46"
    - "...174"
  : 1.03125
  ? - "....34"
    - "...173"
  : 1.03125
  ? - "....46"
    - "...176"
  : -0.128
  ? - ".Z...."
    - "...129"
  : 493
  ? - "....18"
    - "...147"
  : 1
  ? - ".Z...."
    - "...194"
  : -1218
  ? - "....11"
    - "...121"
  : 1
  ? - ".Z...."
    - "...174"
  : 14.8
  ? - "....34"
    - "...159"
  : -0.095
  ? - "....22"
    - "...157"
  : 0.875
  ? - "....54"
    - "...148"
  : 1.40015
  ? - "....43"
    - "...128"
  : -0.74
  ? - "....31"
    - "...159"
  : 1
  ? - "....37"
    - "...186"
  : 0.8
  ? - "....40"
    - "...173"
  : 1
  ? - ".Z...."
    - "...122"
  : 483
  ? - "....06"
    - "...148"
  : 0.1726
  ? - "....44"
    - "...117"
  : -0.05
  ? - "....34"
    - "...171"
  : 1.125
  ? - "....12"
    - "...126"
  : 1
  ? - ".Z...."
    - "...137"
  : 505
  ? - "....02"
    - "...158"
  : 1
  ? - "....55"
    - "...177"
  : -0.1203
  ? - "....54"
    - "...162"
  : -5.2
  ? - "....50"
    - "...159"
  : 0.012
  ? - "....36"
    - "...166"
  : 1
  ? - "....05"
    - "...195"
  : -0.396
  ? - "....23"
    - "...191"
  : 1
  ? - "....09"
    - "...120"
  : 1
  ? - "....50"
    - "...150"
  : -0.0361
  ? - "....34"
    - "...162"
  : 1
  ? - "....22"
    - "...171"
  : 0.625
  ? - "....55"
    - "...156"
  : 0.08
  ? - "....31"
    - "...124"
  : -0.05
  ? - "....50"
    - "...171"
  : 0.01812
  ? - "....54"
    - "...152"
  : 1.8
  ? - "....52"
    - "...182"
  : -0.042
  ? - ".Z...."
    - "...128"
  : 493
  ? - "....33"
    - "...120"
  : -0.79
  ? - "....42"
    - "...175"
  : 1
  ? - "....32"
    - "...137"
  : 0.16
  ? - "....55"
    - "...155"
  : 0.07
  ? - "....20"
    - "...148"
  : 1.783
  ? - "....43"
    - "...110"
  : 0.23
  ? - "....42"
    - "...121"
  : -0.58
  ? - "....49"
    - "...106"
  : 3.6
  ? - "....20"
    - "...149"
  : 1
  ? - "....19"
    - "...160"
  : 1
  ? - "....06"
    - "...168"
  : 0.07
  ? - "....28"
    - "...163"
  : -1
  ? - ".Z...."
    - "...148"
  : 70.9
  ? - "....55"
    - "...160"
  : -0.0467
  ? - "....55"
    - "...100"
  : 0.312
  ? - "....50"
    - "...173"
  : 0.03625
  ? - "....33"
    - "...138"
  : 0.16
  ? - "....54"
    - "...157"
  : 1.614
  ? - "....53"
    - "...103"
  : -0.063
  ? - "....08"
    - "...116"
  : 1
  ? - "....33"
    - "...114"
  : -1
  ? - "....12"
    - "...124"
  : 1
  ? - "....14"
    - "...148"
  : -0.3122
  ? - "....34"
    - "...104"
  : 0.825
  ? - "....31"
    - "...139"
  : -0.16
  ? - ".Z...."
    - "...158"
  : 10.4
  ? - "....32"
    - "...119"
  : -0.79
  ? - "....05"
    - "...101"
  : 0.05
  ? - "....35"
    - "...105"
  : 0.175
  ? - "....33"
    - "...111"
  : -1.23
  ? - ".Z...."
    - "...116"
  : 450
  ? - ".Z...."
    - "...180"
  : -1680
  ? - "....43"
    - "...134"
  : -1.26
  ? - "....44"
    - "...141"
  : -0.84
  ? - "....34"
    - "...161"
  : -0.095
  ? - "....48"
    - "...164"
  : 1
  ? - "....47"
    - "...191"
  : -0.134
  ? - "....28"
    - "...195"
  : -0.029
  ? - "....41"
    - "...171"
  : 1
  ? - ".Z...."
    - "...100"
  : -3280
  ? - "....08"
    - "...115"
  : 1
  ? - "....44"
    - "...129"
  : -0.74
  ? - "....14"
    - "...131"
  : 1
  ? - "....14"
    - "...155"
  : 0.73
  ? - "....43"
    - "...176"
  : 1
  ? - "....05"
    - "...179"
  : 0.051
  ? - "....01"
    - "...161"
  : -0.0022
  ? - "....46"
    - "...105"
  : 0.825
  ? - "....42"
    - "...136"
  : -1.16
  ? - ".Z...."
    - "...182"
  : -1890
  ? - ".Z...."
    - "...190"
  : -1890
  ? - "....28"
    - "...171"
  : -0.125
  ? - ".Z...."
    - "...101"
  : -3280
  ? - "....35"
    - "...104"
  : 0.175
  ? - "....55"
    - "...101"
  : 0.312
  ? - ".Z...."
    - "...177"
  : 30
  ? - "....31"
    - "...115"
  : -0.95
  ? - ".Z...."
    - "...109"
  : 432
  ? - ".Z...."
    - "...134"
  : 506
  ? - "....35"
    - "...169"
  : 0.07
  ? - "....05"
    - "...103"
  : 0.92
  ? - ".Z...."
    - "...107"
  : -903
  ? - "....54"
    - "...173"
  : -1.36562
  ? - "....55"
    - "...192"
  : 1
  ? - ".Z...."
    - "...123"
  : 483
  ? - "....35"
    - "...177"
  : -0.027
  ? - "....20"
    - "...150"
  : 1
  ? - "....31"
    - "...121"
  : -0.42
  ? - "....42"
    - "...115"
  : -0.05
  ? - "....54"
    - "...191"
  : -0.1742
  ? - "....44"
    - "...123"
  : -0.58
  ? - "....47"
    - "...156"
  : 0.2
  ? - "....35"
    - "...176"
  : -0.027
  ? - ".Z...."
    - "...172"
  : -1670
  ? - "....46"
    - "...175"
  : -0.128
  ? - "....13"
    - "...127"
  : 1
  ? - "....50"
    - "...176"
  : 0.0195
  ? - "....55"
    - "...161"
  : -0.0467
  ? - ".Z...."
    - "...136"
  : 505
  ? - "....44"
    - "...135"
  : -1.26
  ? - "....18"
    - "...146"
  : 1
  ? - "....55"
    - "...168"
  : 0.83
  ? - "....49"
    - "...188"
  : -64.3
  ? - "....37"
    - "...154"
  : -0.33
  ? - "....09"
    - "...118"
  : 1
  ? - "....30"
    - "...103"
  : 1
  ? - "....01"
    - "...155"
  : 0.2
  ? - "....47"
    - "...182"
  : 0.92
  ? - ".Z...."
    - "...170"
  : -1322
  ? - "....32"
    - "...116"
  : -0.95
  ? - "....54"
    - "...177"
  : -1.84
  ? - "....36"
    - "...186"
  : 1
  ? - "....31"
    - "...136"
  : 0.16
  ? - "....22"
    - "...174"
  : 1.25
  ? - "....28"
    - "...149"
  : 0.4273
  ? - "....36"
    - "...167"
  : 1
  ? - "....30"
    - "...130"
  : 1
  ? - "....11"
    - "...123"
  : 1
  ? - "....44"
    - "...177"
  : 1
  ? - "....35"
    - "...165"
  : 1
  ? - "....10"
    - "...144"
  : 47
  ? - "....26"
    - "...151"
  : 1
  ? - "....01"
    - "...176"
  : -0.0012
  ? - "....35"
    - "...166"
  : 0.02
  ? - "....38"
    - "...107"
  : 1
  ? - "....31"
    - "...112"
  : -1
  ? - "....08"
    - "...117"
  : 1
  ? - "....43"
    - "...140"
  : -0.84
  ? - "....12"
    - "...125"
  : 1
  ? - "....42"
    - "...139"
  : -0.84
  ? - "....54"
    - "...161"
  : -1.84
  ? - "....54"
    - "...171"
  : -0.65
  ? - "....07"
    - "...112"
  : 1
  ? - ".Z...."
    - "...147"
  : 512
  ? - "....01"
    - "...150"
  : -0.157
  ? - "....03"
    - "...153"
  : -0.33
  ? - "....33"
    - "...117"
  : -0.95
  ? - "....54"
    - "...144"
  : 2.2632
  ? - "....47"
    - "...178"
  : 0.11
  ? - ".Z...."
    - "...187"
  : 2100
  ? - "....49"
    - "...190"
  : 9.1
  ? - "....05"
    - "...191"
  : -0.36
  ? - "....03"
    - "...158"
  : 0.2
  ? - ".Z...."
    - "...192"
  : -903
  ? - "....35"
    - "...167"
  : 0.02
  ? - "....49"
    - "...182"
  : -10.1
  ? - "....31"
    - "...127"
  : -0.26
  ? - "....03"
    - "...157"
  : 0.25
  ? - "....31"
    - "...132"
  : 0.26
  ? - "....50"
    - "...153"
  : 0.017
  ? - ".Z...."
    - "...173"
  : 14.8
  ? - "....55"
    - "...175"
  : -0.1203
  ? - ".Z...."
    - "...178"
  : -1763
  ? - "....10"
    - "...183"
  : 45
  ? - "....28"
    - "...159"
  : -0.828
  ? - ".Z...."
    - "...191"
  : 92.1
  ? - "....46"
    - "...144"
  : 0.508
  ? - ".Z...."
    - "...106"
  : -1890
  ? - "....46"
    - "...172"
  : 1
  ? - "....50"
    - "...151"
  : -0.52
  ? - "....28"
    - "...185"
  : -1
  ? - ".Z...."
    - "...119"
  : 459
  ? - "....54"
    - "...184"
  : -4.35
  ? - "....50"
    - "...133"
  : -0.8
  ? - "....51"
    - "...187"
  : 24
  ? - ".Z...."
    - "...111"
  : 432
  ? - "....31"
    - "...118"
  : -0.79
  ? - "....54"
    - "...160"
  : -1.84
  ? - "....33"
    - "...129"
  : -0.26
  ? - "....28"
    - "...166"
  : 0.482
  ? - "....06"
    - "...108"
  : 1
  ? - "....27"
    - "...160"
  : 0.679
  ? - "....17"
    - "...135"
  : 1
  ? - "....45"
    - "...180"
  : 1
  ? - ".Z...."
    - "...130"
  : -1890
  ? - ".Z...."
    - "...159"
  : 28.8
  ? - "....27"
    - "...177"
  : 0.534
  ? - "....05"
    - "...180"
  : 0.036
  ? - "....54"
    - "...150"
  : 1.43498
  ? - "....39"
    - "...168"
  : 1
  ? - ".Z...."
    - "...131"
  : -903
  ? - "....42"
    - "...124"
  : -0.95
  ? - "....50"
    - "...174"
  : 0.03625
  ? - ".Z...."
    - "...117"
  : 450
  ? - "....54"
    - "...167"
  : 2.18
  ? - "....46"
    - "...181"
  : 1
  ? - "....44"
    - "...147"
  : -1.62
  ? - "....10"
    - "...158"
  : 55
  ? - "....31"
    - "...145"
  : 0.62
  ? - ".Z...."
    - "...164"
  : -1218
  ? - "....55"
    - "...191"
  : 0.826
  ? - "....55"
    - "...180"
  : 0.964
  ? - "....31"
    - "...109"
  : -1.23
  ? - "....54"
    - "...158"
  : 1.59
  ? - "....28"
    - "...162"
  : -1
  ? - "....48"
    - "...194"
  : 1
  ? - "....35"
    - "...175"
  : -0.027
  ? - "....47"
    - "...195"
  : -0.147
  ? - "....55"
    - "...169"
  : 0.6
  ? - "....33"
    - "...161"
  : 1
  ? - ".Z...."
    - "...115"
  : 450
  ? - "....38"
    - "...192"
  : 1
  ? - "....06"
    - "...160"
  : -0.0192
  ? - "....46"
    - "...167"
  : 0.506
  ? - ".Z...."
    - "...125"
  : 500
  ? - "....40"
    - "...174"
  : 1
  ? - "....28"
    - "...151"
  : 0.55
  ? - ".Z...."
    - "...188"
  : 1000
  ? - ".Z...."
    - "...124"
  : 500
  ? - "....41"
    - "...172"
  : 1
  ? - "....03"
    - "...143"
  : 0.79
  ? - ".Z...."
    - "...183"
  : 1780
  ? - "....39"
    - "...170"
  : 1
  ? - "....32"
    - "...146"
  : 0.62
  ? - "....15"
    - "...136"
  : 1
  ? - "....06"
    - "...176"
  : -0.0159
  ? - "....16"
    - "...140"
  : 1
  ? - "....54"
    - "...151"
  : 0.6
  ? - "....42"
    - "...109"
  : 0.23
  ? - "....43"
    - "...119"
  : -0.21
  ? - "....54"
    - "...149"
  : 1.20404
  ? - "....35"
    - "...174"
  : 0.21875
  ? - ".Z...."
    - "...184"
  : 1600
  ? - "....54"
    - "...181"
  : -5.3
  ? - "....54"
    - "...143"
  : 2.27424
  ? - "....29"
    - "...155"
  : 1
  ? - "....47"
    - "...179"
  : 0.055
  ? - "....43"
    - "...146"
  : -1.62
  ? - "....50"
    - "...191"
  : -0.182
  ? - "....55"
    - "...195"
  : 0.81
  ? - "....49"
    - "...103"
  : -9.5
  ? - "....46"
    - "...158"
  : 0.635
  ? - "....30"
    - "...182"
  : 1
  ? - "....51"
    - "...173"
  : 30
  ? - ".Z...."
    - "...150"
  : 39.8
  ? - "....53"
    - "...189"
  : 1
  ? - ".Z...."
    - "...141"
  : 499
  ? - ".Z...."
    - "...153"
  : 1.8
  ? - "....05"
    - "...100"
  : 0.182
  ? - "....55"
    - "...193"
  : 1
  ? - "....34"
    - "...143"
  : 0.506
  ? - "....52"
    - "...106"
  : -0.042
  ? - "....01"
    - "...100"
  : 0.506
  ? - "....43"
    - "...137"
  : -1.16
  ? - ".Z...."
    - "...171"
  : -1660
  ? - "....52"
    - "...130"
  : -0.042
  ? - "....35"
    - "...168"
  : 0.1
  ? - "....14"
    - "...156"
  : 0.72
  ? - "....54"
    - "...176"
  : -1.84
  ? - "....53"
    - "...130"
  : -0.063
  ? - ".Z...."
    - "...160"
  : 43.4
  ? - "....28"
    - "...191"
  : -0.026
  ? - "....28"
    - "...157"
  : 0.3675
  ? - "....51"
    - "...104"
  : 16
  ? - ".Z...."
    - "...118"
  : 459
  ? - ".Z...."
    - "...127"
  : 493
  ? - "....03"
    - "...144"
  : 0.53
  ? - "....28"
    - "...161"
  : -0.808
  ? - "....43"
    - "...122"
  : -0.58
  ? - ".Z...."
    - "...139"
  : 499
  ? - "....28"
    - "...152"
  : 1
  ? - "....50"
    - "...165"
  : -0.8
  ? - ".Z...."
    - "...175"
  : 28.8
  ? - "....35"
    - "...170"
  : 0.07
  ? - "....32"
    - "...128"
  : -0.26
  ? - "....42"
    - "...127"
  : -0.74
  ? - "....35"
    - "...160"
  : -0.02
  ? - "....27"
    - "...176"
  : 0.534
  ? - "....28"
    - "...174"
  : -0.25
  ? - "....03"
    - "...183"
  : 0.4
  ? - "....55"
    - "...178"
  : 0.709
  ? - "....55"
    - "...176"
  : -0.1203
  ? - ".Z...."
    - "...157"
  : 10.4
  ? - "....30"
    - "...190"
  : 1
  ? - "....50"
    - "...152"
  : -1
  ? - "....28"
    - "...177"
  : -0.69
  ? - "....40"
    - "...105"
  : 1
  ? - "....02"
    - "...157"
  : 1
  ? - "....28"
    - "...181"
  : -1
  ? - ".Z...."
    - "...155"
  : -2600
  ? - "....16"
    - "...141"
  : 1
  ? - "....55"
    - "...159"
  : -0.0467
  ? - "....56"
    - "...111"
  : 1
  ? - "....38"
    - "...131"
  : 1
  ? - "....45"
    - "...178"
  : 1
  ? - ".Z...."
    - "...179"
  : -1722
  ? - "....42"
    - "...132"
  : -1.26
  ? - "....07"
    - "...113"
  : 1
  ? - "....28"
    - "...167"
  : 0.474
  ? - "....24"
    - "...161"
  : 1
  ? - "....51"
    - "...105"
  : 21
  ? - "....43"
    - "...125"
  : -0.95
  ? - "....06"
    - "...177"
  : -0.0159
  ? - "....50"
    - "...157"
  : 0.02536
  ? - "....44"
    - "...120"
  : -0.21
  ? - ".Z...."
    - "...120"
  : 459
  ? - "....33"
    - "...126"
  : -0.05
  ? - ".Z...."
    - "...112"
  : 446
  ? - "....35"
    - "...159"
  : -0.02
  ? - ".Z...."
    - "...185"
  : 903
  ? - "....52"
    - "...103"
  : -0.042
  ? - "....18"
    - "...145"
  : 1
  ? - "....28"
    - "...143"
  : 0.494
  ? - "....54"
    - "...166"
  : 2.217
  ? - "....55"
    - "...190"
  : 1
  ? - ".Z...."
    - "...103"
  : -1890
  ? - "....50"
    - "...108"
  : -0.8
  ? - "....09"
    - "...119"
  : 1
  ? - "....54"
    - "...174"
  : -1.38375
  ? - "....14"
    - "...150"
  : -0.2789
  ? - "....24"
    - "...177"
  : 1
  ? - "....30"
    - "...106"
  : 1
  ? - "....22"
    - "...158"
  : 0.875
  ? - "....53"
    - "...182"
  : -0.063
  ? - "....14"
    - "...149"
  : -0.2399
  ? - ".Z...."
    - "...149"
  : 39.8
  ? - "....50"
    - "...149"
  : -0.0361
  ? - "....35"
    - "...173"
  : 0.21875
  ? - "....50"
    - "...175"
  : 0.0129
  ? - "....14"
    - "...133"
  : 1
  ? - "....01"
    - "...160"
  : -0.0022
  ? - "....43"
    - "...116"
  : -0.05
  ? - ".Z...."
    - "...135"
  : 506
  ? - ".Z...."
    - "...151"
  : 2.04
  ? - "....17"
    - "...134"
  : 1
  ? - "....32"
    - "...134"
  : 0.26
  ? - "....33"
    - "...141"
  : -0.16
  ? - "....28"
    - "...160"
  : -0.808
  ? - "....33"
    - "...123"
  : -0.42
  ? - "....44"
    - "...138"
  : -1.16
  ? - "....34"
    - "...160"
  : -0.095
  ? - "....37"
    - "...167"
  : 0.53
  ? - "....07"
    - "...114"
  : 1
  ? - "....16"
    - "...139"
  : 1
  ? - "....32"
    - "...110"
  : -1.23
  ? - "....01"
    - "...102"
  : -1
  ? - ".Z...."
    - "...114"
  : 446
  ? - ".Z...."
    - "...102"
  : 3310
  ? - "....32"
    - "...125"
  : -0.05
  ? - "....50"
    - "...161"
  : 0.0205
  ? - ".Z...."
    - "...126"
  : 500
  ? - ".Z...."
    - "...146"
  : 512
  ? - "....21"
    - "...154"
  : 1
  ? - "....29"
    - "...156"
  : 1
  ? - "....13"
    - "...128"
  : 1
  ? - "....50"
    - "...160"
  : 0.0205
  ? - "....34"
    - "...157"
  : 0.6325
  ? - "....06"
    - "...161"
  : -0.0192
  ? - "....46"
    - "...169"
  : 0.33
  ? - "....28"
    - "...176"
  : -0.69
  ? - ".Z...."
    - "...195"
  : 15.6
  ? - "....02"
    - "...183"
  : 1
  ? - "....28"
    - "...184"
  : -1
  ? - ".Z...."
    - "...138"
  : 505
  ? - "....54"
    - "...175"
  : -1.61
  ? - "....34"
    - "...170"
  : 0.33
  ? - "....32"
    - "...113"
  : -1
  ? - "....55"
    - "...196"
  : 1
  ? - "....50"
    - "...196"
  : -0.8
  ? - "....01"
    - "...177"
  : -0.0012
  ? - "....56"
    - "...110"
  : 1
  ? - ".Z...."
    - "...121"
  : 483
  ? - "....14"
    - "...130"
  : 1
  ? - "....44"
    - "...111"
  : 0.23
  ? - "....42"
    - "...118"
  : -0.21
  ? - "....33"
    - "...135"
  : 0.26
  ? - "....27"
    - "...161"
  : 0.679
  ? - "....05"
    - "...178"
  : 0.181
  ? - "....52"
    - "...190"
  : -0.042
  ? - "....15"
    - "...137"
  : 1
  ? - "....19"
    - "...175"
  : 1.072
  ? - ".Z...."
    - "...113"
  : 446
  ? - "....44"
    - "...126"
  : -0.95
  ? - "....55"
    - "...170"
  : 0.6
  ? - "....45"
    - "...179"
  : 1
  ? - "....06"
    - "...106"
  : 1
  ? - "....53"
    - "...190"
  : -0.063
  ? - "....55"
    - "...179"
  : 0.894
  ? - "....49"
    - "...189"
  : -27.4
  ? - ".Z...."
    - "...156"
  : -2600
  ? - "....50"
    - "...195"
  : -0.119
  ? - "....10"
    - "...142"
  : -1
  ? - "....28"
    - "...144"
  : 0.492
  ? - "....55"
    - "...194"
  : 1
  ? - ".Z...."
    - "...140"
  : 499
  ? - ".Z...."
    - "...110"
  : 432
  ? - "....17"
    - "...132"
  : 1
  ? - "....02"
    - "...144"
  : 1
  ? - "....04"
    - "...100"
  : 1
  ? - "....21"
    - "...153"
  : 1
  ? - "....32"
    - "...160"
  : 1
  ? - "....06"
    - "...107"
  : 1
  ? - "....37"
    - "...166"
  : 0.79
  ? - "....19"
    - "...176"
  : 1.072
  ? - "....01"
    - "...149"
  : -0.157
  ? - "....22"
    - "...173"
  : 1.25
  ? - "....54"
    - "...195"
  : -0.194
  ? - "....32"
    - "...122"
  : -0.42
  ? - ".Z...."
    - "...193"
  : 78.7
  ? - ".Z...."
    - "...168"
  : -1322
  ? - "....25"
    - "...195"
  : 1
  ? - "....35"
    - "...163"
  : 1
  ? - ".Z...."
    - "...132"
  : 506
  ? - "....35"
    - "...164"
  : 1
  ? - "....40"
    - "...187"
  : 1
  ? - "....01"
    - "...101"
  : 0.638
  ? - ".Z...."
    - "...189"
  : 1000
  ? - "....01"
    - "...148"
  : -0.247
  ? - "....50"
    - "...148"
  : -0.0928
  ? - ".Z...."
    - "...186"
  : 1760
  ? - "....11"
    - "...122"
  : 1
  ? - "....49"
    - "...130"
  : -3.2
  ? - "....50"
    - "...177"
  : 0.0195
  ? - "....46"
    - "...177"
  : -0.128
rhs:
  ZZZZ0001:
    "....08": 50
    "....36": 43
    "....03": 22.7
    "....23": 13.5
    "....45": 13.2
    "....10": 2366
    "....11": 200
    "....13": 300
    "....02": 52.6
    "....29": 3.1
    "....15": 31
    "....26": 16
    "....37": 34.4
    "....54": -1231.6
    "....07": 108
    "....18": 34
    "....22": 20.6
    "....38": 15.6
    "....19": 413
    "....09": 13
    "....21": 15
    "....24": 440
    "....28": -524.9
    "....17": 134
    "....30": 9.1
    "....40": 44.9
    "....12": 265
    "....41": 6.1
    "....48": 31.2
    "....20": 41.5
    "....27": 290
    "....39": 19.2
    "....50": 2.5
    "....51": 1080
    "....56": 107
    "....04": 23.4
    "....16": 60
bounds: {}
ranges: {}

