---
source: tests/model.rs
expression: model
---
name: SHARE2B
row_types:
  "000032": Leq
  "000063": Eq
  "000081": Leq
  "000096": Leq
  "000097": Leq
  "000024": Leq
  "000011": Leq
  "000018": Leq
  "000026": Leq
  "000054": Leq
  "000089": Leq
  "000072": Leq
  "000038": Leq
  "000030": Leq
  "000021": Leq
  "000037": Leq
  "000049": Leq
  "000025": Leq
  "000053": Eq
  "000057": Leq
  "000036": Leq
  "000070": Leq
  "000042": Leq
  "000052": Leq
  "000028": Leq
  "000075": Leq
  "000019": Leq
  "000027": Leq
  "000066": Leq
  "000067": Leq
  "000069": Leq
  "000061": Leq
  "000009": Leq
  "000017": Leq
  "000048": Leq
  "000076": Leq
  "000043": Eq
  "000058": Leq
  "000077": Leq
  "000045": Leq
  "000007": Leq
  "000008": Leq
  "000047": Leq
  "000078": Leq
  "000055": Leq
  "000082": Eq
  "000033": Eq
  "000083": Eq
  "000092": Leq
  "000095": Leq
  "000039": Leq
  "000013": Eq
  "000035": Leq
  "000051": Leq
  "000015": Leq
  "000005": Leq
  "000022": Leq
  "000056": Leq
  "000068": Leq
  "000085": Eq
  "000080": Leq
  "000029": Leq
  "000084": Eq
  "000006": Leq
  "000087": Eq
  "000093": Leq
  "000041": Leq
  "000004": Leq
  "000010": Leq
  "000000": Nr
  "000034": Leq
  "000050": Leq
  "000016": Leq
  "000059": Leq
  "000060": Leq
  "000088": Leq
  "000023": Eq
  "000098": Leq
  "000071": Leq
  "000014": Leq
  "000062": Leq
  "000074": Leq
  "000031": Leq
  "000099": Eq
  "000091": Leq
  "000020": Leq
  "000046": Leq
  "000012": Leq
  "000064": Leq
  "000065": Leq
  "000044": Leq
  "000086": Eq
  "000090": Leq
  "000094": Leq
  "000073": Leq
  "000079": Leq
  "000040": Leq
values:
  ? - "000096"
    - "010704"
  : -75.1
  ? - "000085"
    - "010432"
  : 1
  ? - "000009"
    - "010106"
  : -96.6
  ? - "000089"
    - "010231"
  : -0.25
  ? - "000049"
    - "010531"
  : 101
  ? - "000057"
    - "010607"
  : -1
  ? - "000005"
    - "010108"
  : 0.5
  ? - "000044"
    - "010509"
  : 4.3
  ? - "000024"
    - "010308"
  : 4.5
  ? - "000000"
    - "010531"
  : -3.5
  ? - "000020"
    - "010203"
  : -74.6
  ? - "000054"
    - "010602"
  : 10.6
  ? - "000054"
    - "010608"
  : 6.1
  ? - "000023"
    - "010231"
  : -1
  ? - "000091"
    - "010705"
  : 0.73
  ? - "000040"
    - "010405"
  : -85.4
  ? - "000055"
    - "010609"
  : 0.04
  ? - "000018"
    - "010205"
  : -77.9
  ? - "000056"
    - "010608"
  : -0.65
  ? - "000063"
    - "010603"
  : 1
  ? - "000031"
    - "010309"
  : -83.2
  ? - "000031"
    - "010331"
  : 90
  ? - "000043"
    - "010402"
  : 1
  ? - "000039"
    - "010408"
  : -88.1
  ? - "000000"
    - "010120"
  : 0.09
  ? - "000011"
    - "010104"
  : -98
  ? - "000017"
    - "010231"
  : 0.9
  ? - "000000"
    - "010307"
  : 0.03
  ? - "000020"
    - "010205"
  : -70.6
  ? - "000071"
    - "010306"
  : 1.2
  ? - "000035"
    - "010406"
  : 0.45
  ? - "000011"
    - "010103"
  : -80.6
  ? - "000006"
    - "010101"
  : -1
  ? - "000028"
    - "010331"
  : 100
  ? - "000038"
    - "010431"
  : 89
  ? - "000048"
    - "010508"
  : -99.5
  ? - "000048"
    - "010509"
  : -101.4
  ? - "000077"
    - "010509"
  : 1.2
  ? - "000004"
    - "010131"
  : -11
  ? - "000056"
    - "010605"
  : -0.98
  ? - "000013"
    - "010107"
  : 1
  ? - "000008"
    - "010131"
  : 100
  ? - "000033"
    - "010304"
  : 1
  ? - "000094"
    - "010703"
  : -87.9
  ? - "000092"
    - "010709"
  : -0.27
  ? - "000015"
    - "010206"
  : 0.46
  ? - "000096"
    - "010706"
  : -67.6
  ? - "000008"
    - "010101"
  : -97.4
  ? - "000099"
    - "010702"
  : 1
  ? - "000082"
    - "010133"
  : -1
  ? - "000008"
    - "010120"
  : -2.1
  ? - "000092"
    - "010707"
  : -1
  ? - "000022"
    - "010220"
  : 1
  ? - "000038"
    - "010408"
  : -84
  ? - "000000"
    - "010708"
  : 0.03
  ? - "000026"
    - "010304"
  : -1
  ? - "000024"
    - "010310"
  : 6.5
  ? - "000038"
    - "010403"
  : -77.9
  ? - "000065"
    - "010203"
  : 1
  ? - "000038"
    - "010405"
  : -95.9
  ? - "000074"
    - "010504"
  : 1
  ? - "000033"
    - "010308"
  : 1
  ? - "000036"
    - "010406"
  : -0.63
  ? - "000030"
    - "010302"
  : -77.4
  ? - "000013"
    - "010104"
  : 1
  ? - "000090"
    - "010731"
  : -10
  ? - "000097"
    - "010731"
  : 83
  ? - "000016"
    - "010201"
  : -1
  ? - "000039"
    - "010402"
  : -92
  ? - "000059"
    - "010607"
  : -79.8
  ? - "000050"
    - "010531"
  : 91
  ? - "000053"
    - "010509"
  : 1
  ? - "000053"
    - "010531"
  : -1
  ? - "000009"
    - "010107"
  : -100.3
  ? - "000034"
    - "010401"
  : 70
  ? - "000017"
    - "010204"
  : -0.95
  ? - "000027"
    - "010301"
  : -1
  ? - "000007"
    - "010104"
  : -1
  ? - "000005"
    - "010106"
  : 0.19
  ? - "000041"
    - "010403"
  : -74
  ? - "000034"
    - "010408"
  : 5.5
  ? - "000044"
    - "010501"
  : 56
  ? - "000072"
    - "010502"
  : 1
  ? - "000049"
    - "010503"
  : -90
  ? - "000050"
    - "010506"
  : -80.2
  ? - "000076"
    - "010705"
  : 1
  ? - "000080"
    - "010707"
  : 1
  ? - "000093"
    - "010731"
  : 0.9
  ? - "000005"
    - "010105"
  : 0.12
  ? - "000054"
    - "010631"
  : -11
  ? - "000060"
    - "010607"
  : -77.3
  ? - "000020"
    - "010204"
  : -68.6
  ? - "000000"
    - "010420"
  : 0.09
  ? - "000061"
    - "010608"
  : -75.3
  ? - "000040"
    - "010402"
  : -77.4
  ? - "000024"
    - "010303"
  : 2.7
  ? - "000094"
    - "010701"
  : -97.7
  ? - "000025"
    - "010303"
  : 0.13
  ? - "000069"
    - "010205"
  : 1
  ? - "000040"
    - "010408"
  : -79.4
  ? - "000013"
    - "010105"
  : 1
  ? - "000027"
    - "010306"
  : -0.89
  ? - "000013"
    - "010106"
  : 1
  ? - "000049"
    - "010508"
  : -99.9
  ? - "000000"
    - "010231"
  : -3
  ? - "000096"
    - "010705"
  : -78
  ? - "000090"
    - "010703"
  : 2.5
  ? - "000008"
    - "010104"
  : -97.9
  ? - "000018"
    - "010204"
  : -60.6
  ? - "000092"
    - "010702"
  : -1
  ? - "000019"
    - "010206"
  : -98.1
  ? - "000023"
    - "010205"
  : 1
  ? - "000048"
    - "010507"
  : -60.6
  ? - "000035"
    - "010405"
  : 0.15
  ? - "000000"
    - "010405"
  : 0.03
  ? - "000051"
    - "010520"
  : -0.8
  ? - "000000"
    - "010220"
  : 0.09
  ? - "000031"
    - "010310"
  : -83.3
  ? - "000027"
    - "010303"
  : -0.79
  ? - "000019"
    - "010201"
  : -99.9
  ? - "000029"
    - "010306"
  : -97.6
  ? - "000017"
    - "010205"
  : -0.79
  ? - "000039"
    - "010403"
  : -81.4
  ? - "000069"
    - "010403"
  : 1
  ? - "000029"
    - "010308"
  : -100.3
  ? - "000038"
    - "010420"
  : -3.9
  ? - "000061"
    - "010620"
  : -1.7
  ? - "000000"
    - "010631"
  : -2.7
  ? - "000004"
    - "010101"
  : 65
  ? - "000060"
    - "010603"
  : -77.1
  ? - "000058"
    - "010603"
  : -87.9
  ? - "000047"
    - "010502"
  : -1
  ? - "000048"
    - "010502"
  : -87.9
  ? - "000077"
    - "010508"
  : 1.1
  ? - "000050"
    - "010520"
  : -2
  ? - "000060"
    - "010602"
  : -78.6
  ? - "000063"
    - "010602"
  : 1
  ? - "000026"
    - "010306"
  : -0.35
  ? - "000058"
    - "010608"
  : -70.7
  ? - "000099"
    - "010703"
  : 1
  ? - "000094"
    - "010705"
  : -78.2
  ? - "000009"
    - "010105"
  : -76.3
  ? - "000074"
    - "010602"
  : 1
  ? - "000090"
    - "010706"
  : 2
  ? - "000040"
    - "010431"
  : 82
  ? - "000095"
    - "010708"
  : -97.5
  ? - "000099"
    - "010705"
  : 1
  ? - "000028"
    - "010304"
  : -84.6
  ? - "000083"
    - "010333"
  : -1
  ? - "000053"
    - "010504"
  : 1
  ? - "000019"
    - "010231"
  : 89
  ? - "000037"
    - "010402"
  : -1
  ? - "000028"
    - "010301"
  : -97.8
  ? - "000014"
    - "010204"
  : 1.5
  ? - "000034"
    - "010402"
  : 9.5
  ? - "000004"
    - "010108"
  : 5.8
  ? - "000064"
    - "010102"
  : 1
  ? - "000026"
    - "010309"
  : -0.96
  ? - "000019"
    - "010205"
  : -81.4
  ? - "000018"
    - "010231"
  : 89
  ? - "000011"
    - "010120"
  : -1
  ? - "000036"
    - "010403"
  : -0.37
  ? - "000050"
    - "010503"
  : -88
  ? - "000021"
    - "010202"
  : -83.2
  ? - "000009"
    - "010131"
  : 100
  ? - "000045"
    - "010508"
  : 0.08
  ? - "000057"
    - "010601"
  : -1
  ? - "000060"
    - "010609"
  : -85.4
  ? - "000015"
    - "010202"
  : 0.57
  ? - "000020"
    - "010202"
  : -79.4
  ? - "000056"
    - "010631"
  : 0.5
  ? - "000099"
    - "010701"
  : 1
  ? - "000051"
    - "010506"
  : -86.2
  ? - "000084"
    - "010133"
  : 1
  ? - "000000"
    - "010431"
  : -2.9
  ? - "000052"
    - "010531"
  : -3
  ? - "000059"
    - "010620"
  : -1.6
  ? - "000004"
    - "010102"
  : 5.5
  ? - "000089"
    - "010632"
  : 0.75
  ? - "000031"
    - "010307"
  : -86.8
  ? - "000073"
    - "010503"
  : 1
  ? - "000061"
    - "010603"
  : -79.4
  ? - "000037"
    - "010431"
  : 0.9
  ? - "000087"
    - "010633"
  : -1
  ? - "000092"
    - "010704"
  : -1
  ? - "000023"
    - "010206"
  : 1
  ? - "000000"
    - "010132"
  : -3.7
  ? - "000061"
    - "010607"
  : -83
  ? - "000030"
    - "010309"
  : -79.4
  ? - "000091"
    - "010707"
  : 1
  ? - "000036"
    - "010431"
  : 0.5
  ? - "000011"
    - "010131"
  : 90
  ? - "000031"
    - "010305"
  : -76.8
  ? - "000083"
    - "010132"
  : 1
  ? - "000030"
    - "010310"
  : -82.2
  ? - "000046"
    - "010504"
  : -0.87
  ? - "000035"
    - "010408"
  : 0.68
  ? - "000041"
    - "010405"
  : -87.8
  ? - "000060"
    - "010608"
  : -69.6
  ? - "000091"
    - "010702"
  : 0.39
  ? - "000007"
    - "010102"
  : -1
  ? - "000090"
    - "010704"
  : 3.6
  ? - "000093"
    - "010707"
  : -1
  ? - "000039"
    - "010406"
  : -97.1
  ? - "000036"
    - "010408"
  : -0.96
  ? - "000056"
    - "010602"
  : -1
  ? - "000014"
    - "010206"
  : 5.8
  ? - "000061"
    - "010604"
  : -80.5
  ? - "000095"
    - "010707"
  : -79.8
  ? - "000098"
    - "010731"
  : -3
  ? - "000034"
    - "010431"
  : -11
  ? - "000005"
    - "010101"
  : 1
  ? - "000027"
    - "010310"
  : -0.97
  ? - "000012"
    - "010120"
  : 1
  ? - "000029"
    - "010307"
  : -96.6
  ? - "000043"
    - "010431"
  : -1
  ? - "000021"
    - "010220"
  : -1.8
  ? - "000041"
    - "010407"
  : -76.8
  ? - "000051"
    - "010503"
  : -91.3
  ? - "000071"
    - "010305"
  : 1
  ? - "000028"
    - "010308"
  : -97.9
  ? - "000047"
    - "010509"
  : -0.9
  ? - "000054"
    - "010609"
  : 4.2
  ? - "000061"
    - "010609"
  : -86.3
  ? - "000035"
    - "010404"
  : 0.93
  ? - "000035"
    - "010402"
  : 0.68
  ? - "000043"
    - "010408"
  : 1
  ? - "000049"
    - "010509"
  : -101.5
  ? - "000089"
    - "010432"
  : 0.75
  ? - "000057"
    - "010605"
  : -1
  ? - "000061"
    - "010605"
  : -83.5
  ? - "000076"
    - "010605"
  : 1
  ? - "000000"
    - "010720"
  : 0.09
  ? - "000037"
    - "010404"
  : -1
  ? - "000060"
    - "010606"
  : -67.6
  ? - "000024"
    - "010307"
  : 6
  ? - "000092"
    - "010706"
  : -0.38
  ? - "000059"
    - "010631"
  : 89
  ? - "000058"
    - "010602"
  : -98.2
  ? - "000054"
    - "010604"
  : 3.6
  ? - "000009"
    - "010101"
  : -99.9
  ? - "000043"
    - "010404"
  : 1
  ? - "000071"
    - "010407"
  : 1
  ? - "000093"
    - "010705"
  : -1
  ? - "000094"
    - "010706"
  : -66.9
  ? - "000066"
    - "010105"
  : 1
  ? - "000051"
    - "010509"
  : -90.2
  ? - "000017"
    - "010201"
  : -1
  ? - "000060"
    - "010631"
  : 82
  ? - "000097"
    - "010701"
  : -98.5
  ? - "000060"
    - "010605"
  : -78
  ? - "000031"
    - "010308"
  : -98
  ? - "000047"
    - "010531"
  : 0.9
  ? - "000061"
    - "010606"
  : -73.8
  ? - "000033"
    - "010307"
  : 1
  ? - "000029"
    - "010303"
  : -81.4
  ? - "000019"
    - "010202"
  : -88.1
  ? - "000026"
    - "010307"
  : -0.35
  ? - "000046"
    - "010506"
  : -0.93
  ? - "000049"
    - "010502"
  : -91.6
  ? - "000011"
    - "010106"
  : -86.8
  ? - "000054"
    - "010606"
  : 2
  ? - "000051"
    - "010507"
  : -76.8
  ? - "000036"
    - "010401"
  : -1
  ? - "000049"
    - "010504"
  : -100.4
  ? - "000097"
    - "010703"
  : -79.4
  ? - "000021"
    - "010203"
  : -80.6
  ? - "000092"
    - "010705"
  : -0.98
  ? - "000058"
    - "010604"
  : -78.8
  ? - "000097"
    - "010707"
  : -83
  ? - "000027"
    - "010304"
  : -1
  ? - "000035"
    - "010431"
  : -0.5
  ? - "000094"
    - "010702"
  : -98.2
  ? - "000018"
    - "010206"
  : -96.5
  ? - "000029"
    - "010301"
  : -102.3
  ? - "000015"
    - "010201"
  : 1
  ? - "000030"
    - "010320"
  : -2.4
  ? - "000040"
    - "010407"
  : -68.6
  ? - "000000"
    - "010406"
  : 0.1
  ? - "000037"
    - "010405"
  : -0.98
  ? - "000033"
    - "010301"
  : 1
  ? - "000095"
    - "010701"
  : -100.6
  ? - "000090"
    - "010702"
  : 10.6
  ? - "000079"
    - "010706"
  : 1
  ? - "000021"
    - "010205"
  : -74
  ? - "000096"
    - "010701"
  : -94.5
  ? - "000000"
    - "010308"
  : 0.1
  ? - "000021"
    - "010231"
  : 82
  ? - "000055"
    - "010607"
  : 1
  ? - "000034"
    - "010407"
  : 1.5
  ? - "000056"
    - "010604"
  : -1
  ? - "000060"
    - "010604"
  : -75.1
  ? - "000033"
    - "010306"
  : 1
  ? - "000039"
    - "010407"
  : -76.3
  ? - "000007"
    - "010131"
  : 0.9
  ? - "000014"
    - "010205"
  : 2.7
  ? - "000033"
    - "010309"
  : 1
  ? - "000034"
    - "010404"
  : 10.8
  ? - "000057"
    - "010602"
  : -1
  ? - "000049"
    - "010506"
  : -85.1
  ? - "000092"
    - "010701"
  : -1
  ? - "000097"
    - "010702"
  : -79
  ? - "000096"
    - "010720"
  : -4.2
  ? - "000057"
    - "010609"
  : -0.98
  ? - "000033"
    - "010331"
  : -1
  ? - "000097"
    - "010709"
  : -90.2
  ? - "000004"
    - "010106"
  : 6
  ? - "000092"
    - "010731"
  : 0.5
  ? - "000030"
    - "010308"
  : -95
  ? - "000057"
    - "010606"
  : -1
  ? - "000063"
    - "010606"
  : 1
  ? - "000095"
    - "010731"
  : 90
  ? - "000044"
    - "010503"
  : 1.4
  ? - "000006"
    - "010102"
  : -0.96
  ? - "000059"
    - "010603"
  : -89.3
  ? - "000037"
    - "010406"
  : -1
  ? - "000086"
    - "010431"
  : 1
  ? - "000031"
    - "010320"
  : -0.9
  ? - "000032"
    - "010320"
  : 1
  ? - "000091"
    - "010731"
  : -0.5
  ? - "000066"
    - "010106"
  : 1.1
  ? - "000021"
    - "010201"
  : -85
  ? - "000026"
    - "010302"
  : -0.83
  ? - "000050"
    - "010505"
  : -79.3
  ? - "000025"
    - "010301"
  : 1
  ? - "000028"
    - "010310"
  : -96.5
  ? - "000044"
    - "010531"
  : -10
  ? - "000006"
    - "010131"
  : 0.5
  ? - "000048"
    - "010520"
  : -1.6
  ? - "000067"
    - "010310"
  : 1
  ? - "000059"
    - "010609"
  : -97.5
  ? - "000025"
    - "010306"
  : 0.19
  ? - "000066"
    - "010107"
  : 1.2
  ? - "000031"
    - "010306"
  : -87.8
  ? - "000055"
    - "010604"
  : 0.27
  ? - "000050"
    - "010508"
  : -87.6
  ? - "000037"
    - "010407"
  : -0.95
  ? - "000059"
    - "010606"
  : -71.4
  ? - "000075"
    - "010703"
  : 1
  ? - "000009"
    - "010120"
  : -0.7
  ? - "000042"
    - "010420"
  : 1
  ? - "000093"
    - "010701"
  : -1
  ? - "000028"
    - "010309"
  : -84
  ? - "000046"
    - "010507"
  : -0.36
  ? - "000010"
    - "010120"
  : -2.3
  ? - "000098"
    - "010720"
  : 1
  ? - "000000"
    - "010205"
  : 0.1
  ? - "000018"
    - "010203"
  : -87.9
  ? - "000025"
    - "010331"
  : -0.5
  ? - "000084"
    - "010333"
  : 1
  ? - "000025"
    - "010304"
  : 0.97
  ? - "000028"
    - "010320"
  : -1.9
  ? - "000000"
    - "010107"
  : 0.06
  ? - "000019"
    - "010220"
  : -1.9
  ? - "000049"
    - "010520"
  : -0.8
  ? - "000007"
    - "010107"
  : -0.97
  ? - "000096"
    - "010703"
  : -77.1
  ? - "000009"
    - "010102"
  : -88.1
  ? - "000053"
    - "010507"
  : 1
  ? - "000059"
    - "010608"
  : -75.9
  ? - "000056"
    - "010609"
  : -0.36
  ? - "000097"
    - "010705"
  : -83.5
  ? - "000094"
    - "010708"
  : -97.8
  ? - "000000"
    - "010709"
  : 0.07
  ? - "000095"
    - "010720"
  : -1.6
  ? - "000026"
    - "010303"
  : -0.28
  ? - "000038"
    - "010401"
  : -97.8
  ? - "000058"
    - "010620"
  : -3.3
  ? - "000016"
    - "010205"
  : -0.28
  ? - "000055"
    - "010631"
  : -0.5
  ? - "000058"
    - "010606"
  : -66.9
  ? - "000083"
    - "010331"
  : 1
  ? - "000056"
    - "010607"
  : -1
  ? - "000015"
    - "010205"
  : 0.13
  ? - "000095"
    - "010706"
  : -71.4
  ? - "000015"
    - "010231"
  : -0.5
  ? - "000025"
    - "010305"
  : 0.12
  ? - "000047"
    - "010508"
  : -0.91
  ? - "000075"
    - "010505"
  : 1
  ? - "000000"
    - "010731"
  : -2.7
  ? - "000020"
    - "010201"
  : -83.7
  ? - "000030"
    - "010307"
  : -83.8
  ? - "000031"
    - "010301"
  : -99.8
  ? - "000053"
    - "010508"
  : 1
  ? - "000059"
    - "010602"
  : -98
  ? - "000005"
    - "010131"
  : -0.5
  ? - "000030"
    - "010306"
  : -85.4
  ? - "000055"
    - "010602"
  : 0.39
  ? - "000062"
    - "010620"
  : 1
  ? - "000021"
    - "010204"
  : -76.8
  ? - "000010"
    - "010103"
  : -74.6
  ? - "000037"
    - "010401"
  : -1
  ? - "000049"
    - "010507"
  : -76.3
  ? - "000095"
    - "010705"
  : -82.7
  ? - "000004"
    - "010104"
  : 4.5
  ? - "000006"
    - "010106"
  : -0.35
  ? - "000027"
    - "010331"
  : 0.9
  ? - "000079"
    - "010606"
  : 1
  ? - "000029"
    - "010310"
  : -97.1
  ? - "000063"
    - "010605"
  : 1
  ? - "000016"
    - "010203"
  : -0.01
  ? - "000059"
    - "010604"
  : -82.7
  ? - "000029"
    - "010320"
  : -0.9
  ? - "000094"
    - "010731"
  : 90
  ? - "000047"
    - "010507"
  : -0.95
  ? - "000046"
    - "010508"
  : -0.3
  ? - "000091"
    - "010704"
  : 0.27
  ? - "000008"
    - "010102"
  : -84
  ? - "000097"
    - "010704"
  : -80.5
  ? - "000050"
    - "010509"
  : -89
  ? - "000018"
    - "010201"
  : -97.4
  ? - "000030"
    - "010331"
  : 90
  ? - "000016"
    - "010202"
  : -1
  ? - "000019"
    - "010204"
  : -76.3
  ? - "000067"
    - "010206"
  : 1
  ? - "000000"
    - "010633"
  : -2.7
  ? - "000097"
    - "010706"
  : -73.8
  ? - "000026"
    - "010308"
  : -0.97
  ? - "000038"
    - "010407"
  : -60.6
  ? - "000040"
    - "010404"
  : -83.6
  ? - "000047"
    - "010504"
  : -1
  ? - "000088"
    - "010308"
  : 1
  ? - "000048"
    - "010531"
  : 101
  ? - "000061"
    - "010601"
  : -98.5
  ? - "000043"
    - "010406"
  : 1
  ? - "000021"
    - "010206"
  : -81.5
  ? - "000033"
    - "010303"
  : 1
  ? - "000055"
    - "010605"
  : 0.73
  ? - "000000"
    - "010609"
  : 0.03
  ? - "000034"
    - "010403"
  : 2.7
  ? - "000091"
    - "010708"
  : 0.04
  ? - "000077"
    - "010708"
  : 1.1
  ? - "000095"
    - "010702"
  : -98
  ? - "000023"
    - "010204"
  : 1
  ? - "000067"
    - "010108"
  : 1
  ? - "000094"
    - "010720"
  : -3.3
  ? - "000030"
    - "010301"
  : -94.8
  ? - "000014"
    - "010201"
  : 65
  ? - "000029"
    - "010302"
  : -92
  ? - "000054"
    - "010603"
  : 2.5
  ? - "000091"
    - "010709"
  : 0.07
  ? - "000065"
    - "010103"
  : 1
  ? - "000036"
    - "010402"
  : -0.9
  ? - "000009"
    - "010103"
  : -82.9
  ? - "000010"
    - "010107"
  : -95
  ? - "000007"
    - "010108"
  : -0.98
  ? - "000017"
    - "010202"
  : -1
  ? - "000070"
    - "010404"
  : 1
  ? - "000024"
    - "010302"
  : 9.5
  ? - "000040"
    - "010401"
  : -94.8
  ? - "000013"
    - "010108"
  : 1
  ? - "000036"
    - "010407"
  : -0.36
  ? - "000043"
    - "010407"
  : 1
  ? - "000041"
    - "010420"
  : -1.3
  ? - "000076"
    - "010506"
  : 1
  ? - "000027"
    - "010305"
  : -0.95
  ? - "000040"
    - "010403"
  : -70.6
  ? - "000041"
    - "010431"
  : 82
  ? - "000026"
    - "010331"
  : 0.5
  ? - "000030"
    - "010303"
  : -70.6
  ? - "000040"
    - "010420"
  : -3.5
  ? - "000026"
    - "010305"
  : -0.36
  ? - "000035"
    - "010401"
  : 1
  ? - "000084"
    - "010531"
  : 1
  ? - "000023"
    - "010203"
  : 1
  ? - "000059"
    - "010605"
  : -82.7
  ? - "000000"
    - "010333"
  : -3.5
  ? - "000039"
    - "010401"
  : -102.3
  ? - "000048"
    - "010505"
  : -89.6
  ? - "000087"
    - "010632"
  : -1
  ? - "000007"
    - "010101"
  : -1
  ? - "000050"
    - "010502"
  : -88.1
  ? - "000094"
    - "010707"
  : -74.7
  ? - "000094"
    - "010709"
  : -101.4
  ? - "000092"
    - "010708"
  : -0.36
  ? - "000099"
    - "010731"
  : -1
  ? - "000027"
    - "010309"
  : -1
  ? - "000053"
    - "010501"
  : 1
  ? - "000005"
    - "010102"
  : 0.68
  ? - "000051"
    - "010508"
  : -89
  ? - "000000"
    - "010131"
  : -3.8
  ? - "000054"
    - "010601"
  : 56
  ? - "000057"
    - "010604"
  : -1
  ? - "000039"
    - "010405"
  : -97.6
  ? - "000026"
    - "010310"
  : -0.56
  ? - "000055"
    - "010608"
  : 0.33
  ? - "000020"
    - "010206"
  : -80.8
  ? - "000039"
    - "010431"
  : 89
  ? - "000044"
    - "010504"
  : 10.6
  ? - "000035"
    - "010403"
  : 0.09
  ? - "000059"
    - "010601"
  : -100.6
  ? - "000000"
    - "010620"
  : 0.09
  ? - "000027"
    - "010307"
  : -0.89
  ? - "000006"
    - "010107"
  : -0.29
  ? - "000086"
    - "010633"
  : 1
  ? - "000087"
    - "010631"
  : 1
  ? - "000093"
    - "010709"
  : -0.9
  ? - "000034"
    - "010406"
  : 6.5
  ? - "000000"
    - "010320"
  : 0.09
  ? - "000045"
    - "010506"
  : 0.77
  ? - "000090"
    - "010709"
  : 4.3
  ? - "000023"
    - "010201"
  : 1
  ? - "000027"
    - "010308"
  : -1
  ? - "000035"
    - "010407"
  : 0.12
  ? - "000049"
    - "010505"
  : -91.7
  ? - "000063"
    - "010607"
  : 1
  ? - "000000"
    - "010309"
  : 0.1
  ? - "000008"
    - "010106"
  : -94.8
  ? - "000051"
    - "010502"
  : -92
  ? - "000046"
    - "010531"
  : 0.5
  ? - "000025"
    - "010310"
  : 0.48
  ? - "000017"
    - "010203"
  : -0.98
  ? - "000028"
    - "010307"
  : -94.8
  ? - "000025"
    - "010308"
  : 0.27
  ? - "000094"
    - "010704"
  : -78.8
  ? - "000053"
    - "010505"
  : 1
  ? - "000082"
    - "010132"
  : -1
  ? - "000056"
    - "010601"
  : -1
  ? - "000010"
    - "010105"
  : -68.6
  ? - "000093"
    - "010703"
  : -0.87
  ? - "000093"
    - "010706"
  : -1
  ? - "000088"
    - "010104"
  : 1
  ? - "000008"
    - "010107"
  : -97.9
  ? - "000011"
    - "010108"
  : -81.5
  ? - "000025"
    - "010309"
  : 0.68
  ? - "000039"
    - "010404"
  : -89.7
  ? - "000046"
    - "010501"
  : -1
  ? - "000048"
    - "010501"
  : -99.4
  ? - "000032"
    - "010331"
  : -3
  ? - "000063"
    - "010601"
  : 1
  ? - "000009"
    - "010108"
  : -98.1
  ? - "000062"
    - "010631"
  : -3
  ? - "000028"
    - "010305"
  : -60.6
  ? - "000096"
    - "010707"
  : -77.3
  ? - "000010"
    - "010131"
  : 90
  ? - "000008"
    - "010103"
  : -87.9
  ? - "000067"
    - "010406"
  : 1
  ? - "000051"
    - "010501"
  : -101.2
  ? - "000013"
    - "010102"
  : 1
  ? - "000004"
    - "010107"
  : 3.3
  ? - "000096"
    - "010709"
  : -89
  ? - "000014"
    - "010203"
  : 0.8
  ? - "000008"
    - "010105"
  : -60.6
  ? - "000071"
    - "010307"
  : 1.1
  ? - "000036"
    - "010404"
  : -1
  ? - "000011"
    - "010101"
  : -85
  ? - "000025"
    - "010302"
  : 0.7
  ? - "000039"
    - "010420"
  : -1.4
  ? - "000045"
    - "010531"
  : -0.5
  ? - "000007"
    - "010106"
  : -0.89
  ? - "000033"
    - "010305"
  : 1
  ? - "000068"
    - "010302"
  : 1
  ? - "000064"
    - "010309"
  : 1
  ? - "000068"
    - "010402"
  : 1
  ? - "000000"
    - "010432"
  : -2.8
  ? - "000019"
    - "010203"
  : -82.9
  ? - "000031"
    - "010304"
  : -89.4
  ? - "000085"
    - "010231"
  : 1
  ? - "000029"
    - "010304"
  : -89.7
  ? - "000029"
    - "010305"
  : -76.3
  ? - "000041"
    - "010406"
  : -83.3
  ? - "000078"
    - "010704"
  : 1
  ? - "000097"
    - "010708"
  : -86.3
  ? - "000000"
    - "010408"
  : 0.1
  ? - "000017"
    - "010206"
  : -1
  ? - "000030"
    - "010305"
  : -68.6
  ? - "000013"
    - "010103"
  : 1
  ? - "000005"
    - "010107"
  : 0.07
  ? - "000038"
    - "010402"
  : -89.1
  ? - "000053"
    - "010502"
  : 1
  ? - "000096"
    - "010731"
  : 83
  ? - "000000"
    - "010306"
  : 0.06
  ? - "000005"
    - "010104"
  : 0.27
  ? - "000014"
    - "010231"
  : -11
  ? - "000037"
    - "010408"
  : -1
  ? - "000044"
    - "010507"
  : 1.5
  ? - "000090"
    - "010701"
  : 56
  ? - "000091"
    - "010701"
  : 1
  ? - "000093"
    - "010702"
  : -1
  ? - "000024"
    - "010305"
  : 1.5
  ? - "000010"
    - "010106"
  : -83.8
  ? - "000020"
    - "010231"
  : 82
  ? - "000042"
    - "010431"
  : -3
  ? - "000018"
    - "010202"
  : -84
  ? - "000027"
    - "010302"
  : -1
  ? - "000018"
    - "010220"
  : -3.5
  ? - "000058"
    - "010601"
  : -97.7
  ? - "000061"
    - "010631"
  : 82
  ? - "000050"
    - "010501"
  : -96.7
  ? - "000058"
    - "010605"
  : -78.2
  ? - "000038"
    - "010406"
  : -96.5
  ? - "000045"
    - "010504"
  : 0.68
  ? - "000085"
    - "010632"
  : 1
  ? - "000051"
    - "010531"
  : 91
  ? - "000000"
    - "010106"
  : 0.03
  ? - "000050"
    - "010507"
  : -68.6
  ? - "000063"
    - "010609"
  : 1
  ? - "000014"
    - "010202"
  : 5.5
  ? - "000047"
    - "010501"
  : -1
  ? - "000044"
    - "010508"
  : 4.2
  ? - "000025"
    - "010307"
  : 0.19
  ? - "000075"
    - "010603"
  : 1
  ? - "000095"
    - "010703"
  : -89.3
  ? - "000099"
    - "010704"
  : 1
  ? - "000010"
    - "010104"
  : -95
  ? - "000020"
    - "010220"
  : -3.4
  ? - "000000"
    - "010520"
  : 0.09
  ? - "000029"
    - "010331"
  : 100
  ? - "000011"
    - "010102"
  : -83.2
  ? - "000029"
    - "010309"
  : -88.1
  ? - "000043"
    - "010403"
  : 1
  ? - "000049"
    - "010501"
  : -103
  ? - "000044"
    - "010502"
  : 1.8
  ? - "000053"
    - "010503"
  : 1
  ? - "000052"
    - "010520"
  : 1
  ? - "000016"
    - "010206"
  : -0.67
  ? - "000050"
    - "010504"
  : -80.8
  ? - "000033"
    - "010310"
  : 1
  ? - "000057"
    - "010603"
  : -0.87
  ? - "000070"
    - "010304"
  : 1
  ? - "000024"
    - "010331"
  : -11
  ? - "000077"
    - "010507"
  : 1
  ? - "000063"
    - "010604"
  : 1
  ? - "000081"
    - "010608"
  : 1
  ? - "000099"
    - "010708"
  : 1
  ? - "000031"
    - "010303"
  : -74
  ? - "000054"
    - "010607"
  : 14.6
  ? - "000041"
    - "010404"
  : -89.4
  ? - "000047"
    - "010503"
  : -0.54
  ? - "000010"
    - "010101"
  : -83.7
  ? - "000026"
    - "010301"
  : -1
  ? - "000007"
    - "010103"
  : -0.78
  ? - "000037"
    - "010403"
  : -0.92
  ? - "000034"
    - "010405"
  : 6.2
  ? - "000071"
    - "010405"
  : 1.1
  ? - "000047"
    - "010506"
  : -1
  ? - "000000"
    - "010508"
  : 0.03
  ? - "000058"
    - "010607"
  : -74.7
  ? - "000096"
    - "010702"
  : -78.6
  ? - "000077"
    - "010709"
  : 1.2
  ? - "000064"
    - "010202"
  : 1
  ? - "000095"
    - "010704"
  : -82.7
  ? - "000044"
    - "010506"
  : 11.5
  ? - "000010"
    - "010108"
  : -80.8
  ? - "000028"
    - "010302"
  : -89.1
  ? - "000010"
    - "010102"
  : -79.4
  ? - "000024"
    - "010306"
  : 6.2
  ? - "000043"
    - "010405"
  : 1
  ? - "000099"
    - "010706"
  : 1
  ? - "000060"
    - "010601"
  : -94.5
  ? - "000048"
    - "010506"
  : -79.5
  ? - "000016"
    - "010204"
  : -0.36
  ? - "000013"
    - "010101"
  : 1
  ? - "000033"
    - "010302"
  : 1
  ? - "000044"
    - "010505"
  : 2.5
  ? - "000056"
    - "010606"
  : -0.38
  ? - "000043"
    - "010401"
  : 1
  ? - "000066"
    - "010204"
  : 1
  ? - "000057"
    - "010631"
  : 0.9
  ? - "000022"
    - "010231"
  : -3
  ? - "000007"
    - "010105"
  : -0.95
  ? - "000048"
    - "010504"
  : -99.9
  ? - "000006"
    - "010105"
  : -0.36
  ? - "000047"
    - "010505"
  : -0.65
  ? - "000096"
    - "010708"
  : -85.4
  ? - "000061"
    - "010602"
  : -79
  ? - "000057"
    - "010608"
  : -1
  ? - "000004"
    - "010103"
  : 0.8
  ? - "000064"
    - "010408"
  : 1
  ? - "000051"
    - "010505"
  : -82.1
  ? - "000004"
    - "010105"
  : 1.5
  ? - "000023"
    - "010202"
  : 1
  ? - "000000"
    - "010133"
  : -3.5
  ? - "000040"
    - "010406"
  : -82.2
  ? - "000046"
    - "010509"
  : -0.27
  ? - "000080"
    - "010607"
  : 1
  ? - "000006"
    - "010104"
  : -0.97
  ? - "000058"
    - "010609"
  : -97.8
  ? - "000090"
    - "010707"
  : 14.6
  ? - "000000"
    - "010509"
  : 0.06
  ? - "000063"
    - "010631"
  : -1
  ? - "000093"
    - "010704"
  : -1
  ? - "000078"
    - "010604"
  : 1
  ? - "000028"
    - "010303"
  : -77.9
  ? - "000041"
    - "010401"
  : -99.8
  ? - "000036"
    - "010405"
  : -0.45
  ? - "000048"
    - "010503"
  : -86.2
  ? - "000045"
    - "010509"
  : 0.07
  ? - "000063"
    - "010608"
  : 1
  ? - "000024"
    - "010304"
  : 10.8
  ? - "000060"
    - "010620"
  : -4.2
  ? - "000031"
    - "010302"
  : -80.1
  ? - "000045"
    - "010501"
  : 1
  ? - "000053"
    - "010506"
  : 1
  ? - "000011"
    - "010107"
  : -98
  ? - "000006"
    - "010108"
  : -0.62
  ? - "000011"
    - "010105"
  : -76.8
  ? - "000024"
    - "010309"
  : 5.5
  ? - "000045"
    - "010507"
  : 0.12
  ? - "000090"
    - "010708"
  : 4.2
  ? - "000093"
    - "010708"
  : -0.98
  ? - "000041"
    - "010402"
  : -80.1
  ? - "000008"
    - "010108"
  : -96.5
  ? - "000009"
    - "010104"
  : -100.3
  ? - "000000"
    - "010310"
  : 0.1
  ? - "000097"
    - "010720"
  : -1.7
  ? - "000028"
    - "010306"
  : -95.9
  ? - "000082"
    - "010131"
  : 1
  ? - "000030"
    - "010304"
  : -83.6
  ? - "000054"
    - "010605"
  : 11.5
  ? - "000024"
    - "010301"
  : 70
  ? - "000077"
    - "010609"
  : 1.1
  ? - "000099"
    - "010707"
  : 1
  ? - "000016"
    - "010231"
  : 0.5
  ? - "000058"
    - "010631"
  : 89
  ? - "000038"
    - "010404"
  : -84.6
  ? - "000000"
    - "010632"
  : -2.7
  ? - "000013"
    - "010131"
  : -1
  ? - "000086"
    - "010432"
  : -1
  ? - "000069"
    - "010303"
  : 1
  ? - "000051"
    - "010504"
  : -81.7
  ? - "000095"
    - "010709"
  : -101.5
  ? - "000099"
    - "010709"
  : 1
  ? - "000074"
    - "010702"
  : 1
  ? - "000041"
    - "010408"
  : -83.2
  ? - "000090"
    - "010705"
  : 11.5
  ? - "000000"
    - "010331"
  : -3.7
  ? - "000012"
    - "010131"
  : -3
  ? - "000015"
    - "010204"
  : 0.12
  ? - "000055"
    - "010601"
  : 1
rhs:
  RHS:
    "000088": 1
    "000071": 7
    "000074": 10
    "000075": 10
    "000067": 21
    "000066": 7
    "000076": 8.5
    "000069": 3
    "000085": 20
    "000068": 3
    "000077": 13
    "000072": 1.5
    "000078": 1.5
    "000080": 1
    "000064": 7
    "000082": 15
    "000065": 7
    "000083": 15
    "000070": 3
    "000084": 20
    "000086": 15
    "000073": 1.5
    "000079": 1.5
    "000081": 1
bounds: {}
ranges: {}

