---
source: tests/parse.rs
expression: "Parser::<f32>::parse(include_str!(\"../tests/data/netlib/sc105\"))?"
---
name: SC105
rows:
  - row_type: Nr
    row_name: MAXIM
  - row_type: Leq
    row_name: ROW00001
  - row_type: Leq
    row_name: ROW00002
  - row_type: Leq
    row_name: ROW00003
  - row_type: Eq
    row_name: ROW00004
  - row_type: Eq
    row_name: ROW00005
  - row_type: Eq
    row_name: ROW00006
  - row_type: Eq
    row_name: ROW00007
  - row_type: Leq
    row_name: ROW00008
  - row_type: Leq
    row_name: ROW00009
  - row_type: Leq
    row_name: ROW00010
  - row_type: Leq
    row_name: ROW00011
  - row_type: Leq
    row_name: ROW00012
  - row_type: Leq
    row_name: ROW00013
  - row_type: Eq
    row_name: ROW00014
  - row_type: Eq
    row_name: ROW00015
  - row_type: Eq
    row_name: ROW00016
  - row_type: Eq
    row_name: ROW00017
  - row_type: Eq
    row_name: ROW00018
  - row_type: Leq
    row_name: ROW00019
  - row_type: Leq
    row_name: ROW00020
  - row_type: Leq
    row_name: ROW00021
  - row_type: Leq
    row_name: ROW00022
  - row_type: Leq
    row_name: ROW00023
  - row_type: Leq
    row_name: ROW00024
  - row_type: Eq
    row_name: ROW00025
  - row_type: Eq
    row_name: ROW00026
  - row_type: Eq
    row_name: ROW00027
  - row_type: Eq
    row_name: ROW00028
  - row_type: Eq
    row_name: ROW00029
  - row_type: Leq
    row_name: ROW00030
  - row_type: Leq
    row_name: ROW00031
  - row_type: Leq
    row_name: ROW00032
  - row_type: Leq
    row_name: ROW00033
  - row_type: Leq
    row_name: ROW00034
  - row_type: Leq
    row_name: ROW00035
  - row_type: Eq
    row_name: ROW00036
  - row_type: Eq
    row_name: ROW00037
  - row_type: Eq
    row_name: ROW00038
  - row_type: Eq
    row_name: ROW00039
  - row_type: Eq
    row_name: ROW00040
  - row_type: Leq
    row_name: ROW00041
  - row_type: Leq
    row_name: ROW00042
  - row_type: Leq
    row_name: ROW00043
  - row_type: Leq
    row_name: ROW00044
  - row_type: Leq
    row_name: ROW00045
  - row_type: Leq
    row_name: ROW00046
  - row_type: Eq
    row_name: ROW00047
  - row_type: Eq
    row_name: ROW00048
  - row_type: Eq
    row_name: ROW00049
  - row_type: Eq
    row_name: ROW00050
  - row_type: Eq
    row_name: ROW00051
  - row_type: Leq
    row_name: ROW00052
  - row_type: Leq
    row_name: ROW00053
  - row_type: Leq
    row_name: ROW00054
  - row_type: Leq
    row_name: ROW00055
  - row_type: Leq
    row_name: ROW00056
  - row_type: Leq
    row_name: ROW00057
  - row_type: Eq
    row_name: ROW00058
  - row_type: Eq
    row_name: ROW00059
  - row_type: Eq
    row_name: ROW00060
  - row_type: Eq
    row_name: ROW00061
  - row_type: Eq
    row_name: ROW00062
  - row_type: Leq
    row_name: ROW00063
  - row_type: Leq
    row_name: ROW00064
  - row_type: Leq
    row_name: ROW00065
  - row_type: Leq
    row_name: ROW00066
  - row_type: Leq
    row_name: ROW00067
  - row_type: Leq
    row_name: ROW00068
  - row_type: Eq
    row_name: ROW00069
  - row_type: Eq
    row_name: ROW00070
  - row_type: Eq
    row_name: ROW00071
  - row_type: Eq
    row_name: ROW00072
  - row_type: Eq
    row_name: ROW00073
  - row_type: Leq
    row_name: ROW00074
  - row_type: Leq
    row_name: ROW00075
  - row_type: Leq
    row_name: ROW00076
  - row_type: Leq
    row_name: ROW00077
  - row_type: Leq
    row_name: ROW00078
  - row_type: Leq
    row_name: ROW00079
  - row_type: Eq
    row_name: ROW00080
  - row_type: Eq
    row_name: ROW00081
  - row_type: Eq
    row_name: ROW00082
  - row_type: Eq
    row_name: ROW00083
  - row_type: Eq
    row_name: ROW00084
  - row_type: Leq
    row_name: ROW00085
  - row_type: Leq
    row_name: ROW00086
  - row_type: Leq
    row_name: ROW00087
  - row_type: Leq
    row_name: ROW00088
  - row_type: Leq
    row_name: ROW00089
  - row_type: Leq
    row_name: ROW00090
  - row_type: Eq
    row_name: ROW00091
  - row_type: Eq
    row_name: ROW00092
  - row_type: Eq
    row_name: ROW00093
  - row_type: Eq
    row_name: ROW00094
  - row_type: Eq
    row_name: ROW00095
  - row_type: Leq
    row_name: ROW00096
  - row_type: Leq
    row_name: ROW00097
  - row_type: Leq
    row_name: ROW00098
  - row_type: Leq
    row_name: ROW00099
  - row_type: Leq
    row_name: ROW00100
  - row_type: Leq
    row_name: ROW00101
  - row_type: Eq
    row_name: ROW00102
  - row_type: Leq
    row_name: ROW00103
  - row_type: Leq
    row_name: ROW00104
  - row_type: Leq
    row_name: ROW00105
columns:
  - name: COL00001
    first_pair:
      row_name: ROW00001
      value: 2
    second_pair:
      row_name: ROW00002
      value: 1
  - name: COL00001
    first_pair:
      row_name: ROW00005
      value: -1
    second_pair: ~
  - name: COL00002
    first_pair:
      row_name: ROW00001
      value: 1
    second_pair:
      row_name: ROW00002
      value: 2
  - name: COL00002
    first_pair:
      row_name: ROW00006
      value: -1
    second_pair: ~
  - name: COL00003
    first_pair:
      row_name: ROW00001
      value: 1.5
    second_pair:
      row_name: ROW00002
      value: 1.5
  - name: COL00003
    first_pair:
      row_name: ROW00007
      value: -1
    second_pair: ~
  - name: COL00004
    first_pair:
      row_name: "MAXIM   "
      value: -1
    second_pair:
      row_name: ROW00004
      value: 1
  - name: COL00004
    first_pair:
      row_name: ROW00014
      value: 1.1
    second_pair: ~
  - name: COL00005
    first_pair:
      row_name: ROW00004
      value: -1
    second_pair:
      row_name: ROW00013
      value: 1
  - name: COL00005
    first_pair:
      row_name: ROW00015
      value: 1
    second_pair: ~
  - name: COL00006
    first_pair:
      row_name: ROW00005
      value: 1
    second_pair:
      row_name: ROW00008
      value: -1
  - name: COL00006
    first_pair:
      row_name: ROW00016
      value: -1
    second_pair: ~
  - name: COL00007
    first_pair:
      row_name: ROW00006
      value: 1
    second_pair:
      row_name: ROW00009
      value: -1
  - name: COL00007
    first_pair:
      row_name: ROW00017
      value: -1
    second_pair: ~
  - name: COL00008
    first_pair:
      row_name: ROW00007
      value: 1
    second_pair:
      row_name: ROW00010
      value: -1
  - name: COL00008
    first_pair:
      row_name: ROW00018
      value: -1
    second_pair: ~
  - name: COL00009
    first_pair:
      row_name: ROW00008
      value: 1
    second_pair:
      row_name: ROW00011
      value: -1
  - name: COL00010
    first_pair:
      row_name: ROW00009
      value: 1
    second_pair:
      row_name: ROW00012
      value: -1
  - name: COL00011
    first_pair:
      row_name: ROW00010
      value: 1
    second_pair:
      row_name: ROW00013
      value: -1
  - name: COL00012
    first_pair:
      row_name: ROW00011
      value: 2
    second_pair:
      row_name: ROW00012
      value: 1
  - name: COL00012
    first_pair:
      row_name: ROW00016
      value: -1
    second_pair: ~
  - name: COL00013
    first_pair:
      row_name: ROW00011
      value: 1
    second_pair:
      row_name: ROW00012
      value: 2
  - name: COL00013
    first_pair:
      row_name: ROW00017
      value: -1
    second_pair: ~
  - name: COL00014
    first_pair:
      row_name: ROW00011
      value: 1.5
    second_pair:
      row_name: ROW00012
      value: 1.5
  - name: COL00014
    first_pair:
      row_name: ROW00018
      value: -1
    second_pair: ~
  - name: COL00015
    first_pair:
      row_name: ROW00014
      value: -1
    second_pair:
      row_name: ROW00015
      value: 1
  - name: COL00015
    first_pair:
      row_name: ROW00025
      value: 1.1
    second_pair: ~
  - name: COL00016
    first_pair:
      row_name: ROW00015
      value: -1
    second_pair:
      row_name: ROW00024
      value: 1
  - name: COL00016
    first_pair:
      row_name: ROW00026
      value: 1
    second_pair: ~
  - name: COL00017
    first_pair:
      row_name: ROW00016
      value: 1
    second_pair:
      row_name: ROW00019
      value: -1
  - name: COL00017
    first_pair:
      row_name: ROW00027
      value: -1
    second_pair: ~
  - name: COL00018
    first_pair:
      row_name: ROW00017
      value: 1
    second_pair:
      row_name: ROW00020
      value: -1
  - name: COL00018
    first_pair:
      row_name: ROW00028
      value: -1
    second_pair: ~
  - name: COL00019
    first_pair:
      row_name: ROW00018
      value: 1
    second_pair:
      row_name: ROW00021
      value: -1
  - name: COL00019
    first_pair:
      row_name: ROW00029
      value: -1
    second_pair: ~
  - name: COL00020
    first_pair:
      row_name: ROW00019
      value: 1
    second_pair:
      row_name: ROW00022
      value: -1
  - name: COL00021
    first_pair:
      row_name: ROW00020
      value: 1
    second_pair:
      row_name: ROW00023
      value: -1
  - name: COL00022
    first_pair:
      row_name: ROW00021
      value: 1
    second_pair:
      row_name: ROW00024
      value: -1
  - name: COL00023
    first_pair:
      row_name: ROW00022
      value: 2
    second_pair:
      row_name: ROW00023
      value: 1
  - name: COL00023
    first_pair:
      row_name: ROW00027
      value: -1
    second_pair: ~
  - name: COL00024
    first_pair:
      row_name: ROW00022
      value: 1
    second_pair:
      row_name: ROW00023
      value: 2
  - name: COL00024
    first_pair:
      row_name: ROW00028
      value: -1
    second_pair: ~
  - name: COL00025
    first_pair:
      row_name: ROW00022
      value: 1.5
    second_pair:
      row_name: ROW00023
      value: 1.5
  - name: COL00025
    first_pair:
      row_name: ROW00029
      value: -1
    second_pair: ~
  - name: COL00026
    first_pair:
      row_name: ROW00025
      value: -1
    second_pair:
      row_name: ROW00026
      value: 1
  - name: COL00026
    first_pair:
      row_name: ROW00036
      value: 1.1
    second_pair: ~
  - name: COL00027
    first_pair:
      row_name: ROW00026
      value: -1
    second_pair:
      row_name: ROW00035
      value: 1
  - name: COL00027
    first_pair:
      row_name: ROW00037
      value: 1
    second_pair: ~
  - name: COL00028
    first_pair:
      row_name: ROW00027
      value: 1
    second_pair:
      row_name: ROW00030
      value: -1
  - name: COL00028
    first_pair:
      row_name: ROW00038
      value: -1
    second_pair: ~
  - name: COL00029
    first_pair:
      row_name: ROW00028
      value: 1
    second_pair:
      row_name: ROW00031
      value: -1
  - name: COL00029
    first_pair:
      row_name: ROW00039
      value: -1
    second_pair: ~
  - name: COL00030
    first_pair:
      row_name: ROW00029
      value: 1
    second_pair:
      row_name: ROW00032
      value: -1
  - name: COL00030
    first_pair:
      row_name: ROW00040
      value: -1
    second_pair: ~
  - name: COL00031
    first_pair:
      row_name: ROW00030
      value: 1
    second_pair:
      row_name: ROW00033
      value: -1
  - name: COL00032
    first_pair:
      row_name: ROW00031
      value: 1
    second_pair:
      row_name: ROW00034
      value: -1
  - name: COL00033
    first_pair:
      row_name: ROW00032
      value: 1
    second_pair:
      row_name: ROW00035
      value: -1
  - name: COL00034
    first_pair:
      row_name: ROW00033
      value: 2
    second_pair:
      row_name: ROW00034
      value: 1
  - name: COL00034
    first_pair:
      row_name: ROW00038
      value: -1
    second_pair: ~
  - name: COL00035
    first_pair:
      row_name: ROW00033
      value: 1
    second_pair:
      row_name: ROW00034
      value: 2
  - name: COL00035
    first_pair:
      row_name: ROW00039
      value: -1
    second_pair: ~
  - name: COL00036
    first_pair:
      row_name: ROW00033
      value: 1.5
    second_pair:
      row_name: ROW00034
      value: 1.5
  - name: COL00036
    first_pair:
      row_name: ROW00040
      value: -1
    second_pair: ~
  - name: COL00037
    first_pair:
      row_name: ROW00036
      value: -1
    second_pair:
      row_name: ROW00037
      value: 1
  - name: COL00037
    first_pair:
      row_name: ROW00047
      value: 1.1
    second_pair: ~
  - name: COL00038
    first_pair:
      row_name: ROW00037
      value: -1
    second_pair:
      row_name: ROW00046
      value: 1
  - name: COL00038
    first_pair:
      row_name: ROW00048
      value: 1
    second_pair: ~
  - name: COL00039
    first_pair:
      row_name: ROW00038
      value: 1
    second_pair:
      row_name: ROW00041
      value: -1
  - name: COL00039
    first_pair:
      row_name: ROW00049
      value: -1
    second_pair: ~
  - name: COL00040
    first_pair:
      row_name: ROW00039
      value: 1
    second_pair:
      row_name: ROW00042
      value: -1
  - name: COL00040
    first_pair:
      row_name: ROW00050
      value: -1
    second_pair: ~
  - name: COL00041
    first_pair:
      row_name: ROW00040
      value: 1
    second_pair:
      row_name: ROW00043
      value: -1
  - name: COL00041
    first_pair:
      row_name: ROW00051
      value: -1
    second_pair: ~
  - name: COL00042
    first_pair:
      row_name: ROW00041
      value: 1
    second_pair:
      row_name: ROW00044
      value: -1
  - name: COL00043
    first_pair:
      row_name: ROW00042
      value: 1
    second_pair:
      row_name: ROW00045
      value: -1
  - name: COL00044
    first_pair:
      row_name: ROW00043
      value: 1
    second_pair:
      row_name: ROW00046
      value: -1
  - name: COL00045
    first_pair:
      row_name: ROW00044
      value: 2
    second_pair:
      row_name: ROW00045
      value: 1
  - name: COL00045
    first_pair:
      row_name: ROW00049
      value: -1
    second_pair: ~
  - name: COL00046
    first_pair:
      row_name: ROW00044
      value: 1
    second_pair:
      row_name: ROW00045
      value: 2
  - name: COL00046
    first_pair:
      row_name: ROW00050
      value: -1
    second_pair: ~
  - name: COL00047
    first_pair:
      row_name: ROW00044
      value: 1.5
    second_pair:
      row_name: ROW00045
      value: 1.5
  - name: COL00047
    first_pair:
      row_name: ROW00051
      value: -1
    second_pair: ~
  - name: COL00048
    first_pair:
      row_name: ROW00047
      value: -1
    second_pair:
      row_name: ROW00048
      value: 1
  - name: COL00048
    first_pair:
      row_name: ROW00058
      value: 1.1
    second_pair: ~
  - name: COL00049
    first_pair:
      row_name: ROW00048
      value: -1
    second_pair:
      row_name: ROW00057
      value: 1
  - name: COL00049
    first_pair:
      row_name: ROW00059
      value: 1
    second_pair: ~
  - name: COL00050
    first_pair:
      row_name: ROW00049
      value: 1
    second_pair:
      row_name: ROW00052
      value: -1
  - name: COL00050
    first_pair:
      row_name: ROW00060
      value: -1
    second_pair: ~
  - name: COL00051
    first_pair:
      row_name: ROW00050
      value: 1
    second_pair:
      row_name: ROW00053
      value: -1
  - name: COL00051
    first_pair:
      row_name: ROW00061
      value: -1
    second_pair: ~
  - name: COL00052
    first_pair:
      row_name: ROW00051
      value: 1
    second_pair:
      row_name: ROW00054
      value: -1
  - name: COL00052
    first_pair:
      row_name: ROW00062
      value: -1
    second_pair: ~
  - name: COL00053
    first_pair:
      row_name: ROW00052
      value: 1
    second_pair:
      row_name: ROW00055
      value: -1
  - name: COL00054
    first_pair:
      row_name: ROW00053
      value: 1
    second_pair:
      row_name: ROW00056
      value: -1
  - name: COL00055
    first_pair:
      row_name: ROW00054
      value: 1
    second_pair:
      row_name: ROW00057
      value: -1
  - name: COL00056
    first_pair:
      row_name: ROW00055
      value: 2
    second_pair:
      row_name: ROW00056
      value: 1
  - name: COL00056
    first_pair:
      row_name: ROW00060
      value: -1
    second_pair: ~
  - name: COL00057
    first_pair:
      row_name: ROW00055
      value: 1
    second_pair:
      row_name: ROW00056
      value: 2
  - name: COL00057
    first_pair:
      row_name: ROW00061
      value: -1
    second_pair: ~
  - name: COL00058
    first_pair:
      row_name: ROW00055
      value: 1.5
    second_pair:
      row_name: ROW00056
      value: 1.5
  - name: COL00058
    first_pair:
      row_name: ROW00062
      value: -1
    second_pair: ~
  - name: COL00059
    first_pair:
      row_name: ROW00058
      value: -1
    second_pair:
      row_name: ROW00059
      value: 1
  - name: COL00059
    first_pair:
      row_name: ROW00069
      value: 1.1
    second_pair: ~
  - name: COL00060
    first_pair:
      row_name: ROW00059
      value: -1
    second_pair:
      row_name: ROW00068
      value: 1
  - name: COL00060
    first_pair:
      row_name: ROW00070
      value: 1
    second_pair: ~
  - name: COL00061
    first_pair:
      row_name: ROW00060
      value: 1
    second_pair:
      row_name: ROW00063
      value: -1
  - name: COL00061
    first_pair:
      row_name: ROW00071
      value: -1
    second_pair: ~
  - name: COL00062
    first_pair:
      row_name: ROW00061
      value: 1
    second_pair:
      row_name: ROW00064
      value: -1
  - name: COL00062
    first_pair:
      row_name: ROW00072
      value: -1
    second_pair: ~
  - name: COL00063
    first_pair:
      row_name: ROW00062
      value: 1
    second_pair:
      row_name: ROW00065
      value: -1
  - name: COL00063
    first_pair:
      row_name: ROW00073
      value: -1
    second_pair: ~
  - name: COL00064
    first_pair:
      row_name: ROW00063
      value: 1
    second_pair:
      row_name: ROW00066
      value: -1
  - name: COL00065
    first_pair:
      row_name: ROW00064
      value: 1
    second_pair:
      row_name: ROW00067
      value: -1
  - name: COL00066
    first_pair:
      row_name: ROW00065
      value: 1
    second_pair:
      row_name: ROW00068
      value: -1
  - name: COL00067
    first_pair:
      row_name: ROW00066
      value: 2
    second_pair:
      row_name: ROW00067
      value: 1
  - name: COL00067
    first_pair:
      row_name: ROW00071
      value: -1
    second_pair: ~
  - name: COL00068
    first_pair:
      row_name: ROW00066
      value: 1
    second_pair:
      row_name: ROW00067
      value: 2
  - name: COL00068
    first_pair:
      row_name: ROW00072
      value: -1
    second_pair: ~
  - name: COL00069
    first_pair:
      row_name: ROW00066
      value: 1.5
    second_pair:
      row_name: ROW00067
      value: 1.5
  - name: COL00069
    first_pair:
      row_name: ROW00073
      value: -1
    second_pair: ~
  - name: COL00070
    first_pair:
      row_name: ROW00069
      value: -1
    second_pair:
      row_name: ROW00070
      value: 1
  - name: COL00070
    first_pair:
      row_name: ROW00080
      value: 1.1
    second_pair: ~
  - name: COL00071
    first_pair:
      row_name: ROW00070
      value: -1
    second_pair:
      row_name: ROW00079
      value: 1
  - name: COL00071
    first_pair:
      row_name: ROW00081
      value: 1
    second_pair: ~
  - name: COL00072
    first_pair:
      row_name: ROW00071
      value: 1
    second_pair:
      row_name: ROW00074
      value: -1
  - name: COL00072
    first_pair:
      row_name: ROW00082
      value: -1
    second_pair: ~
  - name: COL00073
    first_pair:
      row_name: ROW00072
      value: 1
    second_pair:
      row_name: ROW00075
      value: -1
  - name: COL00073
    first_pair:
      row_name: ROW00083
      value: -1
    second_pair: ~
  - name: COL00074
    first_pair:
      row_name: ROW00073
      value: 1
    second_pair:
      row_name: ROW00076
      value: -1
  - name: COL00074
    first_pair:
      row_name: ROW00084
      value: -1
    second_pair: ~
  - name: COL00075
    first_pair:
      row_name: ROW00074
      value: 1
    second_pair:
      row_name: ROW00077
      value: -1
  - name: COL00076
    first_pair:
      row_name: ROW00075
      value: 1
    second_pair:
      row_name: ROW00078
      value: -1
  - name: COL00077
    first_pair:
      row_name: ROW00076
      value: 1
    second_pair:
      row_name: ROW00079
      value: -1
  - name: COL00078
    first_pair:
      row_name: ROW00077
      value: 2
    second_pair:
      row_name: ROW00078
      value: 1
  - name: COL00078
    first_pair:
      row_name: ROW00082
      value: -1
    second_pair: ~
  - name: COL00079
    first_pair:
      row_name: ROW00077
      value: 1
    second_pair:
      row_name: ROW00078
      value: 2
  - name: COL00079
    first_pair:
      row_name: ROW00083
      value: -1
    second_pair: ~
  - name: COL00080
    first_pair:
      row_name: ROW00077
      value: 1.5
    second_pair:
      row_name: ROW00078
      value: 1.5
  - name: COL00080
    first_pair:
      row_name: ROW00084
      value: -1
    second_pair: ~
  - name: COL00081
    first_pair:
      row_name: ROW00080
      value: -1
    second_pair:
      row_name: ROW00081
      value: 1
  - name: COL00081
    first_pair:
      row_name: ROW00091
      value: 1.1
    second_pair: ~
  - name: COL00082
    first_pair:
      row_name: ROW00081
      value: -1
    second_pair:
      row_name: ROW00090
      value: 1
  - name: COL00082
    first_pair:
      row_name: ROW00092
      value: 1
    second_pair: ~
  - name: COL00083
    first_pair:
      row_name: ROW00082
      value: 1
    second_pair:
      row_name: ROW00085
      value: -1
  - name: COL00083
    first_pair:
      row_name: ROW00093
      value: -1
    second_pair: ~
  - name: COL00084
    first_pair:
      row_name: ROW00083
      value: 1
    second_pair:
      row_name: ROW00086
      value: -1
  - name: COL00084
    first_pair:
      row_name: ROW00094
      value: -1
    second_pair: ~
  - name: COL00085
    first_pair:
      row_name: ROW00084
      value: 1
    second_pair:
      row_name: ROW00087
      value: -1
  - name: COL00085
    first_pair:
      row_name: ROW00095
      value: -1
    second_pair: ~
  - name: COL00086
    first_pair:
      row_name: ROW00085
      value: 1
    second_pair:
      row_name: ROW00088
      value: -1
  - name: COL00087
    first_pair:
      row_name: ROW00086
      value: 1
    second_pair:
      row_name: ROW00089
      value: -1
  - name: COL00088
    first_pair:
      row_name: ROW00087
      value: 1
    second_pair:
      row_name: ROW00090
      value: -1
  - name: COL00089
    first_pair:
      row_name: ROW00088
      value: 2
    second_pair:
      row_name: ROW00089
      value: 1
  - name: COL00089
    first_pair:
      row_name: ROW00093
      value: -1
    second_pair: ~
  - name: COL00090
    first_pair:
      row_name: ROW00088
      value: 1
    second_pair:
      row_name: ROW00089
      value: 2
  - name: COL00090
    first_pair:
      row_name: ROW00094
      value: -1
    second_pair: ~
  - name: COL00091
    first_pair:
      row_name: ROW00088
      value: 1.5
    second_pair:
      row_name: ROW00089
      value: 1.5
  - name: COL00091
    first_pair:
      row_name: ROW00095
      value: -1
    second_pair: ~
  - name: COL00092
    first_pair:
      row_name: ROW00091
      value: -1
    second_pair:
      row_name: ROW00092
      value: 1
  - name: COL00092
    first_pair:
      row_name: ROW00102
      value: 1.1
    second_pair: ~
  - name: COL00093
    first_pair:
      row_name: ROW00092
      value: -1
    second_pair:
      row_name: ROW00101
      value: 1
  - name: COL00094
    first_pair:
      row_name: ROW00093
      value: 1
    second_pair:
      row_name: ROW00096
      value: -1
  - name: COL00095
    first_pair:
      row_name: ROW00094
      value: 1
    second_pair:
      row_name: ROW00097
      value: -1
  - name: COL00096
    first_pair:
      row_name: ROW00095
      value: 1
    second_pair:
      row_name: ROW00098
      value: -1
  - name: COL00097
    first_pair:
      row_name: ROW00096
      value: 1
    second_pair:
      row_name: ROW00099
      value: -1
  - name: COL00098
    first_pair:
      row_name: ROW00097
      value: 1
    second_pair:
      row_name: ROW00100
      value: -1
  - name: COL00099
    first_pair:
      row_name: ROW00098
      value: 1
    second_pair:
      row_name: ROW00101
      value: -1
  - name: COL00100
    first_pair:
      row_name: ROW00099
      value: 2
    second_pair:
      row_name: ROW00100
      value: 1
  - name: COL00100
    first_pair:
      row_name: ROW00103
      value: -0.8
    second_pair:
      row_name: ROW00104
      value: 0.1
  - name: COL00101
    first_pair:
      row_name: ROW00099
      value: 1
    second_pair:
      row_name: ROW00100
      value: 2
  - name: COL00101
    first_pair:
      row_name: ROW00103
      value: 0.1
    second_pair:
      row_name: ROW00104
      value: -0.8
  - name: COL00102
    first_pair:
      row_name: ROW00099
      value: 1.5
    second_pair:
      row_name: ROW00100
      value: 1.5
  - name: COL00102
    first_pair:
      row_name: ROW00103
      value: 0.15
    second_pair:
      row_name: ROW00104
      value: 0.15
  - name: COL00102
    first_pair:
      row_name: ROW00105
      value: -1
    second_pair: ~
  - name: COL00103
    first_pair:
      row_name: ROW00102
      value: -1
    second_pair:
      row_name: ROW00105
      value: 1
rhs:
  - name: "CONST   "
    first_pair:
      row_name: ROW00001
      value: 200
    second_pair:
      row_name: ROW00002
      value: 100
  - name: "CONST   "
    first_pair:
      row_name: ROW00011
      value: 200
    second_pair:
      row_name: ROW00012
      value: 100
  - name: "CONST   "
    first_pair:
      row_name: ROW00022
      value: 200
    second_pair:
      row_name: ROW00023
      value: 100
  - name: "CONST   "
    first_pair:
      row_name: ROW00033
      value: 200
    second_pair:
      row_name: ROW00034
      value: 100
  - name: "CONST   "
    first_pair:
      row_name: ROW00044
      value: 200
    second_pair:
      row_name: ROW00045
      value: 100
  - name: "CONST   "
    first_pair:
      row_name: ROW00055
      value: 200
    second_pair:
      row_name: ROW00056
      value: 100
  - name: "CONST   "
    first_pair:
      row_name: ROW00066
      value: 200
    second_pair:
      row_name: ROW00067
      value: 100
  - name: "CONST   "
    first_pair:
      row_name: ROW00077
      value: 200
    second_pair:
      row_name: ROW00078
      value: 100
  - name: "CONST   "
    first_pair:
      row_name: ROW00088
      value: 200
    second_pair:
      row_name: ROW00089
      value: 100
  - name: "CONST   "
    first_pair:
      row_name: ROW00099
      value: 200
    second_pair:
      row_name: ROW00100
      value: 100
ranges: ~
bounds: ~

